Archive member included to satisfy reference by file (symbol)

/usr/lib/gcc/arm-none-eabi/8.2.0/../../../../arm-none-eabi/lib/thumb/v7-m/nofp/libc_nano.a(lib_a-atexit.o)
                              /usr/lib/gcc/arm-none-eabi/8.2.0/../../../../arm-none-eabi/lib/thumb/v7-m/nofp/crt0.o (atexit)
/usr/lib/gcc/arm-none-eabi/8.2.0/../../../../arm-none-eabi/lib/thumb/v7-m/nofp/libc_nano.a(lib_a-exit.o)
                              /usr/lib/gcc/arm-none-eabi/8.2.0/../../../../arm-none-eabi/lib/thumb/v7-m/nofp/crt0.o (exit)
/usr/lib/gcc/arm-none-eabi/8.2.0/../../../../arm-none-eabi/lib/thumb/v7-m/nofp/libc_nano.a(lib_a-fini.o)
                              /usr/lib/gcc/arm-none-eabi/8.2.0/../../../../arm-none-eabi/lib/thumb/v7-m/nofp/crt0.o (__libc_fini_array)
/usr/lib/gcc/arm-none-eabi/8.2.0/../../../../arm-none-eabi/lib/thumb/v7-m/nofp/libc_nano.a(lib_a-impure.o)
                              /usr/lib/gcc/arm-none-eabi/8.2.0/../../../../arm-none-eabi/lib/thumb/v7-m/nofp/libc_nano.a(lib_a-exit.o) (_global_impure_ptr)
/usr/lib/gcc/arm-none-eabi/8.2.0/../../../../arm-none-eabi/lib/thumb/v7-m/nofp/libc_nano.a(lib_a-init.o)
                              /usr/lib/gcc/arm-none-eabi/8.2.0/../../../../arm-none-eabi/lib/thumb/v7-m/nofp/crt0.o (__libc_init_array)
/usr/lib/gcc/arm-none-eabi/8.2.0/../../../../arm-none-eabi/lib/thumb/v7-m/nofp/libc_nano.a(lib_a-memcpy-stub.o)
                              build/queue.o (memcpy)
/usr/lib/gcc/arm-none-eabi/8.2.0/../../../../arm-none-eabi/lib/thumb/v7-m/nofp/libc_nano.a(lib_a-memset.o)
                              /usr/lib/gcc/arm-none-eabi/8.2.0/../../../../arm-none-eabi/lib/thumb/v7-m/nofp/crt0.o (memset)
/usr/lib/gcc/arm-none-eabi/8.2.0/../../../../arm-none-eabi/lib/thumb/v7-m/nofp/libc_nano.a(lib_a-__atexit.o)
                              /usr/lib/gcc/arm-none-eabi/8.2.0/../../../../arm-none-eabi/lib/thumb/v7-m/nofp/libc_nano.a(lib_a-atexit.o) (__register_exitproc)
/usr/lib/gcc/arm-none-eabi/8.2.0/../../../../arm-none-eabi/lib/thumb/v7-m/nofp/libc_nano.a(lib_a-__call_atexit.o)
                              /usr/lib/gcc/arm-none-eabi/8.2.0/../../../../arm-none-eabi/lib/thumb/v7-m/nofp/libc_nano.a(lib_a-__atexit.o) (__call_exitprocs)
/usr/lib/gcc/arm-none-eabi/8.2.0/../../../../arm-none-eabi/lib/thumb/v7-m/nofp/libnosys.a(_exit.o)
                              /usr/lib/gcc/arm-none-eabi/8.2.0/../../../../arm-none-eabi/lib/thumb/v7-m/nofp/libc_nano.a(lib_a-exit.o) (_exit)

Allocating common symbols
Common symbol       size              file

defaultTaskHandle   0x4               build/main.o
uwTick              0x4               build/stm32f1xx_hal.o
xQueueRegistry      0x40              build/queue.o
pFlash              0x20              build/stm32f1xx_hal_flash.o
htim1               0x40              build/stm32f1xx_hal_timebase_TIM.o

Discarded input sections

 .text          0x0000000000000000        0x0 /usr/lib/gcc/arm-none-eabi/8.2.0/thumb/v7-m/nofp/crti.o
 .data          0x0000000000000000        0x0 /usr/lib/gcc/arm-none-eabi/8.2.0/thumb/v7-m/nofp/crti.o
 .bss           0x0000000000000000        0x0 /usr/lib/gcc/arm-none-eabi/8.2.0/thumb/v7-m/nofp/crti.o
 .text          0x0000000000000000        0x0 /usr/lib/gcc/arm-none-eabi/8.2.0/thumb/v7-m/nofp/crtbegin.o
 .data          0x0000000000000000        0x0 /usr/lib/gcc/arm-none-eabi/8.2.0/thumb/v7-m/nofp/crtbegin.o
 .bss           0x0000000000000000        0x0 /usr/lib/gcc/arm-none-eabi/8.2.0/thumb/v7-m/nofp/crtbegin.o
 .data.__dso_handle
                0x0000000000000000        0x4 /usr/lib/gcc/arm-none-eabi/8.2.0/thumb/v7-m/nofp/crtbegin.o
 .text          0x0000000000000000       0x68 /usr/lib/gcc/arm-none-eabi/8.2.0/../../../../arm-none-eabi/lib/thumb/v7-m/nofp/crt0.o
 .data          0x0000000000000000        0x0 /usr/lib/gcc/arm-none-eabi/8.2.0/../../../../arm-none-eabi/lib/thumb/v7-m/nofp/crt0.o
 .bss           0x0000000000000000        0x0 /usr/lib/gcc/arm-none-eabi/8.2.0/../../../../arm-none-eabi/lib/thumb/v7-m/nofp/crt0.o
 .ARM.extab     0x0000000000000000        0x0 /usr/lib/gcc/arm-none-eabi/8.2.0/../../../../arm-none-eabi/lib/thumb/v7-m/nofp/crt0.o
 .ARM.exidx     0x0000000000000000        0x8 /usr/lib/gcc/arm-none-eabi/8.2.0/../../../../arm-none-eabi/lib/thumb/v7-m/nofp/crt0.o
 .ARM.attributes
                0x0000000000000000       0x1b /usr/lib/gcc/arm-none-eabi/8.2.0/../../../../arm-none-eabi/lib/thumb/v7-m/nofp/crt0.o
 .text          0x0000000000000000        0x0 build/event_groups.o
 .data          0x0000000000000000        0x0 build/event_groups.o
 .bss           0x0000000000000000        0x0 build/event_groups.o
 .text.prvTestWaitCondition
                0x0000000000000000       0x1c build/event_groups.o
 .text.xEventGroupCreate
                0x0000000000000000       0x1a build/event_groups.o
 .text.xEventGroupWaitBits
                0x0000000000000000      0x10c build/event_groups.o
 .text.xEventGroupClearBits
                0x0000000000000000       0x46 build/event_groups.o
[...]
Memory Configuration

Name             Origin             Length             Attributes
RAM              0x0000000020000000 0x0000000000005000 xrw
FLASH            0x0000000008000000 0x0000000000010000 xr
*default*        0x0000000000000000 0xffffffffffffffff

Linker script and memory map

LOAD /usr/lib/gcc/arm-none-eabi/8.2.0/thumb/v7-m/nofp/crti.o
LOAD /usr/lib/gcc/arm-none-eabi/8.2.0/thumb/v7-m/nofp/crtbegin.o
LOAD /usr/lib/gcc/arm-none-eabi/8.2.0/../../../../arm-none-eabi/lib/thumb/v7-m/nofp/crt0.o
LOAD build/event_groups.o
LOAD build/stm32f1xx_hal_gpio.o
LOAD build/stm32f1xx_hal_gpio_ex.o
LOAD build/stm32f1xx_ll_utils.o
LOAD build/stm32f1xx_hal_dma.o
LOAD build/stm32f1xx_hal_cortex.o
LOAD build/queue.o
LOAD build/cmsis_os.o
LOAD build/system_stm32f1xx.o
LOAD build/stm32f1xx_ll_usart.o
LOAD build/freertos.o
LOAD build/stm32f1xx_hal_flash_ex.o
LOAD build/stm32f1xx_hal.o
LOAD build/croutine.o
LOAD build/stm32f1xx_hal_rcc.o
LOAD build/stm32f1xx_it.o
LOAD build/stm32f1xx_hal_flash.o
LOAD build/stm32f1xx_hal_tim_ex.o
LOAD build/heap_4.o
LOAD build/stm32f1xx_hal_pwr.o
LOAD build/stm32f1xx_ll_spi.o
LOAD build/stm32f1xx_ll_dma.o
LOAD build/stm32f1xx_ll_rcc.o
LOAD build/stm32f1xx_ll_exti.o
LOAD build/stm32f1xx_hal_rcc_ex.o
LOAD build/freertos.o
LOAD build/stm32f1xx_hal_timebase_TIM.o
LOAD build/tasks.o
LOAD build/stm32f1xx_ll_gpio.o
LOAD build/stm32f1xx_hal_tim.o
LOAD build/list.o
LOAD build/timers.o
LOAD build/port.o
LOAD build/stm32f1xx_hal_msp.o
LOAD build/main.o
LOAD build/startup_stm32f103xb.o
LOAD /usr/lib/gcc/arm-none-eabi/8.2.0/../../../../arm-none-eabi/lib/thumb/v7-m/nofp/libc_nano.a
LOAD /usr/lib/gcc/arm-none-eabi/8.2.0/../../../../arm-none-eabi/lib/thumb/v7-m/nofp/libm.a
LOAD /usr/lib/gcc/arm-none-eabi/8.2.0/../../../../arm-none-eabi/lib/thumb/v7-m/nofp/libnosys.a
START GROUP
LOAD /usr/lib/gcc/arm-none-eabi/8.2.0/thumb/v7-m/nofp/libgcc.a
LOAD /usr/lib/gcc/arm-none-eabi/8.2.0/../../../../arm-none-eabi/lib/thumb/v7-m/nofp/libc_nano.a
END GROUP
START GROUP
LOAD /usr/lib/gcc/arm-none-eabi/8.2.0/thumb/v7-m/nofp/libgcc.a
LOAD /usr/lib/gcc/arm-none-eabi/8.2.0/../../../../arm-none-eabi/lib/thumb/v7-m/nofp/libc_nano.a
END GROUP
LOAD /usr/lib/gcc/arm-none-eabi/8.2.0/thumb/v7-m/nofp/crtend.o
LOAD /usr/lib/gcc/arm-none-eabi/8.2.0/thumb/v7-m/nofp/crtn.o
                0x0000000020005000                _estack = 0x20005000
                0x0000000000000200                _Min_Heap_Size = 0x200
                0x0000000000000400                _Min_Stack_Size = 0x400

.isr_vector     0x0000000008000000      0x10c
                0x0000000008000000                . = ALIGN (0x4)
 *(.isr_vector)
 .isr_vector    0x0000000008000000      0x10c build/startup_stm32f103xb.o
                0x0000000008000000                g_pfnVectors
                0x000000000800010c                . = ALIGN (0x4)

.text           0x0000000008000110     0x17d8
                0x0000000008000110                . = ALIGN (0x4)
 *(.text)
 *(.text*)
 .text.__do_global_dtors_aux
                0x0000000008000110       0x24 /usr/lib/gcc/arm-none-eabi/8.2.0/thumb/v7-m/nofp/crtbegin.o
 .text.frame_dummy
                0x0000000008000134       0x1c /usr/lib/gcc/arm-none-eabi/8.2.0/thumb/v7-m/nofp/crtbegin.o
 .text.LL_Init1msTick
                0x0000000008000150       0x20 build/stm32f1xx_ll_utils.o
                0x0000000008000150                LL_Init1msTick
 .text.LL_SetSystemCoreClock
                0x0000000008000170        0xc build/stm32f1xx_ll_utils.o
                0x0000000008000170                LL_SetSystemCoreClock
 .text.HAL_NVIC_SetPriorityGrouping
                0x000000000800017c       0x24 build/stm32f1xx_hal_cortex.o
                0x000000000800017c                HAL_NVIC_SetPriorityGrouping
 .text.HAL_NVIC_SetPriority
                0x00000000080001a0       0x68 build/stm32f1xx_hal_cortex.o
                0x00000000080001a0                HAL_NVIC_SetPriority
 .text.HAL_NVIC_EnableIRQ
                0x0000000008000208       0x18 build/stm32f1xx_hal_cortex.o
                0x0000000008000208                HAL_NVIC_EnableIRQ
 .text.makeFreeRtosPriority
                0x0000000008000220        0xc build/cmsis_os.o
 .text.osKernelStart
                0x000000000800022c        0xa build/cmsis_os.o
                0x000000000800022c                osKernelStart
 .text.osThreadCreate
                0x0000000008000236       0x34 build/cmsis_os.o
                0x0000000008000236                osThreadCreate
 .text.osDelay  0x000000000800026a       0x12 build/cmsis_os.o
                0x000000000800026a                osDelay
 .text.osSystickHandler
                0x000000000800027c       0x12 build/cmsis_os.o
                0x000000000800027c                osSystickHandler
 *fill*         0x000000000800028e        0x2 
 .text.SystemInit
                0x0000000008000290       0x4c build/system_stm32f1xx.o
                0x0000000008000290                SystemInit
 .text.LL_USART_Init
                0x00000000080002dc       0xcc build/stm32f1xx_ll_usart.o
                0x00000000080002dc                LL_USART_Init
 .text.HAL_Init
                0x00000000080003a8       0x24 build/stm32f1xx_hal.o
                0x00000000080003a8                HAL_Init
 .text.HAL_IncTick
                0x00000000080003cc       0x18 build/stm32f1xx_hal.o
                0x00000000080003cc                HAL_IncTick
 .text.HAL_RCC_GetHCLKFreq
                0x00000000080003e4        0xc build/stm32f1xx_hal_rcc.o
                0x00000000080003e4                HAL_RCC_GetHCLKFreq
 .text.HAL_RCC_GetPCLK2Freq
                0x00000000080003f0       0x20 build/stm32f1xx_hal_rcc.o
                0x00000000080003f0                HAL_RCC_GetPCLK2Freq
 .text.HAL_RCC_GetClockConfig
                0x0000000008000410       0x3c build/stm32f1xx_hal_rcc.o
                0x0000000008000410                HAL_RCC_GetClockConfig
 .text.NMI_Handler
                0x000000000800044c        0x2 build/stm32f1xx_it.o
                0x000000000800044c                NMI_Handler
 .text.HardFault_Handler
                0x000000000800044e        0x2 build/stm32f1xx_it.o
                0x000000000800044e                HardFault_Handler
 .text.MemManage_Handler
                0x0000000008000450        0x2 build/stm32f1xx_it.o
                0x0000000008000450                MemManage_Handler
 .text.BusFault_Handler
                0x0000000008000452        0x2 build/stm32f1xx_it.o
                0x0000000008000452                BusFault_Handler
 .text.UsageFault_Handler
                0x0000000008000454        0x2 build/stm32f1xx_it.o
                0x0000000008000454                UsageFault_Handler
 .text.DebugMon_Handler
                0x0000000008000456        0x2 build/stm32f1xx_it.o
                0x0000000008000456                DebugMon_Handler
 .text.SysTick_Handler
                0x0000000008000458        0x8 build/stm32f1xx_it.o
                0x0000000008000458                SysTick_Handler
 .text.TIM1_UP_IRQHandler
                0x0000000008000460       0x10 build/stm32f1xx_it.o
                0x0000000008000460                TIM1_UP_IRQHandler
 .text.HAL_TIMEx_CommutationCallback
                0x0000000008000470        0x2 build/stm32f1xx_hal_tim_ex.o
                0x0000000008000470                HAL_TIMEx_CommutationCallback
 .text.HAL_TIMEx_BreakCallback
                0x0000000008000472        0x2 build/stm32f1xx_hal_tim_ex.o
                0x0000000008000472                HAL_TIMEx_BreakCallback
 .text.prvHeapInit
                0x0000000008000474       0x64 build/heap_4.o
 .text.prvInsertBlockIntoFreeList
                0x00000000080004d8       0x58 build/heap_4.o
 .text.pvPortMalloc
                0x0000000008000530      0x108 build/heap_4.o
                0x0000000008000530                pvPortMalloc
 .text.vPortFree
                0x0000000008000638       0x70 build/heap_4.o
                0x0000000008000638                vPortFree
 .text.LL_SPI_Init
                0x00000000080006a8       0x60 build/stm32f1xx_ll_spi.o
                0x00000000080006a8                LL_SPI_Init
 .text.RCC_GetHCLKClockFreq
                0x0000000008000708       0x18 build/stm32f1xx_ll_rcc.o
                0x0000000008000708                RCC_GetHCLKClockFreq
 .text.RCC_GetPCLK1ClockFreq
                0x0000000008000720       0x18 build/stm32f1xx_ll_rcc.o
                0x0000000008000720                RCC_GetPCLK1ClockFreq
 .text.RCC_GetPCLK2ClockFreq
                0x0000000008000738       0x18 build/stm32f1xx_ll_rcc.o
                0x0000000008000738                RCC_GetPCLK2ClockFreq
 .text.RCC_PLL_GetFreqDomain_SYS
                0x0000000008000750       0x3c build/stm32f1xx_ll_rcc.o
                0x0000000008000750                RCC_PLL_GetFreqDomain_SYS
 .text.RCC_GetSystemClockFreq
                0x000000000800078c       0x20 build/stm32f1xx_ll_rcc.o
                0x000000000800078c                RCC_GetSystemClockFreq
 .text.LL_RCC_GetSystemClocksFreq
                0x00000000080007ac       0x20 build/stm32f1xx_ll_rcc.o
                0x00000000080007ac                LL_RCC_GetSystemClocksFreq
 .text.HAL_InitTick
                0x00000000080007cc       0x78 build/stm32f1xx_hal_timebase_TIM.o
                0x00000000080007cc                HAL_InitTick
 .text.prvResetNextTaskUnblockTime
                0x0000000008000844       0x2c build/tasks.o
 .text.prvDeleteTCB
                0x0000000008000870       0x12 build/tasks.o
 .text.prvInitialiseNewTask
                0x0000000008000882       0x7e build/tasks.o
 .text.prvInitialiseTaskLists
                0x0000000008000900       0x68 build/tasks.o
 .text.prvAddNewTaskToReadyList
                0x0000000008000968       0xa8 build/tasks.o
 .text.prvAddCurrentTaskToDelayedList
                0x0000000008000a10       0x98 build/tasks.o
 .text.xTaskCreate
                0x0000000008000aa8       0x62 build/tasks.o
                0x0000000008000aa8                xTaskCreate
 *fill*         0x0000000008000b0a        0x2 
 .text.vTaskStartScheduler
                0x0000000008000b0c       0x7c build/tasks.o
                0x0000000008000b0c                vTaskStartScheduler
 .text.vTaskSuspendAll
                0x0000000008000b88       0x10 build/tasks.o
                0x0000000008000b88                vTaskSuspendAll
 .text.xTaskIncrementTick
                0x0000000008000b98      0x118 build/tasks.o
                0x0000000008000b98                xTaskIncrementTick
 .text.xTaskResumeAll
                0x0000000008000cb0       0xfc build/tasks.o
                0x0000000008000cb0                xTaskResumeAll
 .text.vTaskDelay
                0x0000000008000dac       0x4c build/tasks.o
                0x0000000008000dac                vTaskDelay
 .text.prvCheckTasksWaitingTermination
                0x0000000008000df8       0x5c build/tasks.o
 .text.prvIdleTask
                0x0000000008000e54       0x28 build/tasks.o
 .text.vTaskSwitchContext
                0x0000000008000e7c       0x98 build/tasks.o
                0x0000000008000e7c                vTaskSwitchContext
 .text.xTaskGetSchedulerState
                0x0000000008000f14       0x20 build/tasks.o
                0x0000000008000f14                xTaskGetSchedulerState
 .text.LL_GPIO_Init
                0x0000000008000f34       0xf4 build/stm32f1xx_ll_gpio.o
                0x0000000008000f34                LL_GPIO_Init
 .text.HAL_TIM_Base_MspInit
                0x0000000008001028        0x2 build/stm32f1xx_hal_tim.o
                0x0000000008001028                HAL_TIM_Base_MspInit
 .text.HAL_TIM_Base_Start_IT
                0x000000000800102a       0x18 build/stm32f1xx_hal_tim.o
                0x000000000800102a                HAL_TIM_Base_Start_IT
 .text.HAL_TIM_OC_DelayElapsedCallback
                0x0000000008001042        0x2 build/stm32f1xx_hal_tim.o
                0x0000000008001042                HAL_TIM_OC_DelayElapsedCallback
 .text.HAL_TIM_IC_CaptureCallback
                0x0000000008001044        0x2 build/stm32f1xx_hal_tim.o
                0x0000000008001044                HAL_TIM_IC_CaptureCallback
 .text.HAL_TIM_PWM_PulseFinishedCallback
                0x0000000008001046        0x2 build/stm32f1xx_hal_tim.o
                0x0000000008001046                HAL_TIM_PWM_PulseFinishedCallback
 .text.HAL_TIM_TriggerCallback
                0x0000000008001048        0x2 build/stm32f1xx_hal_tim.o
                0x0000000008001048                HAL_TIM_TriggerCallback
 .text.HAL_TIM_IRQHandler
                0x000000000800104a      0x17a build/stm32f1xx_hal_tim.o
                0x000000000800104a                HAL_TIM_IRQHandler
 .text.TIM_Base_SetConfig
                0x00000000080011c4       0x74 build/stm32f1xx_hal_tim.o
                0x00000000080011c4                TIM_Base_SetConfig
 .text.HAL_TIM_Base_Init
                0x0000000008001238       0x34 build/stm32f1xx_hal_tim.o
                0x0000000008001238                HAL_TIM_Base_Init
 .text.vListInitialise
                0x000000000800126c       0x16 build/list.o
                0x000000000800126c                vListInitialise
 .text.vListInitialiseItem
                0x0000000008001282        0x6 build/list.o
                0x0000000008001282                vListInitialiseItem
 .text.vListInsertEnd
                0x0000000008001288       0x16 build/list.o
                0x0000000008001288                vListInsertEnd
 .text.vListInsert
                0x000000000800129e       0x34 build/list.o
                0x000000000800129e                vListInsert
 .text.uxListRemove
                0x00000000080012d2       0x24 build/list.o
                0x00000000080012d2                uxListRemove
 *fill*         0x00000000080012f6        0x2 
 .text.prvTaskExitError
                0x00000000080012f8       0x34 build/port.o
 .text.prvPortStartFirstTask
                0x000000000800132c       0x20 build/port.o
 .text.pxPortInitialiseStack
                0x000000000800134c       0x24 build/port.o
                0x000000000800134c                pxPortInitialiseStack
 .text.SVC_Handler
                0x0000000008001370       0x24 build/port.o
                0x0000000008001370                SVC_Handler
 .text.vPortEnterCritical
                0x0000000008001394       0x44 build/port.o
                0x0000000008001394                vPortEnterCritical
 .text.vPortExitCritical
                0x00000000080013d8       0x2c build/port.o
                0x00000000080013d8                vPortExitCritical
 *fill*         0x0000000008001404        0xc 
 .text.PendSV_Handler
                0x0000000008001410       0x44 build/port.o
                0x0000000008001410                PendSV_Handler
 .text.xPortSysTickHandler
                0x0000000008001454       0x2c build/port.o
                0x0000000008001454                xPortSysTickHandler
 .text.vPortSetupTimerInterrupt
                0x0000000008001480       0x2c build/port.o
                0x0000000008001480                vPortSetupTimerInterrupt
 .text.xPortStartScheduler
                0x00000000080014ac       0x98 build/port.o
                0x00000000080014ac                xPortStartScheduler
 .text.HAL_MspInit
                0x0000000008001544       0x90 build/stm32f1xx_hal_msp.o
                0x0000000008001544                HAL_MspInit
 .text.MX_GPIO_Init
                0x00000000080015d4       0x20 build/main.o
 .text.MX_SPI1_Init
                0x00000000080015f4       0x80 build/main.o
 .text.MX_USART2_UART_Init
                0x0000000008001674       0x8c build/main.o
 .text.StartDefaultTask
                0x0000000008001700        0xa build/main.o
                0x0000000008001700                StartDefaultTask
 *fill*         0x000000000800170a        0x2 
 .text.HAL_TIM_PeriodElapsedCallback
                0x000000000800170c       0x18 build/main.o
                0x000000000800170c                HAL_TIM_PeriodElapsedCallback
 .text._Error_Handler
                0x0000000008001724        0x2 build/main.o
                0x0000000008001724                _Error_Handler
 *fill*         0x0000000008001726        0x2 
 .text.SystemClock_Config
                0x0000000008001728       0xd4 build/main.o
                0x0000000008001728                SystemClock_Config
 .text.main     0x00000000080017fc       0x40 build/main.o
                0x00000000080017fc                main
 .text.Reset_Handler
                0x000000000800183c       0x48 build/startup_stm32f103xb.o
                0x000000000800183c                Reset_Handler
 .text.Default_Handler
                0x0000000008001884        0x2 build/startup_stm32f103xb.o
                0x0000000008001884                RTC_Alarm_IRQHandler
                0x0000000008001884                EXTI2_IRQHandler
                0x0000000008001884                TIM1_CC_IRQHandler
                0x0000000008001884                PVD_IRQHandler
                0x0000000008001884                EXTI3_IRQHandler
                0x0000000008001884                EXTI0_IRQHandler
                0x0000000008001884                I2C2_EV_IRQHandler
                0x0000000008001884                ADC1_2_IRQHandler
                0x0000000008001884                SPI1_IRQHandler
                0x0000000008001884                TAMPER_IRQHandler
                0x0000000008001884                DMA1_Channel4_IRQHandler
                0x0000000008001884                USART3_IRQHandler
                0x0000000008001884                RTC_IRQHandler
                0x0000000008001884                DMA1_Channel7_IRQHandler
                0x0000000008001884                CAN1_RX1_IRQHandler
                0x0000000008001884                TIM4_IRQHandler
                0x0000000008001884                I2C1_EV_IRQHandler
                0x0000000008001884                DMA1_Channel6_IRQHandler
                0x0000000008001884                TIM3_IRQHandler
                0x0000000008001884                RCC_IRQHandler
                0x0000000008001884                TIM1_TRG_COM_IRQHandler
                0x0000000008001884                DMA1_Channel1_IRQHandler
                0x0000000008001884                Default_Handler
                0x0000000008001884                EXTI15_10_IRQHandler
                0x0000000008001884                EXTI9_5_IRQHandler
                0x0000000008001884                SPI2_IRQHandler
                0x0000000008001884                DMA1_Channel5_IRQHandler
                0x0000000008001884                EXTI4_IRQHandler
                0x0000000008001884                USB_LP_CAN1_RX0_IRQHandler
                0x0000000008001884                USB_HP_CAN1_TX_IRQHandler
                0x0000000008001884                DMA1_Channel3_IRQHandler
                0x0000000008001884                WWDG_IRQHandler
                0x0000000008001884                TIM2_IRQHandler
                0x0000000008001884                TIM1_BRK_IRQHandler
                0x0000000008001884                EXTI1_IRQHandler
                0x0000000008001884                USART2_IRQHandler
                0x0000000008001884                I2C2_ER_IRQHandler
                0x0000000008001884                DMA1_Channel2_IRQHandler
                0x0000000008001884                CAN1_SCE_IRQHandler
                0x0000000008001884                FLASH_IRQHandler
                0x0000000008001884                USART1_IRQHandler
                0x0000000008001884                I2C1_ER_IRQHandler
                0x0000000008001884                USBWakeUp_IRQHandler
 *fill*         0x0000000008001886        0x2 
 .text.__libc_init_array
                0x0000000008001888       0x48 /usr/lib/gcc/arm-none-eabi/8.2.0/../../../../arm-none-eabi/lib/thumb/v7-m/nofp/libc_nano.a(lib_a-init.o)
                0x0000000008001888                __libc_init_array
 *(.glue_7)
 .glue_7        0x00000000080018d0        0x0 linker stubs
 *(.glue_7t)
 .glue_7t       0x00000000080018d0        0x0 linker stubs
 *(.eh_frame)
 .eh_frame      0x00000000080018d0        0x0 /usr/lib/gcc/arm-none-eabi/8.2.0/thumb/v7-m/nofp/crtbegin.o
 *(.init)
 .init          0x00000000080018d0        0x4 /usr/lib/gcc/arm-none-eabi/8.2.0/thumb/v7-m/nofp/crti.o
                0x00000000080018d0                _init
 .init          0x00000000080018d4        0x8 /usr/lib/gcc/arm-none-eabi/8.2.0/thumb/v7-m/nofp/crtn.o
 *(.fini)
 .fini          0x00000000080018dc        0x4 /usr/lib/gcc/arm-none-eabi/8.2.0/thumb/v7-m/nofp/crti.o
                0x00000000080018dc                _fini
 .fini          0x00000000080018e0        0x8 /usr/lib/gcc/arm-none-eabi/8.2.0/thumb/v7-m/nofp/crtn.o
                0x00000000080018e8                . = ALIGN (0x4)
                0x00000000080018e8                _etext = .

.vfp11_veneer   0x00000000080018e8        0x0
 .vfp11_veneer  0x00000000080018e8        0x0 linker stubs

.v4_bx          0x00000000080018e8        0x0
 .v4_bx         0x00000000080018e8        0x0 linker stubs

.iplt           0x00000000080018e8        0x0
 .iplt          0x00000000080018e8        0x0 /usr/lib/gcc/arm-none-eabi/8.2.0/thumb/v7-m/nofp/crtbegin.o

.rodata         0x00000000080018e8       0x4c
                0x00000000080018e8                . = ALIGN (0x4)
 *(.rodata)
 .rodata        0x00000000080018e8       0x14 build/main.o
 *(.rodata*)
 .rodata.AHBPrescTable
                0x00000000080018fc       0x10 build/system_stm32f1xx.o
                0x00000000080018fc                AHBPrescTable
 .rodata.APBPrescTable
                0x000000000800190c        0x8 build/system_stm32f1xx.o
                0x000000000800190c                APBPrescTable
 .rodata.vTaskStartScheduler.str1.4
                0x0000000008001914        0x5 build/tasks.o
 *fill*         0x0000000008001919        0x3 
 .rodata.SystemClock_Config.str1.4
                0x000000000800191c        0xb build/main.o
 *fill*         0x0000000008001927        0x1 
 .rodata.str1.4
                0x0000000008001928        0xc build/main.o
                0x0000000008001934                . = ALIGN (0x4)

.rel.dyn        0x0000000008001934        0x0
 .rel.iplt      0x0000000008001934        0x0 /usr/lib/gcc/arm-none-eabi/8.2.0/thumb/v7-m/nofp/crtbegin.o

.ARM.extab
 *(.ARM.extab* .gnu.linkonce.armextab.*)

.ARM            0x0000000008001934        0x0
                0x0000000008001934                __exidx_start = .
 *(.ARM.exidx*)
                0x0000000008001934                __exidx_end = .

.preinit_array  0x0000000008001934        0x0
                0x0000000008001934                PROVIDE (__preinit_array_start = .)
 *(.preinit_array*)
                0x0000000008001934                PROVIDE (__preinit_array_end = .)

.init_array     0x0000000008001934        0x4
                0x0000000008001934                PROVIDE (__init_array_start = .)
 *(SORT_BY_NAME(.init_array.*))
 *(.init_array*)
 .init_array    0x0000000008001934        0x4 /usr/lib/gcc/arm-none-eabi/8.2.0/thumb/v7-m/nofp/crtbegin.o
                0x0000000008001938                PROVIDE (__init_array_end = .)

.fini_array     0x0000000008001938        0x4
                0x0000000008001938                PROVIDE (__fini_array_start = .)
 *(SORT_BY_NAME(.fini_array.*))
 *(.fini_array*)
 .fini_array    0x0000000008001938        0x4 /usr/lib/gcc/arm-none-eabi/8.2.0/thumb/v7-m/nofp/crtbegin.o
                0x000000000800193c                PROVIDE (__fini_array_end = .)
                0x000000000800193c                _sidata = LOADADDR (.data)

.data           0x0000000020000000        0xc load address 0x000000000800193c
                0x0000000020000000                . = ALIGN (0x4)
                0x0000000020000000                _sdata = .
 *(.data)
 *(.data*)
 .data.SystemCoreClock
                0x0000000020000000        0x4 build/system_stm32f1xx.o
                0x0000000020000000                SystemCoreClock
 .data.uwTickFreq
                0x0000000020000004        0x1 build/stm32f1xx_hal.o
                0x0000000020000004                uwTickFreq
 *fill*         0x0000000020000005        0x3 
 .data.uxCriticalNesting
                0x0000000020000008        0x4 build/port.o
                0x000000002000000c                . = ALIGN (0x4)
                0x000000002000000c                _edata = .

.igot.plt       0x000000002000000c        0x0 load address 0x0000000008001948
 .igot.plt      0x000000002000000c        0x0 /usr/lib/gcc/arm-none-eabi/8.2.0/thumb/v7-m/nofp/crtbegin.o
                0x000000002000000c                . = ALIGN (0x4)

.bss            0x000000002000000c      0xdb0 load address 0x0000000008001948
                0x000000002000000c                _sbss = .
                0x000000002000000c                __bss_start__ = _sbss
 *(.bss)
 *(.bss*)
 .bss.completed.8856
                0x000000002000000c        0x1 /usr/lib/gcc/arm-none-eabi/8.2.0/thumb/v7-m/nofp/crtbegin.o
 *fill*         0x000000002000000d        0x3 
 .bss.object.8861
                0x0000000020000010       0x18 /usr/lib/gcc/arm-none-eabi/8.2.0/thumb/v7-m/nofp/crtbegin.o
 .bss.pxEnd     0x0000000020000028        0x4 build/heap_4.o
 .bss.ucHeap    0x000000002000002c      0xc00 build/heap_4.o
 .bss.xBlockAllocatedBit
                0x0000000020000c2c        0x4 build/heap_4.o
 .bss.xFreeBytesRemaining
                0x0000000020000c30        0x4 build/heap_4.o
 .bss.xMinimumEverFreeBytesRemaining
                0x0000000020000c34        0x4 build/heap_4.o
 .bss.xStart    0x0000000020000c38        0x8 build/heap_4.o
 .bss.pxCurrentTCB
                0x0000000020000c40        0x4 build/tasks.o
                0x0000000020000c40                pxCurrentTCB
 .bss.pxDelayedTaskList
                0x0000000020000c44        0x4 build/tasks.o
 .bss.pxOverflowDelayedTaskList
                0x0000000020000c48        0x4 build/tasks.o
 .bss.pxReadyTasksLists
                0x0000000020000c4c       0x8c build/tasks.o
 .bss.uxCurrentNumberOfTasks
                0x0000000020000cd8        0x4 build/tasks.o
 .bss.uxDeletedTasksWaitingCleanUp
                0x0000000020000cdc        0x4 build/tasks.o
 .bss.uxPendedTicks
                0x0000000020000ce0        0x4 build/tasks.o
 .bss.uxSchedulerSuspended
                0x0000000020000ce4        0x4 build/tasks.o
 .bss.uxTaskNumber
                0x0000000020000ce8        0x4 build/tasks.o
 .bss.uxTopReadyPriority
                0x0000000020000cec        0x4 build/tasks.o
 .bss.xDelayedTaskList1
                0x0000000020000cf0       0x14 build/tasks.o
 .bss.xDelayedTaskList2
                0x0000000020000d04       0x14 build/tasks.o
 .bss.xIdleTaskHandle
                0x0000000020000d18        0x4 build/tasks.o
 .bss.xNextTaskUnblockTime
                0x0000000020000d1c        0x4 build/tasks.o
 .bss.xNumOfOverflows
                0x0000000020000d20        0x4 build/tasks.o
 .bss.xPendingReadyList
                0x0000000020000d24       0x14 build/tasks.o
 .bss.xSchedulerRunning
                0x0000000020000d38        0x4 build/tasks.o
 .bss.xSuspendedTaskList
                0x0000000020000d3c       0x14 build/tasks.o
 .bss.xTasksWaitingTermination
                0x0000000020000d50       0x14 build/tasks.o
 .bss.xTickCount
                0x0000000020000d64        0x4 build/tasks.o
 .bss.xYieldPending
                0x0000000020000d68        0x4 build/tasks.o
 .bss.ucMaxSysCallPriority
                0x0000000020000d6c        0x1 build/port.o
 *fill*         0x0000000020000d6d        0x3 
 .bss.ulMaxPRIGROUPValue
                0x0000000020000d70        0x4 build/port.o
 *(COMMON)
 COMMON         0x0000000020000d74        0x4 build/stm32f1xx_hal.o
                0x0000000020000d74                uwTick
 COMMON         0x0000000020000d78       0x40 build/stm32f1xx_hal_timebase_TIM.o
                0x0000000020000d78                htim1
 COMMON         0x0000000020000db8        0x4 build/main.o
                0x0000000020000db8                defaultTaskHandle
                0x0000000020000dbc                . = ALIGN (0x4)
                0x0000000020000dbc                _ebss = .
                0x0000000020000dbc                __bss_end__ = _ebss

._user_heap_stack
                0x0000000020000dbc      0x604 load address 0x0000000008001948
                0x0000000020000dc0                . = ALIGN (0x8)
 *fill*         0x0000000020000dbc        0x4 
                [!provide]                        PROVIDE (end = .)
                [!provide]                        PROVIDE (_end = .)
                0x0000000020000fc0                . = (. + _Min_Heap_Size)
 *fill*         0x0000000020000dc0      0x200 
                0x00000000200013c0                . = (. + _Min_Stack_Size)
 *fill*         0x0000000020000fc0      0x400 
                0x00000000200013c0                . = ALIGN (0x8)

/DISCARD/
 libc.a(*)
 libm.a(*)
 libgcc.a(*)

.ARM.attributes
                0x0000000000000000       0x29
 *(.ARM.attributes)
 .ARM.attributes
                0x0000000000000000       0x1d /usr/lib/gcc/arm-none-eabi/8.2.0/thumb/v7-m/nofp/crti.o
 .ARM.attributes
                0x000000000000001d       0x2d /usr/lib/gcc/arm-none-eabi/8.2.0/thumb/v7-m/nofp/crtbegin.o
 .ARM.attributes
                0x000000000000004a       0x2d build/stm32f1xx_ll_utils.o
 .ARM.attributes
                0x0000000000000077       0x2d build/stm32f1xx_hal_cortex.o
 .ARM.attributes
                0x00000000000000a4       0x2d build/cmsis_os.o
 .ARM.attributes
                0x00000000000000d1       0x2d build/system_stm32f1xx.o
 .ARM.attributes
                0x00000000000000fe       0x2d build/stm32f1xx_ll_usart.o
 .ARM.attributes
                0x000000000000012b       0x2d build/stm32f1xx_hal.o
 .ARM.attributes
                0x0000000000000158       0x2d build/stm32f1xx_hal_rcc.o
 .ARM.attributes
                0x0000000000000185       0x2d build/stm32f1xx_it.o
 .ARM.attributes
                0x00000000000001b2       0x2d build/stm32f1xx_hal_tim_ex.o
 .ARM.attributes
                0x00000000000001df       0x2d build/heap_4.o
 .ARM.attributes
                0x000000000000020c       0x2d build/stm32f1xx_ll_spi.o
 .ARM.attributes
                0x0000000000000239       0x2d build/stm32f1xx_ll_rcc.o
 .ARM.attributes
                0x0000000000000266       0x2d build/stm32f1xx_hal_timebase_TIM.o
 .ARM.attributes
                0x0000000000000293       0x2d build/tasks.o
 .ARM.attributes
                0x00000000000002c0       0x2d build/stm32f1xx_ll_gpio.o
 .ARM.attributes
                0x00000000000002ed       0x2d build/stm32f1xx_hal_tim.o
 .ARM.attributes
                0x000000000000031a       0x2d build/list.o
 .ARM.attributes
                0x0000000000000347       0x2d build/port.o
 .ARM.attributes
                0x0000000000000374       0x2d build/stm32f1xx_hal_msp.o
 .ARM.attributes
                0x00000000000003a1       0x2d build/main.o
 .ARM.attributes
                0x00000000000003ce       0x21 build/startup_stm32f103xb.o
 .ARM.attributes
                0x00000000000003ef       0x2d /usr/lib/gcc/arm-none-eabi/8.2.0/../../../../arm-none-eabi/lib/thumb/v7-m/nofp/libc_nano.a(lib_a-init.o)
 .ARM.attributes
                0x000000000000041c       0x1d /usr/lib/gcc/arm-none-eabi/8.2.0/thumb/v7-m/nofp/crtn.o
OUTPUT(build/furutaPendulum.elf elf32-littlearm)

.debug_info     0x0000000000000000    0x1e5ca
 .debug_info    0x0000000000000000     0x14d2 build/stm32f1xx_ll_utils.o
 .debug_info    0x00000000000014d2     0x1834 build/stm32f1xx_hal_cortex.o
 .debug_info    0x0000000000002d06     0x294a build/cmsis_os.o
 .debug_info    0x0000000000005650      0xe23 build/system_stm32f1xx.o
 .debug_info    0x0000000000006473     0x124b build/stm32f1xx_ll_usart.o
 .debug_info    0x00000000000076be     0x1233 build/stm32f1xx_hal.o
 .debug_info    0x00000000000088f1     0x14e3 build/stm32f1xx_hal_rcc.o
 .debug_info    0x0000000000009dd4     0x110a build/stm32f1xx_it.o
 .debug_info    0x000000000000aede     0x1f76 build/stm32f1xx_hal_tim_ex.o
 .debug_info    0x000000000000ce54      0xf15 build/heap_4.o
 .debug_info    0x000000000000dd69      0xf86 build/stm32f1xx_ll_spi.o
 .debug_info    0x000000000000ecef     0x11c1 build/stm32f1xx_ll_rcc.o
 .debug_info    0x000000000000feb0     0x1464 build/stm32f1xx_hal_timebase_TIM.o
 .debug_info    0x0000000000011314     0x30a2 build/tasks.o
 .debug_info    0x00000000000143b6     0x13a5 build/stm32f1xx_ll_gpio.o
 .debug_info    0x000000000001575b     0x3fbb build/stm32f1xx_hal_tim.o
 .debug_info    0x0000000000019716      0xd45 build/list.o
 .debug_info    0x000000000001a45b      0xf8a build/port.o
 .debug_info    0x000000000001b3e5      0xea5 build/stm32f1xx_hal_msp.o
 .debug_info    0x000000000001c28a     0x231e build/main.o
 .debug_info    0x000000000001e5a8       0x22 build/startup_stm32f103xb.o

.debug_abbrev   0x0000000000000000     0x4458
 .debug_abbrev  0x0000000000000000      0x3da build/stm32f1xx_ll_utils.o
 .debug_abbrev  0x00000000000003da      0x46a build/stm32f1xx_hal_cortex.o
 .debug_abbrev  0x0000000000000844      0x46d build/cmsis_os.o
 .debug_abbrev  0x0000000000000cb1      0x250 build/system_stm32f1xx.o
 .debug_abbrev  0x0000000000000f01      0x395 build/stm32f1xx_ll_usart.o
 .debug_abbrev  0x0000000000001296      0x34a build/stm32f1xx_hal.o
 .debug_abbrev  0x00000000000015e0      0x397 build/stm32f1xx_hal_rcc.o
 .debug_abbrev  0x0000000000001977      0x242 build/stm32f1xx_it.o
 .debug_abbrev  0x0000000000001bb9      0x357 build/stm32f1xx_hal_tim_ex.o
 .debug_abbrev  0x0000000000001f10      0x38e build/heap_4.o
 .debug_abbrev  0x000000000000229e      0x2fe build/stm32f1xx_ll_spi.o
 .debug_abbrev  0x000000000000259c      0x39a build/stm32f1xx_ll_rcc.o
 .debug_abbrev  0x0000000000002936      0x2c8 build/stm32f1xx_hal_timebase_TIM.o
 .debug_abbrev  0x0000000000002bfe      0x475 build/tasks.o
 .debug_abbrev  0x0000000000003073      0x344 build/stm32f1xx_ll_gpio.o
 .debug_abbrev  0x00000000000033b7      0x382 build/stm32f1xx_hal_tim.o
 .debug_abbrev  0x0000000000003739      0x256 build/list.o
 .debug_abbrev  0x000000000000398f      0x3ea build/port.o
 .debug_abbrev  0x0000000000003d79      0x267 build/stm32f1xx_hal_msp.o
 .debug_abbrev  0x0000000000003fe0      0x466 build/main.o
 .debug_abbrev  0x0000000000004446       0x12 build/startup_stm32f103xb.o

.debug_loc      0x0000000000000000     0xca4c
 .debug_loc     0x0000000000000000      0x662 build/stm32f1xx_ll_utils.o
 .debug_loc     0x0000000000000662      0x76b build/stm32f1xx_hal_cortex.o
 .debug_loc     0x0000000000000dcd     0x1866 build/cmsis_os.o
 .debug_loc     0x0000000000002633       0xff build/system_stm32f1xx.o
 .debug_loc     0x0000000000002732      0x4e9 build/stm32f1xx_ll_usart.o
 .debug_loc     0x0000000000002c1b      0x1cc build/stm32f1xx_hal.o
 .debug_loc     0x0000000000002de7      0x815 build/stm32f1xx_hal_rcc.o
 .debug_loc     0x00000000000035fc       0x40 build/stm32f1xx_it.o
 .debug_loc     0x000000000000363c     0x15b2 build/stm32f1xx_hal_tim_ex.o
 .debug_loc     0x0000000000004bee      0x3a8 build/heap_4.o
 .debug_loc     0x0000000000004f96      0x247 build/stm32f1xx_ll_spi.o
 .debug_loc     0x00000000000051dd      0x33d build/stm32f1xx_ll_rcc.o
 .debug_loc     0x000000000000551a       0xcd build/stm32f1xx_hal_timebase_TIM.o
 .debug_loc     0x00000000000055e7     0x1e01 build/tasks.o
 .debug_loc     0x00000000000073e8      0x4fc build/stm32f1xx_ll_gpio.o
 .debug_loc     0x00000000000078e4     0x4b08 build/stm32f1xx_hal_tim.o
 .debug_loc     0x000000000000c3ec       0xbf build/list.o
 .debug_loc     0x000000000000c4ab      0x134 build/port.o
 .debug_loc     0x000000000000c5df       0x4d build/stm32f1xx_hal_msp.o
 .debug_loc     0x000000000000c62c      0x420 build/main.o

.debug_aranges  0x0000000000000000      0xdb0
 .debug_aranges
                0x0000000000000000       0x60 build/stm32f1xx_ll_utils.o
 .debug_aranges
                0x0000000000000060       0x90 build/stm32f1xx_hal_cortex.o
 .debug_aranges
                0x00000000000000f0      0x1d8 build/cmsis_os.o
 .debug_aranges
                0x00000000000002c8       0x28 build/system_stm32f1xx.o
 .debug_aranges
                0x00000000000002f0       0x40 build/stm32f1xx_ll_usart.o
 .debug_aranges
                0x0000000000000330       0xd0 build/stm32f1xx_hal.o
 .debug_aranges
                0x0000000000000400       0x90 build/stm32f1xx_hal_rcc.o
 .debug_aranges
                0x0000000000000490       0x58 build/stm32f1xx_it.o
 .debug_aranges
                0x00000000000004e8      0x138 build/stm32f1xx_hal_tim_ex.o
 .debug_aranges
                0x0000000000000620       0x50 build/heap_4.o
 .debug_aranges
                0x0000000000000670       0x30 build/stm32f1xx_ll_spi.o
 .debug_aranges
                0x00000000000006a0       0x60 build/stm32f1xx_ll_rcc.o
 .debug_aranges
                0x0000000000000700       0x30 build/stm32f1xx_hal_timebase_TIM.o
 .debug_aranges
                0x0000000000000730      0x190 build/tasks.o
 .debug_aranges
                0x00000000000008c0       0x30 build/stm32f1xx_ll_gpio.o
 .debug_aranges
                0x00000000000008f0      0x368 build/stm32f1xx_hal_tim.o
 .debug_aranges
                0x0000000000000c58       0x40 build/list.o
 .debug_aranges
                0x0000000000000c98       0x78 build/port.o
 .debug_aranges
                0x0000000000000d10       0x20 build/stm32f1xx_hal_msp.o
 .debug_aranges
                0x0000000000000d30       0x58 build/main.o
 .debug_aranges
                0x0000000000000d88       0x28 build/startup_stm32f103xb.o

.debug_ranges   0x0000000000000000      0xd90
 .debug_ranges  0x0000000000000000       0x50 build/stm32f1xx_ll_utils.o
 .debug_ranges  0x0000000000000050       0xc8 build/stm32f1xx_hal_cortex.o
 .debug_ranges  0x0000000000000118      0x1c8 build/cmsis_os.o
 .debug_ranges  0x00000000000002e0       0x18 build/system_stm32f1xx.o
 .debug_ranges  0x00000000000002f8       0x30 build/stm32f1xx_ll_usart.o
 .debug_ranges  0x0000000000000328       0xc0 build/stm32f1xx_hal.o
 .debug_ranges  0x00000000000003e8       0xa0 build/stm32f1xx_hal_rcc.o
 .debug_ranges  0x0000000000000488       0x48 build/stm32f1xx_it.o
 .debug_ranges  0x00000000000004d0      0x128 build/stm32f1xx_hal_tim_ex.o
 .debug_ranges  0x00000000000005f8       0x40 build/heap_4.o
 .debug_ranges  0x0000000000000638       0x20 build/stm32f1xx_ll_spi.o
 .debug_ranges  0x0000000000000658       0x50 build/stm32f1xx_ll_rcc.o
 .debug_ranges  0x00000000000006a8       0x20 build/stm32f1xx_hal_timebase_TIM.o
 .debug_ranges  0x00000000000006c8      0x228 build/tasks.o
 .debug_ranges  0x00000000000008f0       0x20 build/stm32f1xx_ll_gpio.o
 .debug_ranges  0x0000000000000910      0x358 build/stm32f1xx_hal_tim.o
 .debug_ranges  0x0000000000000c68       0x30 build/list.o
 .debug_ranges  0x0000000000000c98       0x68 build/port.o
 .debug_ranges  0x0000000000000d00       0x10 build/stm32f1xx_hal_msp.o
 .debug_ranges  0x0000000000000d10       0x60 build/main.o
 .debug_ranges  0x0000000000000d70       0x20 build/startup_stm32f103xb.o

.debug_line     0x0000000000000000     0xc161
 .debug_line    0x0000000000000000      0x6a9 build/stm32f1xx_ll_utils.o
 .debug_line    0x00000000000006a9      0x5f7 build/stm32f1xx_hal_cortex.o
 .debug_line    0x0000000000000ca0     0x11ed build/cmsis_os.o
 .debug_line    0x0000000000001e8d      0x2b5 build/system_stm32f1xx.o
 .debug_line    0x0000000000002142      0x4dd build/stm32f1xx_ll_usart.o
 .debug_line    0x000000000000261f      0x4f4 build/stm32f1xx_hal.o
 .debug_line    0x0000000000002b13      0xbb1 build/stm32f1xx_hal_rcc.o
 .debug_line    0x00000000000036c4      0x2ed build/stm32f1xx_it.o
 .debug_line    0x00000000000039b1      0xe88 build/stm32f1xx_hal_tim_ex.o
 .debug_line    0x0000000000004839      0x69c build/heap_4.o
 .debug_line    0x0000000000004ed5      0x381 build/stm32f1xx_ll_spi.o
 .debug_line    0x0000000000005256      0x58b build/stm32f1xx_ll_rcc.o
 .debug_line    0x00000000000057e1      0x2c7 build/stm32f1xx_hal_timebase_TIM.o
 .debug_line    0x0000000000005aa8     0x2011 build/tasks.o
 .debug_line    0x0000000000007ab9      0x53f build/stm32f1xx_ll_gpio.o
 .debug_line    0x0000000000007ff8     0x2e47 build/stm32f1xx_hal_tim.o
 .debug_line    0x000000000000ae3f      0x410 build/list.o
 .debug_line    0x000000000000b24f      0x5af build/port.o
 .debug_line    0x000000000000b7fe      0x1e0 build/stm32f1xx_hal_msp.o
 .debug_line    0x000000000000b9de      0x711 build/main.o
 .debug_line    0x000000000000c0ef       0x72 build/startup_stm32f103xb.o

.debug_str      0x0000000000000000     0x4d27
 .debug_str     0x0000000000000000      0x951 build/stm32f1xx_ll_utils.o
                                        0xa12 (size before relaxing)
 .debug_str     0x0000000000000951      0x5ef build/stm32f1xx_hal_cortex.o
                                        0xcd3 (size before relaxing)
 .debug_str     0x0000000000000f40      0xb3d build/cmsis_os.o
                                       0x11c3 (size before relaxing)
 .debug_str     0x0000000000001a7d       0x4a build/system_stm32f1xx.o
                                        0x6a9 (size before relaxing)
 .debug_str     0x0000000000001ac7      0x2e5 build/stm32f1xx_ll_usart.o
                                        0x924 (size before relaxing)
 .debug_str     0x0000000000001dac      0x2b8 build/stm32f1xx_hal.o
                                        0xc25 (size before relaxing)
 .debug_str     0x0000000000002064      0x31c build/stm32f1xx_hal_rcc.o
                                        0xa17 (size before relaxing)
 .debug_str     0x0000000000002380      0x41f build/stm32f1xx_it.o
                                        0xa33 (size before relaxing)
 .debug_str     0x000000000000279f      0x63b build/stm32f1xx_hal_tim_ex.o
                                       0x1011 (size before relaxing)
 .debug_str     0x0000000000002dda      0x20c build/heap_4.o
                                        0x80b (size before relaxing)
 .debug_str     0x0000000000002fe6       0xf8 build/stm32f1xx_ll_spi.o
                                        0x7d7 (size before relaxing)
 .debug_str     0x00000000000030de      0x22a build/stm32f1xx_ll_rcc.o
                                        0x95a (size before relaxing)
 .debug_str     0x0000000000003308       0x80 build/stm32f1xx_hal_timebase_TIM.o
                                        0xe34 (size before relaxing)
 .debug_str     0x0000000000003388      0x98a build/tasks.o
                                       0x121d (size before relaxing)
 .debug_str     0x0000000000003d12      0x100 build/stm32f1xx_ll_gpio.o
                                        0x79c (size before relaxing)
 .debug_str     0x0000000000003e12      0xbcf build/stm32f1xx_hal_tim.o
                                       0x176f (size before relaxing)
 .debug_str     0x00000000000049e1       0x6c build/list.o
                                        0x734 (size before relaxing)
 .debug_str     0x0000000000004a4d      0x165 build/port.o
                                        0x85d (size before relaxing)
 .debug_str     0x0000000000004bb2       0x3c build/stm32f1xx_hal_msp.o
                                        0x95b (size before relaxing)
 .debug_str     0x0000000000004bee      0x115 build/main.o
                                       0x1360 (size before relaxing)
 .debug_str     0x0000000000004d03       0x24 build/startup_stm32f103xb.o
                                         0x6d (size before relaxing)

.comment        0x0000000000000000       0x1d
 .comment       0x0000000000000000       0x1d build/stm32f1xx_ll_utils.o
                                         0x1e (size before relaxing)
 .comment       0x000000000000001d       0x1e build/stm32f1xx_hal_cortex.o
 .comment       0x000000000000001d       0x1e build/cmsis_os.o
 .comment       0x000000000000001d       0x1e build/system_stm32f1xx.o
 .comment       0x000000000000001d       0x1e build/stm32f1xx_ll_usart.o
 .comment       0x000000000000001d       0x1e build/stm32f1xx_hal.o
 .comment       0x000000000000001d       0x1e build/stm32f1xx_hal_rcc.o
 .comment       0x000000000000001d       0x1e build/stm32f1xx_it.o
 .comment       0x000000000000001d       0x1e build/stm32f1xx_hal_tim_ex.o
 .comment       0x000000000000001d       0x1e build/heap_4.o
 .comment       0x000000000000001d       0x1e build/stm32f1xx_ll_spi.o
 .comment       0x000000000000001d       0x1e build/stm32f1xx_ll_rcc.o
 .comment       0x000000000000001d       0x1e build/stm32f1xx_hal_timebase_TIM.o
 .comment       0x000000000000001d       0x1e build/tasks.o
 .comment       0x000000000000001d       0x1e build/stm32f1xx_ll_gpio.o
 .comment       0x000000000000001d       0x1e build/stm32f1xx_hal_tim.o
 .comment       0x000000000000001d       0x1e build/list.o
 .comment       0x000000000000001d       0x1e build/port.o
 .comment       0x000000000000001d       0x1e build/stm32f1xx_hal_msp.o
 .comment       0x000000000000001d       0x1e build/main.o

.debug_frame    0x0000000000000000     0x26cc
 .debug_frame   0x0000000000000000       0xe8 build/stm32f1xx_ll_utils.o
 .debug_frame   0x00000000000000e8      0x13c build/stm32f1xx_hal_cortex.o
 .debug_frame   0x0000000000000224      0x62c build/cmsis_os.o
 .debug_frame   0x0000000000000850       0x30 build/system_stm32f1xx.o
 .debug_frame   0x0000000000000880       0x84 build/stm32f1xx_ll_usart.o
 .debug_frame   0x0000000000000904      0x1c0 build/stm32f1xx_hal.o
 .debug_frame   0x0000000000000ac4      0x1b0 build/stm32f1xx_hal_rcc.o
 .debug_frame   0x0000000000000c74       0xa8 build/stm32f1xx_it.o
 .debug_frame   0x0000000000000d1c      0x3e4 build/stm32f1xx_hal_tim_ex.o
 .debug_frame   0x0000000000001100       0xbc build/heap_4.o
 .debug_frame   0x00000000000011bc       0x54 build/stm32f1xx_ll_spi.o
 .debug_frame   0x0000000000001210       0xd4 build/stm32f1xx_ll_rcc.o
 .debug_frame   0x00000000000012e4       0x50 build/stm32f1xx_hal_timebase_TIM.o
 .debug_frame   0x0000000000001334      0x58c build/tasks.o
 .debug_frame   0x00000000000018c0       0x54 build/stm32f1xx_ll_gpio.o
 .debug_frame   0x0000000000001914      0xb18 build/stm32f1xx_hal_tim.o
 .debug_frame   0x000000000000242c       0x70 build/list.o
 .debug_frame   0x000000000000249c       0xe8 build/port.o
 .debug_frame   0x0000000000002584       0x2c build/stm32f1xx_hal_msp.o
 .debug_frame   0x00000000000025b0       0xf0 build/main.o
 .debug_frame   0x00000000000026a0       0x2c /usr/lib/gcc/arm-none-eabi/8.2.0/../../../../arm-none-eabi/lib/thumb/v7-m/nofp/libc_nano.a(lib_a-init.o)

Cross Reference Table

Symbol                                            File
ADC1_2_IRQHandler                                 build/startup_stm32f103xb.o
AHBPrescTable                                     build/system_stm32f1xx.o
                                                  build/stm32f1xx_ll_rcc.o
                                                  build/stm32f1xx_hal_rcc.o
                                                  build/stm32f1xx_ll_utils.o
APBPrescTable                                     build/system_stm32f1xx.o
                                                  build/stm32f1xx_ll_rcc.o
                                                  build/stm32f1xx_hal_rcc.o
BusFault_Handler                                  build/stm32f1xx_it.o
CAN1_RX1_IRQHandler                               build/startup_stm32f103xb.o
CAN1_SCE_IRQHandler                               build/startup_stm32f103xb.o
DMA1_Channel1_IRQHandler                          build/startup_stm32f103xb.o
DMA1_Channel2_IRQHandler                          build/startup_stm32f103xb.o
DMA1_Channel3_IRQHandler                          build/startup_stm32f103xb.o
DMA1_Channel4_IRQHandler                          build/startup_stm32f103xb.o
DMA1_Channel5_IRQHandler                          build/startup_stm32f103xb.o
DMA1_Channel6_IRQHandler                          build/startup_stm32f103xb.o
DMA1_Channel7_IRQHandler                          build/startup_stm32f103xb.o
DebugMon_Handler                                  build/stm32f1xx_it.o
Default_Handler                                   build/startup_stm32f103xb.o
EXTI0_IRQHandler                                  build/startup_stm32f103xb.o
EXTI15_10_IRQHandler                              build/startup_stm32f103xb.o
EXTI1_IRQHandler                                  build/startup_stm32f103xb.o
EXTI2_IRQHandler                                  build/startup_stm32f103xb.o
EXTI3_IRQHandler                                  build/startup_stm32f103xb.o
EXTI4_IRQHandler                                  build/startup_stm32f103xb.o
EXTI9_5_IRQHandler                                build/startup_stm32f103xb.o
FLASH_IRQHandler                                  build/startup_stm32f103xb.o
FLASH_PageErase                                   build/stm32f1xx_hal_flash_ex.o
                                                  build/stm32f1xx_hal_flash.o
FLASH_WaitForLastOperation                        build/stm32f1xx_hal_flash.o
                                                  build/stm32f1xx_hal_flash_ex.o
HAL_DBGMCU_DisableDBGSleepMode                    build/stm32f1xx_hal.o
HAL_DBGMCU_DisableDBGStandbyMode                  build/stm32f1xx_hal.o
HAL_DBGMCU_DisableDBGStopMode                     build/stm32f1xx_hal.o
HAL_DBGMCU_EnableDBGSleepMode                     build/stm32f1xx_hal.o
HAL_DBGMCU_EnableDBGStandbyMode                   build/stm32f1xx_hal.o
HAL_DBGMCU_EnableDBGStopMode                      build/stm32f1xx_hal.o
HAL_DMA_Abort                                     build/stm32f1xx_hal_dma.o
                                                  build/stm32f1xx_hal_tim.o
HAL_DMA_Abort_IT                                  build/stm32f1xx_hal_dma.o
HAL_DMA_DeInit                                    build/stm32f1xx_hal_dma.o
HAL_DMA_GetError                                  build/stm32f1xx_hal_dma.o
HAL_DMA_GetState                                  build/stm32f1xx_hal_dma.o
HAL_DMA_IRQHandler                                build/stm32f1xx_hal_dma.o
HAL_DMA_Init                                      build/stm32f1xx_hal_dma.o
HAL_DMA_PollForTransfer                           build/stm32f1xx_hal_dma.o
HAL_DMA_RegisterCallback                          build/stm32f1xx_hal_dma.o
HAL_DMA_Start                                     build/stm32f1xx_hal_dma.o
HAL_DMA_Start_IT                                  build/stm32f1xx_hal_dma.o
                                                  build/stm32f1xx_hal_tim.o
                                                  build/stm32f1xx_hal_tim_ex.o
HAL_DMA_UnRegisterCallback                        build/stm32f1xx_hal_dma.o
HAL_DeInit                                        build/stm32f1xx_hal.o
HAL_Delay                                         build/stm32f1xx_hal.o
HAL_FLASHEx_Erase                                 build/stm32f1xx_hal_flash_ex.o
HAL_FLASHEx_Erase_IT                              build/stm32f1xx_hal_flash_ex.o
HAL_FLASHEx_OBErase                               build/stm32f1xx_hal_flash_ex.o
HAL_FLASHEx_OBGetConfig                           build/stm32f1xx_hal_flash_ex.o
HAL_FLASHEx_OBGetUserData                         build/stm32f1xx_hal_flash_ex.o
HAL_FLASHEx_OBProgram                             build/stm32f1xx_hal_flash_ex.o
HAL_FLASH_EndOfOperationCallback                  build/stm32f1xx_hal_flash.o
HAL_FLASH_GetError                                build/stm32f1xx_hal_flash.o
HAL_FLASH_IRQHandler                              build/stm32f1xx_hal_flash.o
HAL_FLASH_Lock                                    build/stm32f1xx_hal_flash.o
HAL_FLASH_OB_Launch                               build/stm32f1xx_hal_flash.o
HAL_FLASH_OB_Lock                                 build/stm32f1xx_hal_flash.o
HAL_FLASH_OB_Unlock                               build/stm32f1xx_hal_flash.o
HAL_FLASH_OperationErrorCallback                  build/stm32f1xx_hal_flash.o
HAL_FLASH_Program                                 build/stm32f1xx_hal_flash.o
HAL_FLASH_Program_IT                              build/stm32f1xx_hal_flash.o
HAL_FLASH_Unlock                                  build/stm32f1xx_hal_flash.o
HAL_GPIOEx_ConfigEventout                         build/stm32f1xx_hal_gpio_ex.o
HAL_GPIOEx_DisableEventout                        build/stm32f1xx_hal_gpio_ex.o
HAL_GPIOEx_EnableEventout                         build/stm32f1xx_hal_gpio_ex.o
HAL_GPIO_DeInit                                   build/stm32f1xx_hal_gpio.o
HAL_GPIO_EXTI_Callback                            build/stm32f1xx_hal_gpio.o
HAL_GPIO_EXTI_IRQHandler                          build/stm32f1xx_hal_gpio.o
HAL_GPIO_Init                                     build/stm32f1xx_hal_gpio.o
                                                  build/stm32f1xx_hal_rcc.o
HAL_GPIO_LockPin                                  build/stm32f1xx_hal_gpio.o
HAL_GPIO_ReadPin                                  build/stm32f1xx_hal_gpio.o
HAL_GPIO_TogglePin                                build/stm32f1xx_hal_gpio.o
HAL_GPIO_WritePin                                 build/stm32f1xx_hal_gpio.o
HAL_GetDEVID                                      build/stm32f1xx_hal.o
HAL_GetHalVersion                                 build/stm32f1xx_hal.o
HAL_GetREVID                                      build/stm32f1xx_hal.o
HAL_GetTick                                       build/stm32f1xx_hal.o
                                                  build/stm32f1xx_hal_rcc_ex.o
                                                  build/stm32f1xx_hal_flash.o
                                                  build/stm32f1xx_hal_rcc.o
                                                  build/stm32f1xx_hal_dma.o
HAL_GetTickFreq                                   build/stm32f1xx_hal.o
HAL_GetTickPrio                                   build/stm32f1xx_hal.o
HAL_GetUID                                        build/stm32f1xx_hal.o
HAL_IncTick                                       build/stm32f1xx_hal.o
                                                  build/main.o
HAL_Init                                          build/stm32f1xx_hal.o
                                                  build/main.o
HAL_InitTick                                      build/stm32f1xx_hal_timebase_TIM.o
                                                  build/stm32f1xx_hal.o
                                                  build/stm32f1xx_hal_rcc.o
HAL_MspDeInit                                     build/stm32f1xx_hal.o
HAL_MspInit                                       build/stm32f1xx_hal_msp.o
                                                  build/stm32f1xx_hal.o
HAL_NVIC_ClearPendingIRQ                          build/stm32f1xx_hal_cortex.o
HAL_NVIC_DisableIRQ                               build/stm32f1xx_hal_cortex.o
HAL_NVIC_EnableIRQ                                build/stm32f1xx_hal_cortex.o
                                                  build/stm32f1xx_hal_timebase_TIM.o
HAL_NVIC_GetActive                                build/stm32f1xx_hal_cortex.o
HAL_NVIC_GetPendingIRQ                            build/stm32f1xx_hal_cortex.o
HAL_NVIC_GetPriority                              build/stm32f1xx_hal_cortex.o
HAL_NVIC_GetPriorityGrouping                      build/stm32f1xx_hal_cortex.o
HAL_NVIC_SetPendingIRQ                            build/stm32f1xx_hal_cortex.o
HAL_NVIC_SetPriority                              build/stm32f1xx_hal_cortex.o
                                                  build/stm32f1xx_hal_msp.o
                                                  build/stm32f1xx_hal_timebase_TIM.o
                                                  build/stm32f1xx_hal.o
HAL_NVIC_SetPriorityGrouping                      build/stm32f1xx_hal_cortex.o
                                                  build/stm32f1xx_hal_msp.o
                                                  build/stm32f1xx_hal.o
HAL_NVIC_SystemReset                              build/stm32f1xx_hal_cortex.o
                                                  build/stm32f1xx_hal_flash.o
HAL_PWR_ConfigPVD                                 build/stm32f1xx_hal_pwr.o
HAL_PWR_DeInit                                    build/stm32f1xx_hal_pwr.o
HAL_PWR_DisableBkUpAccess                         build/stm32f1xx_hal_pwr.o
HAL_PWR_DisablePVD                                build/stm32f1xx_hal_pwr.o
HAL_PWR_DisableSEVOnPend                          build/stm32f1xx_hal_pwr.o
HAL_PWR_DisableSleepOnExit                        build/stm32f1xx_hal_pwr.o
HAL_PWR_DisableWakeUpPin                          build/stm32f1xx_hal_pwr.o
HAL_PWR_EnableBkUpAccess                          build/stm32f1xx_hal_pwr.o
HAL_PWR_EnablePVD                                 build/stm32f1xx_hal_pwr.o
HAL_PWR_EnableSEVOnPend                           build/stm32f1xx_hal_pwr.o
HAL_PWR_EnableSleepOnExit                         build/stm32f1xx_hal_pwr.o
HAL_PWR_EnableWakeUpPin                           build/stm32f1xx_hal_pwr.o
HAL_PWR_EnterSLEEPMode                            build/stm32f1xx_hal_pwr.o
HAL_PWR_EnterSTANDBYMode                          build/stm32f1xx_hal_pwr.o
HAL_PWR_EnterSTOPMode                             build/stm32f1xx_hal_pwr.o
HAL_PWR_PVDCallback                               build/stm32f1xx_hal_pwr.o
HAL_PWR_PVD_IRQHandler                            build/stm32f1xx_hal_pwr.o
HAL_RCCEx_GetPeriphCLKConfig                      build/stm32f1xx_hal_rcc_ex.o
HAL_RCCEx_GetPeriphCLKFreq                        build/stm32f1xx_hal_rcc_ex.o
HAL_RCCEx_PeriphCLKConfig                         build/stm32f1xx_hal_rcc_ex.o
HAL_RCC_CSSCallback                               build/stm32f1xx_hal_rcc.o
HAL_RCC_ClockConfig                               build/stm32f1xx_hal_rcc.o
HAL_RCC_DeInit                                    build/stm32f1xx_hal_rcc.o
HAL_RCC_DisableCSS                                build/stm32f1xx_hal_rcc.o
HAL_RCC_EnableCSS                                 build/stm32f1xx_hal_rcc.o
HAL_RCC_GetClockConfig                            build/stm32f1xx_hal_rcc.o
                                                  build/stm32f1xx_hal_timebase_TIM.o
HAL_RCC_GetHCLKFreq                               build/stm32f1xx_hal_rcc.o
HAL_RCC_GetOscConfig                              build/stm32f1xx_hal_rcc.o
HAL_RCC_GetPCLK1Freq                              build/stm32f1xx_hal_rcc.o
HAL_RCC_GetPCLK2Freq                              build/stm32f1xx_hal_rcc.o
                                                  build/stm32f1xx_hal_timebase_TIM.o
                                                  build/stm32f1xx_hal_rcc_ex.o
HAL_RCC_GetSysClockFreq                           build/stm32f1xx_hal_rcc.o
HAL_RCC_MCOConfig                                 build/stm32f1xx_hal_rcc.o
HAL_RCC_NMI_IRQHandler                            build/stm32f1xx_hal_rcc.o
HAL_RCC_OscConfig                                 build/stm32f1xx_hal_rcc.o
HAL_ResumeTick                                    build/stm32f1xx_hal_timebase_TIM.o
                                                  build/stm32f1xx_hal.o
HAL_SYSTICK_CLKSourceConfig                       build/stm32f1xx_hal_cortex.o
HAL_SYSTICK_Callback                              build/stm32f1xx_hal_cortex.o
HAL_SYSTICK_Config                                build/stm32f1xx_hal_cortex.o
                                                  build/stm32f1xx_hal.o
HAL_SYSTICK_IRQHandler                            build/stm32f1xx_hal_cortex.o
HAL_SetTickFreq                                   build/stm32f1xx_hal.o
HAL_SuspendTick                                   build/stm32f1xx_hal_timebase_TIM.o
                                                  build/stm32f1xx_hal.o
HAL_TIMEx_BreakCallback                           build/stm32f1xx_hal_tim_ex.o
                                                  build/stm32f1xx_hal_tim.o
HAL_TIMEx_CommutationCallback                     build/stm32f1xx_hal_tim_ex.o
                                                  build/stm32f1xx_hal_tim.o
HAL_TIMEx_ConfigBreakDeadTime                     build/stm32f1xx_hal_tim_ex.o
HAL_TIMEx_ConfigCommutationEvent                  build/stm32f1xx_hal_tim_ex.o
HAL_TIMEx_ConfigCommutationEvent_DMA              build/stm32f1xx_hal_tim_ex.o
HAL_TIMEx_ConfigCommutationEvent_IT               build/stm32f1xx_hal_tim_ex.o
HAL_TIMEx_HallSensor_DeInit                       build/stm32f1xx_hal_tim_ex.o
HAL_TIMEx_HallSensor_GetState                     build/stm32f1xx_hal_tim_ex.o
HAL_TIMEx_HallSensor_Init                         build/stm32f1xx_hal_tim_ex.o
HAL_TIMEx_HallSensor_MspDeInit                    build/stm32f1xx_hal_tim_ex.o
HAL_TIMEx_HallSensor_MspInit                      build/stm32f1xx_hal_tim_ex.o
HAL_TIMEx_HallSensor_Start                        build/stm32f1xx_hal_tim_ex.o
HAL_TIMEx_HallSensor_Start_DMA                    build/stm32f1xx_hal_tim_ex.o
HAL_TIMEx_HallSensor_Start_IT                     build/stm32f1xx_hal_tim_ex.o
HAL_TIMEx_HallSensor_Stop                         build/stm32f1xx_hal_tim_ex.o
HAL_TIMEx_HallSensor_Stop_DMA                     build/stm32f1xx_hal_tim_ex.o
HAL_TIMEx_HallSensor_Stop_IT                      build/stm32f1xx_hal_tim_ex.o
HAL_TIMEx_MasterConfigSynchronization             build/stm32f1xx_hal_tim_ex.o
HAL_TIMEx_OCN_Start                               build/stm32f1xx_hal_tim_ex.o
HAL_TIMEx_OCN_Start_DMA                           build/stm32f1xx_hal_tim_ex.o
HAL_TIMEx_OCN_Start_IT                            build/stm32f1xx_hal_tim_ex.o
HAL_TIMEx_OCN_Stop                                build/stm32f1xx_hal_tim_ex.o
HAL_TIMEx_OCN_Stop_DMA                            build/stm32f1xx_hal_tim_ex.o
HAL_TIMEx_OCN_Stop_IT                             build/stm32f1xx_hal_tim_ex.o
HAL_TIMEx_OnePulseN_Start                         build/stm32f1xx_hal_tim_ex.o
HAL_TIMEx_OnePulseN_Start_IT                      build/stm32f1xx_hal_tim_ex.o
HAL_TIMEx_OnePulseN_Stop                          build/stm32f1xx_hal_tim_ex.o
HAL_TIMEx_OnePulseN_Stop_IT                       build/stm32f1xx_hal_tim_ex.o
HAL_TIMEx_PWMN_Start                              build/stm32f1xx_hal_tim_ex.o
HAL_TIMEx_PWMN_Start_DMA                          build/stm32f1xx_hal_tim_ex.o
HAL_TIMEx_PWMN_Start_IT                           build/stm32f1xx_hal_tim_ex.o
HAL_TIMEx_PWMN_Stop                               build/stm32f1xx_hal_tim_ex.o
HAL_TIMEx_PWMN_Stop_DMA                           build/stm32f1xx_hal_tim_ex.o
HAL_TIMEx_PWMN_Stop_IT                            build/stm32f1xx_hal_tim_ex.o
HAL_TIM_Base_DeInit                               build/stm32f1xx_hal_tim.o
HAL_TIM_Base_GetState                             build/stm32f1xx_hal_tim.o
HAL_TIM_Base_Init                                 build/stm32f1xx_hal_tim.o
                                                  build/stm32f1xx_hal_timebase_TIM.o
HAL_TIM_Base_MspDeInit                            build/stm32f1xx_hal_tim.o
HAL_TIM_Base_MspInit                              build/stm32f1xx_hal_tim.o
HAL_TIM_Base_Start                                build/stm32f1xx_hal_tim.o
HAL_TIM_Base_Start_DMA                            build/stm32f1xx_hal_tim.o
HAL_TIM_Base_Start_IT                             build/stm32f1xx_hal_tim.o
                                                  build/stm32f1xx_hal_timebase_TIM.o
HAL_TIM_Base_Stop                                 build/stm32f1xx_hal_tim.o
HAL_TIM_Base_Stop_DMA                             build/stm32f1xx_hal_tim.o
HAL_TIM_Base_Stop_IT                              build/stm32f1xx_hal_tim.o
HAL_TIM_ConfigClockSource                         build/stm32f1xx_hal_tim.o
HAL_TIM_ConfigOCrefClear                          build/stm32f1xx_hal_tim.o
HAL_TIM_ConfigTI1Input                            build/stm32f1xx_hal_tim.o
HAL_TIM_DMABurst_ReadStart                        build/stm32f1xx_hal_tim.o
HAL_TIM_DMABurst_ReadStop                         build/stm32f1xx_hal_tim.o
HAL_TIM_DMABurst_WriteStart                       build/stm32f1xx_hal_tim.o
HAL_TIM_DMABurst_WriteStop                        build/stm32f1xx_hal_tim.o
HAL_TIM_Encoder_DeInit                            build/stm32f1xx_hal_tim.o
HAL_TIM_Encoder_GetState                          build/stm32f1xx_hal_tim.o
HAL_TIM_Encoder_Init                              build/stm32f1xx_hal_tim.o
HAL_TIM_Encoder_MspDeInit                         build/stm32f1xx_hal_tim.o
HAL_TIM_Encoder_MspInit                           build/stm32f1xx_hal_tim.o
HAL_TIM_Encoder_Start                             build/stm32f1xx_hal_tim.o
HAL_TIM_Encoder_Start_DMA                         build/stm32f1xx_hal_tim.o
HAL_TIM_Encoder_Start_IT                          build/stm32f1xx_hal_tim.o
HAL_TIM_Encoder_Stop                              build/stm32f1xx_hal_tim.o
HAL_TIM_Encoder_Stop_DMA                          build/stm32f1xx_hal_tim.o
HAL_TIM_Encoder_Stop_IT                           build/stm32f1xx_hal_tim.o
HAL_TIM_ErrorCallback                             build/stm32f1xx_hal_tim.o
HAL_TIM_GenerateEvent                             build/stm32f1xx_hal_tim.o
HAL_TIM_IC_CaptureCallback                        build/stm32f1xx_hal_tim.o
HAL_TIM_IC_ConfigChannel                          build/stm32f1xx_hal_tim.o
HAL_TIM_IC_DeInit                                 build/stm32f1xx_hal_tim.o
HAL_TIM_IC_GetState                               build/stm32f1xx_hal_tim.o
HAL_TIM_IC_Init                                   build/stm32f1xx_hal_tim.o
HAL_TIM_IC_MspDeInit                              build/stm32f1xx_hal_tim.o
HAL_TIM_IC_MspInit                                build/stm32f1xx_hal_tim.o
HAL_TIM_IC_Start                                  build/stm32f1xx_hal_tim.o
HAL_TIM_IC_Start_DMA                              build/stm32f1xx_hal_tim.o
HAL_TIM_IC_Start_IT                               build/stm32f1xx_hal_tim.o
HAL_TIM_IC_Stop                                   build/stm32f1xx_hal_tim.o
HAL_TIM_IC_Stop_DMA                               build/stm32f1xx_hal_tim.o
HAL_TIM_IC_Stop_IT                                build/stm32f1xx_hal_tim.o
HAL_TIM_IRQHandler                                build/stm32f1xx_hal_tim.o
                                                  build/stm32f1xx_it.o
HAL_TIM_OC_ConfigChannel                          build/stm32f1xx_hal_tim.o
HAL_TIM_OC_DeInit                                 build/stm32f1xx_hal_tim.o
HAL_TIM_OC_DelayElapsedCallback                   build/stm32f1xx_hal_tim.o
HAL_TIM_OC_GetState                               build/stm32f1xx_hal_tim.o
HAL_TIM_OC_Init                                   build/stm32f1xx_hal_tim.o
HAL_TIM_OC_MspDeInit                              build/stm32f1xx_hal_tim.o
HAL_TIM_OC_MspInit                                build/stm32f1xx_hal_tim.o
HAL_TIM_OC_Start                                  build/stm32f1xx_hal_tim.o
HAL_TIM_OC_Start_DMA                              build/stm32f1xx_hal_tim.o
HAL_TIM_OC_Start_IT                               build/stm32f1xx_hal_tim.o
HAL_TIM_OC_Stop                                   build/stm32f1xx_hal_tim.o
HAL_TIM_OC_Stop_DMA                               build/stm32f1xx_hal_tim.o
HAL_TIM_OC_Stop_IT                                build/stm32f1xx_hal_tim.o
HAL_TIM_OnePulse_ConfigChannel                    build/stm32f1xx_hal_tim.o
HAL_TIM_OnePulse_DeInit                           build/stm32f1xx_hal_tim.o
HAL_TIM_OnePulse_GetState                         build/stm32f1xx_hal_tim.o
HAL_TIM_OnePulse_Init                             build/stm32f1xx_hal_tim.o
HAL_TIM_OnePulse_MspDeInit                        build/stm32f1xx_hal_tim.o
HAL_TIM_OnePulse_MspInit                          build/stm32f1xx_hal_tim.o
HAL_TIM_OnePulse_Start                            build/stm32f1xx_hal_tim.o
HAL_TIM_OnePulse_Start_IT                         build/stm32f1xx_hal_tim.o
HAL_TIM_OnePulse_Stop                             build/stm32f1xx_hal_tim.o
HAL_TIM_OnePulse_Stop_IT                          build/stm32f1xx_hal_tim.o
HAL_TIM_PWM_ConfigChannel                         build/stm32f1xx_hal_tim.o
HAL_TIM_PWM_DeInit                                build/stm32f1xx_hal_tim.o
HAL_TIM_PWM_GetState                              build/stm32f1xx_hal_tim.o
HAL_TIM_PWM_Init                                  build/stm32f1xx_hal_tim.o
HAL_TIM_PWM_MspDeInit                             build/stm32f1xx_hal_tim.o
HAL_TIM_PWM_MspInit                               build/stm32f1xx_hal_tim.o
HAL_TIM_PWM_PulseFinishedCallback                 build/stm32f1xx_hal_tim.o
HAL_TIM_PWM_Start                                 build/stm32f1xx_hal_tim.o
HAL_TIM_PWM_Start_DMA                             build/stm32f1xx_hal_tim.o
HAL_TIM_PWM_Start_IT                              build/stm32f1xx_hal_tim.o
HAL_TIM_PWM_Stop                                  build/stm32f1xx_hal_tim.o
HAL_TIM_PWM_Stop_DMA                              build/stm32f1xx_hal_tim.o
HAL_TIM_PWM_Stop_IT                               build/stm32f1xx_hal_tim.o
HAL_TIM_PeriodElapsedCallback                     build/main.o
                                                  build/stm32f1xx_hal_tim.o
HAL_TIM_ReadCapturedValue                         build/stm32f1xx_hal_tim.o
HAL_TIM_SlaveConfigSynchronization                build/stm32f1xx_hal_tim.o
HAL_TIM_SlaveConfigSynchronization_IT             build/stm32f1xx_hal_tim.o
HAL_TIM_TriggerCallback                           build/stm32f1xx_hal_tim.o
HardFault_Handler                                 build/stm32f1xx_it.o
I2C1_ER_IRQHandler                                build/startup_stm32f103xb.o
I2C1_EV_IRQHandler                                build/startup_stm32f103xb.o
I2C2_ER_IRQHandler                                build/startup_stm32f103xb.o
I2C2_EV_IRQHandler                                build/startup_stm32f103xb.o
LL_DMA_DeInit                                     build/stm32f1xx_ll_dma.o
LL_DMA_Init                                       build/stm32f1xx_ll_dma.o
LL_DMA_StructInit                                 build/stm32f1xx_ll_dma.o
LL_EXTI_DeInit                                    build/stm32f1xx_ll_exti.o
LL_EXTI_Init                                      build/stm32f1xx_ll_exti.o
LL_EXTI_StructInit                                build/stm32f1xx_ll_exti.o
LL_GPIO_DeInit                                    build/stm32f1xx_ll_gpio.o
LL_GPIO_Init                                      build/stm32f1xx_ll_gpio.o
                                                  build/main.o
LL_GPIO_StructInit                                build/stm32f1xx_ll_gpio.o
LL_Init1msTick                                    build/stm32f1xx_ll_utils.o
                                                  build/main.o
LL_PLL_ConfigSystemClock_HSE                      build/stm32f1xx_ll_utils.o
LL_PLL_ConfigSystemClock_HSI                      build/stm32f1xx_ll_utils.o
LL_RCC_DeInit                                     build/stm32f1xx_ll_rcc.o
LL_RCC_GetADCClockFreq                            build/stm32f1xx_ll_rcc.o
LL_RCC_GetSystemClocksFreq                        build/stm32f1xx_ll_rcc.o
                                                  build/stm32f1xx_ll_usart.o
LL_RCC_GetUSBClockFreq                            build/stm32f1xx_ll_rcc.o
LL_SPI_DeInit                                     build/stm32f1xx_ll_spi.o
LL_SPI_Init                                       build/stm32f1xx_ll_spi.o
                                                  build/main.o
LL_SPI_StructInit                                 build/stm32f1xx_ll_spi.o
LL_SetSystemCoreClock                             build/stm32f1xx_ll_utils.o
                                                  build/main.o
LL_USART_ClockInit                                build/stm32f1xx_ll_usart.o
LL_USART_ClockStructInit                          build/stm32f1xx_ll_usart.o
LL_USART_DeInit                                   build/stm32f1xx_ll_usart.o
LL_USART_Init                                     build/stm32f1xx_ll_usart.o
                                                  build/main.o
LL_USART_StructInit                               build/stm32f1xx_ll_usart.o
LL_mDelay                                         build/stm32f1xx_ll_utils.o
MemManage_Handler                                 build/stm32f1xx_it.o
NMI_Handler                                       build/stm32f1xx_it.o
PVD_IRQHandler                                    build/startup_stm32f103xb.o
PendSV_Handler                                    build/port.o
RCC_GetHCLKClockFreq                              build/stm32f1xx_ll_rcc.o
RCC_GetPCLK1ClockFreq                             build/stm32f1xx_ll_rcc.o
RCC_GetPCLK2ClockFreq                             build/stm32f1xx_ll_rcc.o
RCC_GetSystemClockFreq                            build/stm32f1xx_ll_rcc.o
RCC_IRQHandler                                    build/startup_stm32f103xb.o
RCC_PLL_GetFreqDomain_SYS                         build/stm32f1xx_ll_rcc.o
RTC_Alarm_IRQHandler                              build/startup_stm32f103xb.o
RTC_IRQHandler                                    build/startup_stm32f103xb.o
Reset_Handler                                     build/startup_stm32f103xb.o
SPI1_IRQHandler                                   build/startup_stm32f103xb.o
SPI2_IRQHandler                                   build/startup_stm32f103xb.o
SVC_Handler                                       build/port.o
StartDefaultTask                                  build/main.o
SysTick_Handler                                   build/stm32f1xx_it.o
SystemClock_Config                                build/main.o
SystemCoreClock                                   build/system_stm32f1xx.o
                                                  build/port.o
                                                  build/stm32f1xx_hal_rcc.o
                                                  build/stm32f1xx_hal.o
                                                  build/stm32f1xx_ll_utils.o
SystemCoreClockUpdate                             build/system_stm32f1xx.o
SystemInit                                        build/system_stm32f1xx.o
                                                  build/startup_stm32f103xb.o
TAMPER_IRQHandler                                 build/startup_stm32f103xb.o
TIM1_BRK_IRQHandler                               build/startup_stm32f103xb.o
TIM1_CC_IRQHandler                                build/startup_stm32f103xb.o
TIM1_TRG_COM_IRQHandler                           build/startup_stm32f103xb.o
TIM1_UP_IRQHandler                                build/stm32f1xx_it.o
TIM2_IRQHandler                                   build/startup_stm32f103xb.o
TIM3_IRQHandler                                   build/startup_stm32f103xb.o
TIM4_IRQHandler                                   build/startup_stm32f103xb.o
TIMEx_DMACommutationCplt                          build/stm32f1xx_hal_tim_ex.o
                                                  build/stm32f1xx_hal_tim.o
TIM_Base_SetConfig                                build/stm32f1xx_hal_tim.o
                                                  build/stm32f1xx_hal_tim_ex.o
TIM_CCxChannelCmd                                 build/stm32f1xx_hal_tim.o
                                                  build/stm32f1xx_hal_tim_ex.o
TIM_DMACaptureCplt                                build/stm32f1xx_hal_tim.o
                                                  build/stm32f1xx_hal_tim_ex.o
TIM_DMADelayPulseCplt                             build/stm32f1xx_hal_tim.o
                                                  build/stm32f1xx_hal_tim_ex.o
TIM_DMAError                                      build/stm32f1xx_hal_tim.o
                                                  build/stm32f1xx_hal_tim_ex.o
TIM_OC2_SetConfig                                 build/stm32f1xx_hal_tim.o
                                                  build/stm32f1xx_hal_tim_ex.o
TIM_TI1_SetConfig                                 build/stm32f1xx_hal_tim.o
                                                  build/stm32f1xx_hal_tim_ex.o
USART1_IRQHandler                                 build/startup_stm32f103xb.o
USART2_IRQHandler                                 build/startup_stm32f103xb.o
USART3_IRQHandler                                 build/startup_stm32f103xb.o
USBWakeUp_IRQHandler                              build/startup_stm32f103xb.o
USB_HP_CAN1_TX_IRQHandler                         build/startup_stm32f103xb.o
USB_LP_CAN1_RX0_IRQHandler                        build/startup_stm32f103xb.o
UsageFault_Handler                                build/stm32f1xx_it.o
WWDG_IRQHandler                                   build/startup_stm32f103xb.o
_Error_Handler                                    build/main.o
__atexit_dummy                                    /usr/lib/gcc/arm-none-eabi/8.2.0/../../../../arm-none-eabi/lib/thumb/v7-m/nofp/libc_nano.a(lib_a-__atexit.o)
__bss_end__                                       /usr/lib/gcc/arm-none-eabi/8.2.0/../../../../arm-none-eabi/lib/thumb/v7-m/nofp/crt0.o
__bss_start__                                     /usr/lib/gcc/arm-none-eabi/8.2.0/../../../../arm-none-eabi/lib/thumb/v7-m/nofp/crt0.o
__call_exitprocs                                  /usr/lib/gcc/arm-none-eabi/8.2.0/../../../../arm-none-eabi/lib/thumb/v7-m/nofp/libc_nano.a(lib_a-__call_atexit.o)
                                                  /usr/lib/gcc/arm-none-eabi/8.2.0/../../../../arm-none-eabi/lib/thumb/v7-m/nofp/libc_nano.a(lib_a-__atexit.o)
                                                  /usr/lib/gcc/arm-none-eabi/8.2.0/../../../../arm-none-eabi/lib/thumb/v7-m/nofp/libc_nano.a(lib_a-exit.o)
__deregister_frame_info                           /usr/lib/gcc/arm-none-eabi/8.2.0/thumb/v7-m/nofp/crtbegin.o
__dso_handle                                      /usr/lib/gcc/arm-none-eabi/8.2.0/thumb/v7-m/nofp/crtbegin.o
__fini_array_end                                  /usr/lib/gcc/arm-none-eabi/8.2.0/../../../../arm-none-eabi/lib/thumb/v7-m/nofp/libc_nano.a(lib_a-fini.o)
__fini_array_start                                /usr/lib/gcc/arm-none-eabi/8.2.0/../../../../arm-none-eabi/lib/thumb/v7-m/nofp/libc_nano.a(lib_a-fini.o)
__init_array_end                                  /usr/lib/gcc/arm-none-eabi/8.2.0/../../../../arm-none-eabi/lib/thumb/v7-m/nofp/libc_nano.a(lib_a-init.o)
__init_array_start                                /usr/lib/gcc/arm-none-eabi/8.2.0/../../../../arm-none-eabi/lib/thumb/v7-m/nofp/libc_nano.a(lib_a-init.o)
__libc_fini_array                                 /usr/lib/gcc/arm-none-eabi/8.2.0/../../../../arm-none-eabi/lib/thumb/v7-m/nofp/libc_nano.a(lib_a-fini.o)
                                                  /usr/lib/gcc/arm-none-eabi/8.2.0/../../../../arm-none-eabi/lib/thumb/v7-m/nofp/crt0.o
__libc_init_array                                 /usr/lib/gcc/arm-none-eabi/8.2.0/../../../../arm-none-eabi/lib/thumb/v7-m/nofp/libc_nano.a(lib_a-init.o)
                                                  build/startup_stm32f103xb.o
                                                  /usr/lib/gcc/arm-none-eabi/8.2.0/../../../../arm-none-eabi/lib/thumb/v7-m/nofp/crt0.o
__on_exit_args                                    /usr/lib/gcc/arm-none-eabi/8.2.0/../../../../arm-none-eabi/lib/thumb/v7-m/nofp/libc_nano.a(lib_a-__atexit.o)
__preinit_array_end                               /usr/lib/gcc/arm-none-eabi/8.2.0/../../../../arm-none-eabi/lib/thumb/v7-m/nofp/libc_nano.a(lib_a-init.o)
__preinit_array_start                             /usr/lib/gcc/arm-none-eabi/8.2.0/../../../../arm-none-eabi/lib/thumb/v7-m/nofp/libc_nano.a(lib_a-init.o)
__register_exitproc                               /usr/lib/gcc/arm-none-eabi/8.2.0/../../../../arm-none-eabi/lib/thumb/v7-m/nofp/libc_nano.a(lib_a-__atexit.o)
                                                  /usr/lib/gcc/arm-none-eabi/8.2.0/../../../../arm-none-eabi/lib/thumb/v7-m/nofp/libc_nano.a(lib_a-atexit.o)
__register_frame_info                             /usr/lib/gcc/arm-none-eabi/8.2.0/thumb/v7-m/nofp/crtbegin.o
__sf_fake_stderr                                  /usr/lib/gcc/arm-none-eabi/8.2.0/../../../../arm-none-eabi/lib/thumb/v7-m/nofp/libc_nano.a(lib_a-impure.o)
__sf_fake_stdin                                   /usr/lib/gcc/arm-none-eabi/8.2.0/../../../../arm-none-eabi/lib/thumb/v7-m/nofp/libc_nano.a(lib_a-impure.o)
__sf_fake_stdout                                  /usr/lib/gcc/arm-none-eabi/8.2.0/../../../../arm-none-eabi/lib/thumb/v7-m/nofp/libc_nano.a(lib_a-impure.o)
__stack                                           /usr/lib/gcc/arm-none-eabi/8.2.0/../../../../arm-none-eabi/lib/thumb/v7-m/nofp/crt0.o
_ebss                                             build/startup_stm32f103xb.o
_edata                                            build/startup_stm32f103xb.o
_estack                                           build/startup_stm32f103xb.o
_exit                                             /usr/lib/gcc/arm-none-eabi/8.2.0/../../../../arm-none-eabi/lib/thumb/v7-m/nofp/libnosys.a(_exit.o)
                                                  /usr/lib/gcc/arm-none-eabi/8.2.0/../../../../arm-none-eabi/lib/thumb/v7-m/nofp/libc_nano.a(lib_a-exit.o)
_fini                                             /usr/lib/gcc/arm-none-eabi/8.2.0/thumb/v7-m/nofp/crti.o
                                                  /usr/lib/gcc/arm-none-eabi/8.2.0/../../../../arm-none-eabi/lib/thumb/v7-m/nofp/libc_nano.a(lib_a-fini.o)
_global_atexit                                    /usr/lib/gcc/arm-none-eabi/8.2.0/../../../../arm-none-eabi/lib/thumb/v7-m/nofp/libc_nano.a(lib_a-__call_atexit.o)
                                                  /usr/lib/gcc/arm-none-eabi/8.2.0/../../../../arm-none-eabi/lib/thumb/v7-m/nofp/libc_nano.a(lib_a-__atexit.o)
_global_impure_ptr                                /usr/lib/gcc/arm-none-eabi/8.2.0/../../../../arm-none-eabi/lib/thumb/v7-m/nofp/libc_nano.a(lib_a-impure.o)
                                                  /usr/lib/gcc/arm-none-eabi/8.2.0/../../../../arm-none-eabi/lib/thumb/v7-m/nofp/libc_nano.a(lib_a-exit.o)
_impure_ptr                                       /usr/lib/gcc/arm-none-eabi/8.2.0/../../../../arm-none-eabi/lib/thumb/v7-m/nofp/libc_nano.a(lib_a-impure.o)
_init                                             /usr/lib/gcc/arm-none-eabi/8.2.0/thumb/v7-m/nofp/crti.o
                                                  /usr/lib/gcc/arm-none-eabi/8.2.0/../../../../arm-none-eabi/lib/thumb/v7-m/nofp/libc_nano.a(lib_a-init.o)
_mainCRTStartup                                   /usr/lib/gcc/arm-none-eabi/8.2.0/../../../../arm-none-eabi/lib/thumb/v7-m/nofp/crt0.o
_sbss                                             build/startup_stm32f103xb.o
_sdata                                            build/startup_stm32f103xb.o
_sidata                                           build/startup_stm32f103xb.o
_start                                            /usr/lib/gcc/arm-none-eabi/8.2.0/../../../../arm-none-eabi/lib/thumb/v7-m/nofp/crt0.o
atexit                                            /usr/lib/gcc/arm-none-eabi/8.2.0/../../../../arm-none-eabi/lib/thumb/v7-m/nofp/libc_nano.a(lib_a-atexit.o)
                                                  /usr/lib/gcc/arm-none-eabi/8.2.0/../../../../arm-none-eabi/lib/thumb/v7-m/nofp/crt0.o
defaultTaskHandle                                 build/main.o
exit                                              /usr/lib/gcc/arm-none-eabi/8.2.0/../../../../arm-none-eabi/lib/thumb/v7-m/nofp/libc_nano.a(lib_a-exit.o)
                                                  /usr/lib/gcc/arm-none-eabi/8.2.0/../../../../arm-none-eabi/lib/thumb/v7-m/nofp/crt0.o
free                                              /usr/lib/gcc/arm-none-eabi/8.2.0/../../../../arm-none-eabi/lib/thumb/v7-m/nofp/libc_nano.a(lib_a-__call_atexit.o)
g_pfnVectors                                      build/startup_stm32f103xb.o
hardware_init_hook                                /usr/lib/gcc/arm-none-eabi/8.2.0/../../../../arm-none-eabi/lib/thumb/v7-m/nofp/crt0.o
htim1                                             build/stm32f1xx_hal_timebase_TIM.o
                                                  build/stm32f1xx_it.o
main                                              build/main.o
                                                  build/startup_stm32f103xb.o
                                                  /usr/lib/gcc/arm-none-eabi/8.2.0/../../../../arm-none-eabi/lib/thumb/v7-m/nofp/crt0.o
malloc                                            /usr/lib/gcc/arm-none-eabi/8.2.0/../../../../arm-none-eabi/lib/thumb/v7-m/nofp/libc_nano.a(lib_a-__atexit.o)
memcpy                                            /usr/lib/gcc/arm-none-eabi/8.2.0/../../../../arm-none-eabi/lib/thumb/v7-m/nofp/libc_nano.a(lib_a-memcpy-stub.o)
                                                  build/queue.o
memset                                            /usr/lib/gcc/arm-none-eabi/8.2.0/../../../../arm-none-eabi/lib/thumb/v7-m/nofp/libc_nano.a(lib_a-memset.o)
                                                  /usr/lib/gcc/arm-none-eabi/8.2.0/../../../../arm-none-eabi/lib/thumb/v7-m/nofp/crt0.o
osAbortDelay                                      build/cmsis_os.o
osDelay                                           build/cmsis_os.o
                                                  build/main.o
osDelayUntil                                      build/cmsis_os.o
osKernelRunning                                   build/cmsis_os.o
osKernelStart                                     build/cmsis_os.o
                                                  build/main.o
osKernelSysTick                                   build/cmsis_os.o
osMailAlloc                                       build/cmsis_os.o
osMailCAlloc                                      build/cmsis_os.o
osMailCreate                                      build/cmsis_os.o
osMailFree                                        build/cmsis_os.o
osMailGet                                         build/cmsis_os.o
osMailPut                                         build/cmsis_os.o
osMessageAvailableSpace                           build/cmsis_os.o
osMessageCreate                                   build/cmsis_os.o
osMessageDelete                                   build/cmsis_os.o
osMessageGet                                      build/cmsis_os.o
osMessagePeek                                     build/cmsis_os.o
osMessagePut                                      build/cmsis_os.o
osMessageWaiting                                  build/cmsis_os.o
osMutexCreate                                     build/cmsis_os.o
osMutexDelete                                     build/cmsis_os.o
osMutexRelease                                    build/cmsis_os.o
osMutexWait                                       build/cmsis_os.o
osPoolAlloc                                       build/cmsis_os.o
osPoolCAlloc                                      build/cmsis_os.o
osPoolCreate                                      build/cmsis_os.o
osPoolFree                                        build/cmsis_os.o
osRecursiveMutexCreate                            build/cmsis_os.o
osRecursiveMutexRelease                           build/cmsis_os.o
osRecursiveMutexWait                              build/cmsis_os.o
osSemaphoreCreate                                 build/cmsis_os.o
osSemaphoreDelete                                 build/cmsis_os.o
osSemaphoreGetCount                               build/cmsis_os.o
osSemaphoreRelease                                build/cmsis_os.o
osSemaphoreWait                                   build/cmsis_os.o
osSignalSet                                       build/cmsis_os.o
osSignalWait                                      build/cmsis_os.o
osSystickHandler                                  build/cmsis_os.o
                                                  build/stm32f1xx_it.o
osThreadCreate                                    build/cmsis_os.o
                                                  build/main.o
osThreadGetId                                     build/cmsis_os.o
osThreadGetPriority                               build/cmsis_os.o
osThreadList                                      build/cmsis_os.o
osThreadResume                                    build/cmsis_os.o
osThreadResumeAll                                 build/cmsis_os.o
osThreadSetPriority                               build/cmsis_os.o
osThreadSuspend                                   build/cmsis_os.o
osThreadSuspendAll                                build/cmsis_os.o
osThreadTerminate                                 build/cmsis_os.o
osThreadYield                                     build/cmsis_os.o
osTimerCreate                                     build/cmsis_os.o
osTimerDelete                                     build/cmsis_os.o
osTimerStart                                      build/cmsis_os.o
osTimerStop                                       build/cmsis_os.o
pFlash                                            build/stm32f1xx_hal_flash.o
                                                  build/stm32f1xx_hal_flash_ex.o
pcQueueGetName                                    build/queue.o
pcTaskGetName                                     build/tasks.o
pvPortMalloc                                      build/heap_4.o
                                                  build/tasks.o
                                                  build/cmsis_os.o
                                                  build/queue.o
                                                  build/event_groups.o
pvTaskIncrementMutexHeldCount                     build/tasks.o
                                                  build/queue.o
pxCurrentTCB                                      build/tasks.o
                                                  build/port.o
pxPortInitialiseStack                             build/port.o
                                                  build/tasks.o
software_init_hook                                /usr/lib/gcc/arm-none-eabi/8.2.0/../../../../arm-none-eabi/lib/thumb/v7-m/nofp/crt0.o
ulTaskNotifyTake                                  build/tasks.o
uwIncrementState                                  build/stm32f1xx_hal_timebase_TIM.o
uwTick                                            build/stm32f1xx_hal.o
uwTickFreq                                        build/stm32f1xx_hal.o
uwTickPrio                                        build/stm32f1xx_hal.o
uxListRemove                                      build/list.o
                                                  build/tasks.o
uxQueueMessagesWaiting                            build/queue.o
                                                  build/cmsis_os.o
uxQueueMessagesWaitingFromISR                     build/queue.o
                                                  build/cmsis_os.o
uxQueueSpacesAvailable                            build/queue.o
                                                  build/cmsis_os.o
uxTaskGetNumberOfTasks                            build/tasks.o
uxTaskPriorityGet                                 build/tasks.o
                                                  build/cmsis_os.o
uxTaskPriorityGetFromISR                          build/tasks.o
                                                  build/cmsis_os.o
uxTaskResetEventItemValue                         build/tasks.o
                                                  build/event_groups.o
vEventGroupClearBitsCallback                      build/event_groups.o
vEventGroupDelete                                 build/event_groups.o
vEventGroupSetBitsCallback                        build/event_groups.o
vListInitialise                                   build/list.o
                                                  build/tasks.o
                                                  build/queue.o
                                                  build/event_groups.o
vListInitialiseItem                               build/list.o
                                                  build/tasks.o
vListInsert                                       build/list.o
                                                  build/tasks.o
vListInsertEnd                                    build/list.o
                                                  build/tasks.o
vPortEndScheduler                                 build/port.o
                                                  build/tasks.o
vPortEnterCritical                                build/port.o
                                                  build/tasks.o
                                                  build/cmsis_os.o
                                                  build/queue.o
                                                  build/event_groups.o
vPortExitCritical                                 build/port.o
                                                  build/tasks.o
                                                  build/cmsis_os.o
                                                  build/queue.o
                                                  build/event_groups.o
vPortFree                                         build/heap_4.o
                                                  build/tasks.o
                                                  build/cmsis_os.o
                                                  build/queue.o
                                                  build/event_groups.o
vPortInitialiseBlocks                             build/heap_4.o
vPortSetupTimerInterrupt                          build/port.o
vPortValidateInterruptPriority                    build/port.o
                                                  build/tasks.o
                                                  build/queue.o
vQueueAddToRegistry                               build/queue.o
vQueueDelete                                      build/queue.o
                                                  build/cmsis_os.o
vQueueUnregisterQueue                             build/queue.o
vTaskDelay                                        build/tasks.o
                                                  build/cmsis_os.o
vTaskDelete                                       build/tasks.o
                                                  build/cmsis_os.o
vTaskEndScheduler                                 build/tasks.o
vTaskMissedYield                                  build/tasks.o
                                                  build/queue.o
vTaskNotifyGiveFromISR                            build/tasks.o
vTaskPlaceOnEventList                             build/tasks.o
                                                  build/queue.o
vTaskPlaceOnUnorderedEventList                    build/tasks.o
                                                  build/event_groups.o