Archive member included to satisfy reference by file (symbol)

/usr/lib/gcc/arm-none-eabi/6.3.1/../../../arm-none-eabi/lib/libc_nano.a(lib_a-atexit.o)
                              /usr/lib/gcc/arm-none-eabi/6.3.1/../../../arm-none-eabi/lib/crt0.o (atexit)
/usr/lib/gcc/arm-none-eabi/6.3.1/../../../arm-none-eabi/lib/libc_nano.a(lib_a-exit.o)
                              /usr/lib/gcc/arm-none-eabi/6.3.1/../../../arm-none-eabi/lib/crt0.o (exit)
/usr/lib/gcc/arm-none-eabi/6.3.1/../../../arm-none-eabi/lib/libc_nano.a(lib_a-fini.o)
                              /usr/lib/gcc/arm-none-eabi/6.3.1/../../../arm-none-eabi/lib/crt0.o (__libc_fini_array)
/usr/lib/gcc/arm-none-eabi/6.3.1/../../../arm-none-eabi/lib/libc_nano.a(lib_a-impure.o)
                              /usr/lib/gcc/arm-none-eabi/6.3.1/../../../arm-none-eabi/lib/libc_nano.a(lib_a-exit.o) (_global_impure_ptr)
/usr/lib/gcc/arm-none-eabi/6.3.1/../../../arm-none-eabi/lib/libc_nano.a(lib_a-init.o)
                              /usr/lib/gcc/arm-none-eabi/6.3.1/../../../arm-none-eabi/lib/crt0.o (__libc_init_array)
/usr/lib/gcc/arm-none-eabi/6.3.1/../../../arm-none-eabi/lib/libc_nano.a(lib_a-memcpy-stub.o)
                              build/queue.o (memcpy)
/usr/lib/gcc/arm-none-eabi/6.3.1/../../../arm-none-eabi/lib/libc_nano.a(lib_a-memset.o)
                              /usr/lib/gcc/arm-none-eabi/6.3.1/../../../arm-none-eabi/lib/crt0.o (memset)
/usr/lib/gcc/arm-none-eabi/6.3.1/../../../arm-none-eabi/lib/libc_nano.a(lib_a-sprintf.o)
                              build/main.o (sprintf)
/usr/lib/gcc/arm-none-eabi/6.3.1/../../../arm-none-eabi/lib/libc_nano.a(lib_a-__atexit.o)
                              /usr/lib/gcc/arm-none-eabi/6.3.1/../../../arm-none-eabi/lib/libc_nano.a(lib_a-atexit.o) (__register_exitproc)
/usr/lib/gcc/arm-none-eabi/6.3.1/../../../arm-none-eabi/lib/libc_nano.a(lib_a-__call_atexit.o)
                              /usr/lib/gcc/arm-none-eabi/6.3.1/../../../arm-none-eabi/lib/libc_nano.a(lib_a-__atexit.o) (__call_exitprocs)
/usr/lib/gcc/arm-none-eabi/6.3.1/../../../arm-none-eabi/lib/libc_nano.a(lib_a-nano-svfprintf.o)
                              /usr/lib/gcc/arm-none-eabi/6.3.1/../../../arm-none-eabi/lib/libc_nano.a(lib_a-sprintf.o) (_svfprintf_r)
/usr/lib/gcc/arm-none-eabi/6.3.1/../../../arm-none-eabi/lib/libc_nano.a(lib_a-nano-vfprintf_i.o)
                              /usr/lib/gcc/arm-none-eabi/6.3.1/../../../arm-none-eabi/lib/libc_nano.a(lib_a-nano-svfprintf.o) (_printf_i)
/usr/lib/gcc/arm-none-eabi/6.3.1/../../../arm-none-eabi/lib/libc_nano.a(lib_a-memchr-stub.o)
                              /usr/lib/gcc/arm-none-eabi/6.3.1/../../../arm-none-eabi/lib/libc_nano.a(lib_a-nano-svfprintf.o) (memchr)
/usr/lib/gcc/arm-none-eabi/6.3.1/../../../arm-none-eabi/lib/libc_nano.a(lib_a-memmove.o)
                              /usr/lib/gcc/arm-none-eabi/6.3.1/../../../arm-none-eabi/lib/libc_nano.a(lib_a-nano-svfprintf.o) (memmove)
/usr/lib/gcc/arm-none-eabi/6.3.1/../../../arm-none-eabi/lib/libc_nano.a(lib_a-nano-freer.o)
                              /usr/lib/gcc/arm-none-eabi/6.3.1/../../../arm-none-eabi/lib/libc_nano.a(lib_a-nano-svfprintf.o) (_free_r)
/usr/lib/gcc/arm-none-eabi/6.3.1/../../../arm-none-eabi/lib/libc_nano.a(lib_a-nano-mallocr.o)
                              /usr/lib/gcc/arm-none-eabi/6.3.1/../../../arm-none-eabi/lib/libc_nano.a(lib_a-nano-svfprintf.o) (_malloc_r)
/usr/lib/gcc/arm-none-eabi/6.3.1/../../../arm-none-eabi/lib/libc_nano.a(lib_a-nano-reallocr.o)
                              /usr/lib/gcc/arm-none-eabi/6.3.1/../../../arm-none-eabi/lib/libc_nano.a(lib_a-nano-svfprintf.o) (_realloc_r)
/usr/lib/gcc/arm-none-eabi/6.3.1/../../../arm-none-eabi/lib/libc_nano.a(lib_a-sbrkr.o)
                              /usr/lib/gcc/arm-none-eabi/6.3.1/../../../arm-none-eabi/lib/libc_nano.a(lib_a-nano-mallocr.o) (_sbrk_r)
/usr/lib/gcc/arm-none-eabi/6.3.1/../../../arm-none-eabi/lib/libc_nano.a(lib_a-nano-msizer.o)
                              /usr/lib/gcc/arm-none-eabi/6.3.1/../../../arm-none-eabi/lib/libc_nano.a(lib_a-nano-reallocr.o) (_malloc_usable_size_r)
/usr/lib/gcc/arm-none-eabi/6.3.1/../../../arm-none-eabi/lib/libc_nano.a(lib_a-reent.o)
                              /usr/lib/gcc/arm-none-eabi/6.3.1/../../../arm-none-eabi/lib/libc_nano.a(lib_a-sbrkr.o) (errno)
/usr/lib/gcc/arm-none-eabi/6.3.1/../../../arm-none-eabi/lib/libnosys.a(sbrk.o)
                              /usr/lib/gcc/arm-none-eabi/6.3.1/../../../arm-none-eabi/lib/libc_nano.a(lib_a-sbrkr.o) (_sbrk)
/usr/lib/gcc/arm-none-eabi/6.3.1/../../../arm-none-eabi/lib/libnosys.a(_exit.o)
                              /usr/lib/gcc/arm-none-eabi/6.3.1/../../../arm-none-eabi/lib/libc_nano.a(lib_a-exit.o) (_exit)
/usr/lib/gcc/arm-none-eabi/6.3.1/thumb/v7-m/libgcc.a(_udivsi3.o)
                              /usr/lib/gcc/arm-none-eabi/6.3.1/../../../arm-none-eabi/lib/libc_nano.a(lib_a-nano-vfprintf_i.o) (__aeabi_uidiv)
/usr/lib/gcc/arm-none-eabi/6.3.1/thumb/v7-m/libgcc.a(_dvmd_tls.o)
[...]
Memory Configuration

Name             Origin             Length             Attributes
RAM              0x0000000020000000 0x0000000000005000 xrw
FLASH            0x0000000008000000 0x0000000000010000 xr
*default*        0x0000000000000000 0xffffffffffffffff

Linker script and memory map

LOAD /usr/lib/gcc/arm-none-eabi/6.3.1/thumb/v7-m/crti.o
LOAD /usr/lib/gcc/arm-none-eabi/6.3.1/thumb/v7-m/crtbegin.o
LOAD /usr/lib/gcc/arm-none-eabi/6.3.1/../../../arm-none-eabi/lib/crt0.o
LOAD build/event_groups.o
LOAD build/stm32f1xx_hal_gpio.o
LOAD build/stm32f1xx_hal_gpio_ex.o
LOAD build/stm32f1xx_hal_dma.o
LOAD build/stm32f1xx_hal_cortex.o
LOAD build/queue.o
LOAD build/cmsis_os.o
LOAD build/system_stm32f1xx.o
LOAD build/freertos.o
LOAD build/stm32f1xx_hal_flash_ex.o
LOAD build/stm32f1xx_hal.o
LOAD build/croutine.o
LOAD build/stm32f1xx_hal_rcc.o
LOAD build/stm32f1xx_it.o
LOAD build/stm32f1xx_hal_flash.o
LOAD build/stm32f1xx_hal_tim_ex.o
LOAD build/heap_4.o
LOAD build/stm32f1xx_hal_pwr.o
LOAD build/stm32f1xx_hal_rcc_ex.o
LOAD build/freertos.o
LOAD build/stm32f1xx_hal_timebase_TIM.o
LOAD build/tasks.o
LOAD build/stm32f1xx_hal_tim.o
LOAD build/list.o
LOAD build/timers.o
LOAD build/port.o
LOAD build/stm32f1xx_hal_msp.o
LOAD build/main.o
LOAD build/stm32f1xx_hal_uart.o
LOAD build/stm32f1xx_hal_spi.o
LOAD build/stm32f1xx_hal_spi_ex.o
LOAD build/trig.o
LOAD build/startup_stm32f103xb.o
LOAD /usr/lib/gcc/arm-none-eabi/6.3.1/../../../arm-none-eabi/lib/libc_nano.a
LOAD /usr/lib/gcc/arm-none-eabi/6.3.1/../../../arm-none-eabi/lib/libm.a
LOAD /usr/lib/gcc/arm-none-eabi/6.3.1/../../../arm-none-eabi/lib/libnosys.a
START GROUP
LOAD /usr/lib/gcc/arm-none-eabi/6.3.1/thumb/v7-m/libgcc.a
LOAD /usr/lib/gcc/arm-none-eabi/6.3.1/../../../arm-none-eabi/lib/libc_nano.a
END GROUP
START GROUP
LOAD /usr/lib/gcc/arm-none-eabi/6.3.1/thumb/v7-m/libgcc.a
LOAD /usr/lib/gcc/arm-none-eabi/6.3.1/../../../arm-none-eabi/lib/libc_nano.a
END GROUP
LOAD /usr/lib/gcc/arm-none-eabi/6.3.1/thumb/v7-m/crtend.o
LOAD /usr/lib/gcc/arm-none-eabi/6.3.1/thumb/v7-m/crtn.o
                0x0000000020005000                _estack = 0x20005000
                0x0000000000000200                _Min_Heap_Size = 0x200
                0x0000000000000400                _Min_Stack_Size = 0x400

.isr_vector     0x0000000008000000      0x10c
                0x0000000008000000                . = ALIGN (0x4)
 *(.isr_vector)
 .isr_vector    0x0000000008000000      0x10c build/startup_stm32f103xb.o
                0x0000000008000000                g_pfnVectors
                0x000000000800010c                . = ALIGN (0x4)

.text           0x0000000008000110     0x4510
                0x0000000008000110                . = ALIGN (0x4)
 *(.text)
 .text          0x0000000008000110       0xa4 /usr/lib/gcc/arm-none-eabi/6.3.1/thumb/v7-m/crtbegin.o
 .text          0x00000000080001b4       0x80 /usr/lib/gcc/arm-none-eabi/6.3.1/../../../arm-none-eabi/lib/libc_nano.a(lib_a-init.o)
                0x00000000080001b4                __libc_init_array
 .text          0x0000000008000234       0xf0 /usr/lib/gcc/arm-none-eabi/6.3.1/../../../arm-none-eabi/lib/libc_nano.a(lib_a-memcpy-stub.o)
                0x0000000008000234                memcpy
 .text          0x0000000008000324       0xd8 /usr/lib/gcc/arm-none-eabi/6.3.1/../../../arm-none-eabi/lib/libc_nano.a(lib_a-sprintf.o)
                0x0000000008000324                _siprintf_r
                0x0000000008000324                _sprintf_r
                0x0000000008000388                sprintf
                0x0000000008000388                siprintf
 .text          0x00000000080003fc      0x638 /usr/lib/gcc/arm-none-eabi/6.3.1/../../../arm-none-eabi/lib/libc_nano.a(lib_a-nano-svfprintf.o)
                0x00000000080003fc                __ssputs_r
                0x0000000008000534                __ssprint_r
                0x00000000080006e4                _svfprintf_r
                0x00000000080006e4                _svfiprintf_r
 .text          0x0000000008000a34      0x5fc /usr/lib/gcc/arm-none-eabi/6.3.1/../../../arm-none-eabi/lib/libc_nano.a(lib_a-nano-vfprintf_i.o)
                0x0000000008000a34                _printf_common
                0x0000000008000c08                _printf_i
 .text          0x0000000008001030      0x114 /usr/lib/gcc/arm-none-eabi/6.3.1/../../../arm-none-eabi/lib/libc_nano.a(lib_a-memchr-stub.o)
                0x0000000008001030                memchr
 .text          0x0000000008001144      0x12c /usr/lib/gcc/arm-none-eabi/6.3.1/../../../arm-none-eabi/lib/libc_nano.a(lib_a-memmove.o)
                0x0000000008001144                memmove
 .text          0x0000000008001270       0xf8 /usr/lib/gcc/arm-none-eabi/6.3.1/../../../arm-none-eabi/lib/libc_nano.a(lib_a-nano-freer.o)
                0x0000000008001270                _free_r
 .text          0x0000000008001368      0x14c /usr/lib/gcc/arm-none-eabi/6.3.1/../../../arm-none-eabi/lib/libc_nano.a(lib_a-nano-mallocr.o)
                0x0000000008001368                _malloc_r
 .text          0x00000000080014b4       0x88 /usr/lib/gcc/arm-none-eabi/6.3.1/../../../arm-none-eabi/lib/libc_nano.a(lib_a-nano-reallocr.o)
                0x00000000080014b4                _realloc_r
 .text          0x000000000800153c       0x44 /usr/lib/gcc/arm-none-eabi/6.3.1/../../../arm-none-eabi/lib/libc_nano.a(lib_a-sbrkr.o)
                0x000000000800153c                _sbrk_r
 .text          0x0000000008001580       0x1c /usr/lib/gcc/arm-none-eabi/6.3.1/../../../arm-none-eabi/lib/libc_nano.a(lib_a-nano-msizer.o)
                0x0000000008001580                _malloc_usable_size_r
 .text          0x000000000800159c       0x2c /usr/lib/gcc/arm-none-eabi/6.3.1/../../../arm-none-eabi/lib/libnosys.a(sbrk.o)
                0x000000000800159c                _sbrk
 .text          0x00000000080015c8       0x24 /usr/lib/gcc/arm-none-eabi/6.3.1/thumb/v7-m/libgcc.a(_udivsi3.o)
                0x00000000080015c8                __udivsi3
                0x00000000080015c8                __aeabi_uidiv
                0x00000000080015dc                __aeabi_uidivmod
 .text          0x00000000080015ec        0x4 /usr/lib/gcc/arm-none-eabi/6.3.1/thumb/v7-m/libgcc.a(_dvmd_tls.o)
                0x00000000080015ec                __aeabi_ldiv0
                0x00000000080015ec                __aeabi_idiv0
 .text          0x00000000080015f0      0x21c /usr/lib/gcc/arm-none-eabi/6.3.1/thumb/v7-m/libgcc.a(_arm_addsubsf3.o)
                0x00000000080015f0                __aeabi_frsub
                0x00000000080015f8                __subsf3
                0x00000000080015f8                __aeabi_fsub
                0x00000000080015fc                __aeabi_fadd
                0x00000000080015fc                __addsf3
                0x000000000800175c                __aeabi_ui2f
                0x000000000800175c                __floatunsisf
                0x0000000008001764                __aeabi_i2f
                0x0000000008001764                __floatsisf
                0x0000000008001780                __floatundisf
                0x0000000008001780                __aeabi_ul2f
                0x0000000008001790                __floatdisf
                0x0000000008001790                __aeabi_l2f
 .text          0x000000000800180c      0x2a0 /usr/lib/gcc/arm-none-eabi/6.3.1/thumb/v7-m/libgcc.a(_arm_muldivsf3.o)
                0x000000000800180c                __mulsf3
                0x000000000800180c                __aeabi_fmul
                0x0000000008001974                __divsf3
                0x0000000008001974                __aeabi_fdiv
 .text          0x0000000008001aac       0xec /usr/lib/gcc/arm-none-eabi/6.3.1/thumb/v7-m/libgcc.a(_arm_cmpsf2.o)
                0x0000000008001aac                __gtsf2
                0x0000000008001aac                __gesf2
                0x0000000008001ab4                __lesf2
                0x0000000008001ab4                __ltsf2
                0x0000000008001abc                __nesf2
                0x0000000008001abc                __eqsf2
                0x0000000008001abc                __cmpsf2
                0x0000000008001b1c                __aeabi_cfrcmple
                0x0000000008001b24                __aeabi_cfcmple
                0x0000000008001b24                __aeabi_cfcmpeq
                0x0000000008001b34                __aeabi_fcmpeq
                0x0000000008001b48                __aeabi_fcmplt
                0x0000000008001b5c                __aeabi_fcmple
                0x0000000008001b70                __aeabi_fcmpge
                0x0000000008001b84                __aeabi_fcmpgt
 .text          0x0000000008001b98       0x40 /usr/lib/gcc/arm-none-eabi/6.3.1/thumb/v7-m/libgcc.a(_arm_fixunssfsi.o)
                0x0000000008001b98                __aeabi_f2uiz
                0x0000000008001b98                __fixunssfsi
 *(.text*)
 .text.HAL_GPIO_Init
                0x0000000008001bd8      0x1ec build/stm32f1xx_hal_gpio.o
                0x0000000008001bd8                HAL_GPIO_Init
 .text.HAL_GPIO_WritePin
                0x0000000008001dc4        0xc build/stm32f1xx_hal_gpio.o
                0x0000000008001dc4                HAL_GPIO_WritePin
 .text.HAL_NVIC_SetPriorityGrouping
                0x0000000008001dd0       0x24 build/stm32f1xx_hal_cortex.o
                0x0000000008001dd0                HAL_NVIC_SetPriorityGrouping
 .text.HAL_NVIC_SetPriority
                0x0000000008001df4       0x64 build/stm32f1xx_hal_cortex.o
                0x0000000008001df4                HAL_NVIC_SetPriority
 .text.HAL_NVIC_EnableIRQ
                0x0000000008001e58       0x18 build/stm32f1xx_hal_cortex.o
                0x0000000008001e58                HAL_NVIC_EnableIRQ
 .text.HAL_SYSTICK_Config
                0x0000000008001e70       0x2c build/stm32f1xx_hal_cortex.o
                0x0000000008001e70                HAL_SYSTICK_Config
 .text.HAL_SYSTICK_CLKSourceConfig
                0x0000000008001e9c       0x20 build/stm32f1xx_hal_cortex.o
                0x0000000008001e9c                HAL_SYSTICK_CLKSourceConfig
 .text.makeFreeRtosPriority
                0x0000000008001ebc        0xc build/cmsis_os.o
 .text.osKernelStart
                0x0000000008001ec8        0xa build/cmsis_os.o
                0x0000000008001ec8                osKernelStart
 .text.osThreadCreate
                0x0000000008001ed2       0x34 build/cmsis_os.o
                0x0000000008001ed2                osThreadCreate
 .text.osSystickHandler
                0x0000000008001f06       0x10 build/cmsis_os.o
                0x0000000008001f06                osSystickHandler
 *fill*         0x0000000008001f16        0x2 
 .text.SystemInit
                0x0000000008001f18       0x4c build/system_stm32f1xx.o
                0x0000000008001f18                SystemInit
 .text.HAL_Init
                0x0000000008001f64       0x24 build/stm32f1xx_hal.o
                0x0000000008001f64                HAL_Init
 .text.HAL_IncTick
                0x0000000008001f88       0x18 build/stm32f1xx_hal.o
                0x0000000008001f88                HAL_IncTick
 .text.HAL_GetTick
                0x0000000008001fa0        0xc build/stm32f1xx_hal.o
                0x0000000008001fa0                HAL_GetTick
 .text.RCC_Delay
                0x0000000008001fac       0x2c build/stm32f1xx_hal_rcc.o
 .text.HAL_RCC_OscConfig
                0x0000000008001fd8      0x3e0 build/stm32f1xx_hal_rcc.o
                0x0000000008001fd8                HAL_RCC_OscConfig
 .text.HAL_RCC_GetSysClockFreq
                0x00000000080023b8       0x6c build/stm32f1xx_hal_rcc.o
                0x00000000080023b8                HAL_RCC_GetSysClockFreq
 .text.HAL_RCC_ClockConfig
                0x0000000008002424      0x178 build/stm32f1xx_hal_rcc.o
                0x0000000008002424                HAL_RCC_ClockConfig
 .text.HAL_RCC_GetHCLKFreq
                0x000000000800259c        0xc build/stm32f1xx_hal_rcc.o
                0x000000000800259c                HAL_RCC_GetHCLKFreq
 .text.HAL_RCC_GetPCLK1Freq
                0x00000000080025a8       0x20 build/stm32f1xx_hal_rcc.o
                0x00000000080025a8                HAL_RCC_GetPCLK1Freq
 .text.HAL_RCC_GetPCLK2Freq
                0x00000000080025c8       0x20 build/stm32f1xx_hal_rcc.o
                0x00000000080025c8                HAL_RCC_GetPCLK2Freq
 .text.HAL_RCC_GetClockConfig
                0x00000000080025e8       0x3c build/stm32f1xx_hal_rcc.o
                0x00000000080025e8                HAL_RCC_GetClockConfig
 .text.NMI_Handler
                0x0000000008002624        0x2 build/stm32f1xx_it.o
                0x0000000008002624                NMI_Handler
 .text.HardFault_Handler
                0x0000000008002626        0x2 build/stm32f1xx_it.o
                0x0000000008002626                HardFault_Handler
 .text.MemManage_Handler
                0x0000000008002628        0x2 build/stm32f1xx_it.o
                0x0000000008002628                MemManage_Handler
 .text.BusFault_Handler
                0x000000000800262a        0x2 build/stm32f1xx_it.o
                0x000000000800262a                BusFault_Handler
 .text.UsageFault_Handler
                0x000000000800262c        0x2 build/stm32f1xx_it.o
                0x000000000800262c                UsageFault_Handler
 .text.DebugMon_Handler
                0x000000000800262e        0x2 build/stm32f1xx_it.o
                0x000000000800262e                DebugMon_Handler
 .text.SysTick_Handler
                0x0000000008002630        0x8 build/stm32f1xx_it.o
                0x0000000008002630                SysTick_Handler
 .text.TIM4_IRQHandler
                0x0000000008002638       0x10 build/stm32f1xx_it.o
                0x0000000008002638                TIM4_IRQHandler
 .text.HAL_TIMEx_MasterConfigSynchronization
                0x0000000008002648       0x52 build/stm32f1xx_hal_tim_ex.o
                0x0000000008002648                HAL_TIMEx_MasterConfigSynchronization
 .text.HAL_TIMEx_CommutationCallback
                0x000000000800269a        0x2 build/stm32f1xx_hal_tim_ex.o
                0x000000000800269a                HAL_TIMEx_CommutationCallback
 .text.HAL_TIMEx_BreakCallback
                0x000000000800269c        0x2 build/stm32f1xx_hal_tim_ex.o
                0x000000000800269c                HAL_TIMEx_BreakCallback
 *fill*         0x000000000800269e        0x2 
 .text.prvHeapInit
                0x00000000080026a0       0x64 build/heap_4.o
 .text.prvInsertBlockIntoFreeList
                0x0000000008002704       0x54 build/heap_4.o
 .text.pvPortMalloc
                0x0000000008002758      0x108 build/heap_4.o
                0x0000000008002758                pvPortMalloc
 .text.vPortFree
                0x0000000008002860       0x70 build/heap_4.o
                0x0000000008002860                vPortFree
 .text.HAL_InitTick
                0x00000000080028d0       0x7c build/stm32f1xx_hal_timebase_TIM.o
                0x00000000080028d0                HAL_InitTick
 .text.prvResetNextTaskUnblockTime
                0x000000000800294c       0x34 build/tasks.o
 .text.prvDeleteTCB
                0x0000000008002980       0x12 build/tasks.o
 .text.prvInitialiseNewTask
                0x0000000008002992       0x80 build/tasks.o
 *fill*         0x0000000008002a12        0x2 
 .text.prvInitialiseTaskLists
                0x0000000008002a14       0x68 build/tasks.o
 .text.prvAddNewTaskToReadyList
                0x0000000008002a7c       0xa8 build/tasks.o
 .text.xTaskCreate
                0x0000000008002b24       0x62 build/tasks.o
                0x0000000008002b24                xTaskCreate
 *fill*         0x0000000008002b86        0x2 
 .text.vTaskStartScheduler
                0x0000000008002b88       0x7c build/tasks.o
                0x0000000008002b88                vTaskStartScheduler
 .text.vTaskSuspendAll
                0x0000000008002c04       0x10 build/tasks.o
                0x0000000008002c04                vTaskSuspendAll
 .text.xTaskIncrementTick
                0x0000000008002c14      0x120 build/tasks.o
                0x0000000008002c14                xTaskIncrementTick
 .text.xTaskResumeAll
                0x0000000008002d34       0xfc build/tasks.o
                0x0000000008002d34                xTaskResumeAll
 .text.prvCheckTasksWaitingTermination
                0x0000000008002e30       0x5c build/tasks.o
 .text.prvIdleTask
                0x0000000008002e8c       0x28 build/tasks.o
 .text.vTaskSwitchContext
                0x0000000008002eb4       0x98 build/tasks.o
                0x0000000008002eb4                vTaskSwitchContext
 .text.xTaskGetSchedulerState
                0x0000000008002f4c       0x20 build/tasks.o
                0x0000000008002f4c                xTaskGetSchedulerState
 .text.TIM_OC1_SetConfig
                0x0000000008002f6c       0x5c build/stm32f1xx_hal_tim.o
 .text.TIM_OC3_SetConfig
                0x0000000008002fc8       0x64 build/stm32f1xx_hal_tim.o
 .text.TIM_OC4_SetConfig
                0x000000000800302c       0x48 build/stm32f1xx_hal_tim.o
 .text.TIM_TI1_ConfigInputStage
                0x0000000008003074       0x24 build/stm32f1xx_hal_tim.o
 .text.TIM_TI2_SetConfig
                0x0000000008003098       0x34 build/stm32f1xx_hal_tim.o
 .text.TIM_TI2_ConfigInputStage
                0x00000000080030cc       0x26 build/stm32f1xx_hal_tim.o
 .text.TIM_TI3_SetConfig
                0x00000000080030f2       0x32 build/stm32f1xx_hal_tim.o
 .text.TIM_TI4_SetConfig
                0x0000000008003124       0x34 build/stm32f1xx_hal_tim.o
 .text.TIM_ETR_SetConfig
                0x0000000008003158       0x16 build/stm32f1xx_hal_tim.o
 .text.TIM_SlaveTimer_SetConfig
                0x000000000800316e       0x76 build/stm32f1xx_hal_tim.o
 .text.HAL_TIM_Base_MspInit
                0x00000000080031e4        0x2 build/stm32f1xx_hal_tim.o
                0x00000000080031e4                HAL_TIM_Base_MspInit
 .text.HAL_TIM_Base_Start_IT
                0x00000000080031e6       0x18 build/stm32f1xx_hal_tim.o
                0x00000000080031e6                HAL_TIM_Base_Start_IT
 .text.HAL_TIM_SlaveConfigSynchronization
                0x00000000080031fe       0x40 build/stm32f1xx_hal_tim.o
                0x00000000080031fe                HAL_TIM_SlaveConfigSynchronization
 .text.HAL_TIM_OC_DelayElapsedCallback
                0x000000000800323e        0x2 build/stm32f1xx_hal_tim.o
                0x000000000800323e                HAL_TIM_OC_DelayElapsedCallback
 .text.HAL_TIM_IC_CaptureCallback
                0x0000000008003240        0x2 build/stm32f1xx_hal_tim.o
                0x0000000008003240                HAL_TIM_IC_CaptureCallback
 .text.HAL_TIM_PWM_PulseFinishedCallback
                0x0000000008003242        0x2 build/stm32f1xx_hal_tim.o
                0x0000000008003242                HAL_TIM_PWM_PulseFinishedCallback
 .text.HAL_TIM_TriggerCallback
                0x0000000008003244        0x2 build/stm32f1xx_hal_tim.o
                0x0000000008003244                HAL_TIM_TriggerCallback
 .text.HAL_TIM_IRQHandler
                0x0000000008003246      0x17a build/stm32f1xx_hal_tim.o
                0x0000000008003246                HAL_TIM_IRQHandler
 .text.TIM_Base_SetConfig
                0x00000000080033c0       0x78 build/stm32f1xx_hal_tim.o
                0x00000000080033c0                TIM_Base_SetConfig
 .text.HAL_TIM_Base_Init
                0x0000000008003438       0x32 build/stm32f1xx_hal_tim.o
                0x0000000008003438                HAL_TIM_Base_Init
 .text.HAL_TIM_PWM_Init
                0x000000000800346a       0x32 build/stm32f1xx_hal_tim.o
                0x000000000800346a                HAL_TIM_PWM_Init
 .text.HAL_TIM_IC_Init
                0x000000000800349c       0x32 build/stm32f1xx_hal_tim.o
                0x000000000800349c                HAL_TIM_IC_Init
 *fill*         0x00000000080034ce        0x2 
 .text.TIM_OC2_SetConfig
                0x00000000080034d0       0x64 build/stm32f1xx_hal_tim.o
                0x00000000080034d0                TIM_OC2_SetConfig
 .text.HAL_TIM_PWM_ConfigChannel
                0x0000000008003534       0xdc build/stm32f1xx_hal_tim.o
                0x0000000008003534                HAL_TIM_PWM_ConfigChannel
 .text.TIM_TI1_SetConfig
                0x0000000008003610       0x6c build/stm32f1xx_hal_tim.o
                0x0000000008003610                TIM_TI1_SetConfig
 .text.HAL_TIM_IC_ConfigChannel
                0x000000000800367c       0xc0 build/stm32f1xx_hal_tim.o
                0x000000000800367c                HAL_TIM_IC_ConfigChannel
 .text.TIM_CCxChannelCmd
                0x000000000800373c       0x1c build/stm32f1xx_hal_tim.o
                0x000000000800373c                TIM_CCxChannelCmd
 .text.HAL_TIM_PWM_Start
                0x0000000008003758       0x30 build/stm32f1xx_hal_tim.o
                0x0000000008003758                HAL_TIM_PWM_Start
 .text.HAL_TIM_IC_Start
                0x0000000008003788       0x1a build/stm32f1xx_hal_tim.o
                0x0000000008003788                HAL_TIM_IC_Start
 .text.HAL_TIM_IC_Start_IT
                0x00000000080037a2       0x5e build/stm32f1xx_hal_tim.o
                0x00000000080037a2                HAL_TIM_IC_Start_IT
 .text.vListInitialise
                0x0000000008003800       0x16 build/list.o
                0x0000000008003800                vListInitialise
 .text.vListInitialiseItem
                0x0000000008003816        0x6 build/list.o
                0x0000000008003816                vListInitialiseItem
 .text.vListInsertEnd
                0x000000000800381c       0x18 build/list.o
                0x000000000800381c                vListInsertEnd
 .text.uxListRemove
                0x0000000008003834       0x26 build/list.o
                0x0000000008003834                uxListRemove
 *fill*         0x000000000800385a        0x2 
 .text.prvTaskExitError
                0x000000000800385c       0x34 build/port.o
 .text.prvPortStartFirstTask
                0x0000000008003890       0x20 build/port.o
 .text.pxPortInitialiseStack
                0x00000000080038b0       0x24 build/port.o
                0x00000000080038b0                pxPortInitialiseStack
 *fill*         0x00000000080038d4        0xc 
 .text.SVC_Handler
                0x00000000080038e0       0x24 build/port.o
                0x00000000080038e0                SVC_Handler
 .text.vPortEnterCritical
                0x0000000008003904       0x44 build/port.o
                0x0000000008003904                vPortEnterCritical
 .text.vPortExitCritical
                0x0000000008003948       0x2c build/port.o
                0x0000000008003948                vPortExitCritical
 *fill*         0x0000000008003974        0xc 
 .text.PendSV_Handler
                0x0000000008003980       0x44 build/port.o
                0x0000000008003980                PendSV_Handler
 .text.xPortSysTickHandler
                0x00000000080039c4       0x2c build/port.o
                0x00000000080039c4                xPortSysTickHandler
 .text.vPortSetupTimerInterrupt
                0x00000000080039f0       0x2c build/port.o
                0x00000000080039f0                vPortSetupTimerInterrupt
 .text.xPortStartScheduler
                0x0000000008003a1c       0x98 build/port.o
                0x0000000008003a1c                xPortStartScheduler
 .text.HAL_MspInit
                0x0000000008003ab4       0x90 build/stm32f1xx_hal_msp.o
                0x0000000008003ab4                HAL_MspInit
 .text.HAL_SPI_MspInit
                0x0000000008003b44       0x6c build/stm32f1xx_hal_msp.o
                0x0000000008003b44                HAL_SPI_MspInit
 .text.HAL_TIM_PWM_MspInit
                0x0000000008003bb0       0x26 build/stm32f1xx_hal_msp.o
                0x0000000008003bb0                HAL_TIM_PWM_MspInit
 *fill*         0x0000000008003bd6        0x2 
 .text.HAL_TIM_IC_MspInit
                0x0000000008003bd8       0x44 build/stm32f1xx_hal_msp.o
                0x0000000008003bd8                HAL_TIM_IC_MspInit
 .text.HAL_TIM_MspPostInit
                0x0000000008003c1c       0x2c build/stm32f1xx_hal_msp.o
                0x0000000008003c1c                HAL_TIM_MspPostInit
 .text.HAL_UART_MspInit
                0x0000000008003c48       0x5c build/stm32f1xx_hal_msp.o
                0x0000000008003c48                HAL_UART_MspInit
 .text.MX_GPIO_Init
                0x0000000008003ca4       0x90 build/main.o
 .text.setMotorTorque
                0x0000000008003d34       0xe0 build/main.o
                0x0000000008003d34                setMotorTorque
 .text.StartDefaultTask
                0x0000000008003e14       0x9c build/main.o
                0x0000000008003e14                StartDefaultTask
 .text.HAL_TIM_PeriodElapsedCallback
                0x0000000008003eb0       0x18 build/main.o
                0x0000000008003eb0                HAL_TIM_PeriodElapsedCallback
 .text._Error_Handler
                0x0000000008003ec8        0x2 build/main.o
                0x0000000008003ec8                _Error_Handler
 *fill*         0x0000000008003eca        0x2 
 .text.MX_TIM3_Init
                0x0000000008003ecc       0xb8 build/main.o
 .text.MX_SPI1_Init
                0x0000000008003f84       0x50 build/main.o
 .text.MX_USART1_UART_Init
                0x0000000008003fd4       0x3c build/main.o
 .text.MX_TIM2_Init
                0x0000000008004010       0xbc build/main.o
 .text.SystemClock_Config
                0x00000000080040cc       0x84 build/main.o
                0x00000000080040cc                SystemClock_Config
 .text.main     0x0000000008004150       0x48 build/main.o
                0x0000000008004150                main
 .text.UART_SetConfig
                0x0000000008004198      0x1b0 build/stm32f1xx_hal_uart.o
 .text.UART_WaitOnFlagUntilTimeout
                0x0000000008004348       0x64 build/stm32f1xx_hal_uart.o
 .text.HAL_UART_Init
                0x00000000080043ac       0x5e build/stm32f1xx_hal_uart.o
                0x00000000080043ac                HAL_UART_Init
 .text.HAL_UART_Transmit
                0x000000000800440a       0xe2 build/stm32f1xx_hal_uart.o
                0x000000000800440a                HAL_UART_Transmit
 .text.HAL_SPI_Init
                0x00000000080044ec       0x82 build/stm32f1xx_hal_spi_ex.o
                0x00000000080044ec                HAL_SPI_Init
 *fill*         0x000000000800456e        0x2 
 .text.sinShift03
                0x0000000008004570        0xc build/trig.o
                0x0000000008004570                sinShift03
 .text.sinShift13
                0x000000000800457c       0x20 build/trig.o
                0x000000000800457c                sinShift13
 .text.sinShift23
                0x000000000800459c       0x20 build/trig.o
                0x000000000800459c                sinShift23
 .text.Reset_Handler
                0x00000000080045bc       0x48 build/startup_stm32f103xb.o
                0x00000000080045bc                Reset_Handler
 .text.Default_Handler
                0x0000000008004604        0x2 build/startup_stm32f103xb.o
                0x0000000008004604                RTC_Alarm_IRQHandler
                0x0000000008004604                EXTI2_IRQHandler
                0x0000000008004604                TIM1_CC_IRQHandler
                0x0000000008004604                PVD_IRQHandler
                0x0000000008004604                EXTI3_IRQHandler
                0x0000000008004604                EXTI0_IRQHandler
                0x0000000008004604                I2C2_EV_IRQHandler
                0x0000000008004604                ADC1_2_IRQHandler
                0x0000000008004604                SPI1_IRQHandler
                0x0000000008004604                TAMPER_IRQHandler
                0x0000000008004604                DMA1_Channel4_IRQHandler
                0x0000000008004604                USART3_IRQHandler
                0x0000000008004604                RTC_IRQHandler
                0x0000000008004604                DMA1_Channel7_IRQHandler
                0x0000000008004604                CAN1_RX1_IRQHandler
                0x0000000008004604                I2C1_EV_IRQHandler
                0x0000000008004604                DMA1_Channel6_IRQHandler
                0x0000000008004604                TIM3_IRQHandler
                0x0000000008004604                RCC_IRQHandler
                0x0000000008004604                TIM1_TRG_COM_IRQHandler
                0x0000000008004604                DMA1_Channel1_IRQHandler
                0x0000000008004604                Default_Handler
                0x0000000008004604                EXTI15_10_IRQHandler
                0x0000000008004604                EXTI9_5_IRQHandler
                0x0000000008004604                SPI2_IRQHandler
                0x0000000008004604                DMA1_Channel5_IRQHandler
                0x0000000008004604                EXTI4_IRQHandler
                0x0000000008004604                USB_LP_CAN1_RX0_IRQHandler
                0x0000000008004604                USB_HP_CAN1_TX_IRQHandler
                0x0000000008004604                DMA1_Channel3_IRQHandler
                0x0000000008004604                TIM1_UP_IRQHandler
                0x0000000008004604                WWDG_IRQHandler
                0x0000000008004604                TIM2_IRQHandler
                0x0000000008004604                TIM1_BRK_IRQHandler
                0x0000000008004604                EXTI1_IRQHandler
                0x0000000008004604                USART2_IRQHandler
                0x0000000008004604                I2C2_ER_IRQHandler
                0x0000000008004604                DMA1_Channel2_IRQHandler
                0x0000000008004604                CAN1_SCE_IRQHandler
                0x0000000008004604                FLASH_IRQHandler
                0x0000000008004604                USART1_IRQHandler
                0x0000000008004604                I2C1_ER_IRQHandler
                0x0000000008004604                USBWakeUp_IRQHandler
 *(.glue_7)
 .glue_7        0x0000000008004606        0x0 linker stubs
 *(.glue_7t)
 .glue_7t       0x0000000008004606        0x0 linker stubs
 *(.eh_frame)
 *fill*         0x0000000008004606        0x2 
 .eh_frame      0x0000000008004608        0x0 /usr/lib/gcc/arm-none-eabi/6.3.1/thumb/v7-m/crtbegin.o
 *(.init)
 .init          0x0000000008004608        0x4 /usr/lib/gcc/arm-none-eabi/6.3.1/thumb/v7-m/crti.o
                0x0000000008004608                _init
 .init          0x000000000800460c        0x8 /usr/lib/gcc/arm-none-eabi/6.3.1/thumb/v7-m/crtn.o
 *(.fini)
 .fini          0x0000000008004614        0x4 /usr/lib/gcc/arm-none-eabi/6.3.1/thumb/v7-m/crti.o
                0x0000000008004614                _fini
 .fini          0x0000000008004618        0x8 /usr/lib/gcc/arm-none-eabi/6.3.1/thumb/v7-m/crtn.o
                0x0000000008004620                . = ALIGN (0x4)
                0x0000000008004620                _etext = .

.vfp11_veneer   0x0000000008004620        0x0
 .vfp11_veneer  0x0000000008004620        0x0 linker stubs

.v4_bx          0x0000000008004620        0x0
 .v4_bx         0x0000000008004620        0x0 linker stubs

.iplt           0x0000000008004620        0x0
 .iplt          0x0000000008004620        0x0 /usr/lib/gcc/arm-none-eabi/6.3.1/thumb/v7-m/crtbegin.o

.rodata         0x0000000008004620       0xb4
                0x0000000008004620                . = ALIGN (0x4)
 *(.rodata)
 .rodata        0x0000000008004620       0x12 build/stm32f1xx_hal_rcc.o
 *fill*         0x0000000008004632        0x2 
 .rodata        0x0000000008004634       0x14 build/main.o
 *(.rodata*)
 .rodata.AHBPrescTable
                0x0000000008004648       0x10 build/system_stm32f1xx.o
                0x0000000008004648                AHBPrescTable
 .rodata.APBPrescTable
                0x0000000008004658        0x8 build/system_stm32f1xx.o
                0x0000000008004658                APBPrescTable
 .rodata.vTaskStartScheduler.str1.4
                0x0000000008004660        0x5 build/tasks.o
 *fill*         0x0000000008004665        0x3 
 .rodata.MX_TIM3_Init.str1.4
                0x0000000008004668        0xb build/main.o
 *fill*         0x0000000008004673        0x1 
 .rodata.StartDefaultTask.str1.4
                0x0000000008004674        0x5 build/main.o
 *fill*         0x0000000008004679        0x3 
 .rodata.setMotorTorque.str1.4
                0x000000000800467c        0xc build/main.o
 .rodata.str1.4
                0x0000000008004688        0xc build/main.o
 .rodata.str1.4
                0x0000000008004694        0x2 /usr/lib/gcc/arm-none-eabi/6.3.1/../../../arm-none-eabi/lib/libc_nano.a(lib_a-impure.o)
 *fill*         0x0000000008004696        0x2 
 .rodata.str1.4
                0x0000000008004698       0x13 /usr/lib/gcc/arm-none-eabi/6.3.1/../../../arm-none-eabi/lib/libc_nano.a(lib_a-nano-svfprintf.o)
 *fill*         0x00000000080046ab        0x1 
 .rodata.str1.4
                0x00000000080046ac       0x28 /usr/lib/gcc/arm-none-eabi/6.3.1/../../../arm-none-eabi/lib/libc_nano.a(lib_a-nano-vfprintf_i.o)
                                         0x25 (size before relaxing)
                0x00000000080046d4                . = ALIGN (0x4)

.rel.dyn        0x00000000080046d4        0x0
 .rel.iplt      0x00000000080046d4        0x0 /usr/lib/gcc/arm-none-eabi/6.3.1/thumb/v7-m/crtbegin.o

.ARM.extab
 *(.ARM.extab* .gnu.linkonce.armextab.*)

.ARM            0x00000000080046d4        0x0
                0x00000000080046d4                __exidx_start = .
 *(.ARM.exidx*)
                0x00000000080046d4                __exidx_end = .

.preinit_array  0x00000000080046d4        0x0
                0x00000000080046d4                PROVIDE (__preinit_array_start, .)
 *(.preinit_array*)
                0x00000000080046d4                PROVIDE (__preinit_array_end, .)

.init_array     0x00000000080046d4        0x4
                0x00000000080046d4                PROVIDE (__init_array_start, .)
 *(SORT(.init_array.*))
 *(.init_array*)
 .init_array    0x00000000080046d4        0x4 /usr/lib/gcc/arm-none-eabi/6.3.1/thumb/v7-m/crtbegin.o
                0x00000000080046d8                PROVIDE (__init_array_end, .)

.fini_array     0x00000000080046d8        0x4
                0x00000000080046d8                PROVIDE (__fini_array_start, .)
 *(SORT(.fini_array.*))
 *(.fini_array*)
 .fini_array    0x00000000080046d8        0x4 /usr/lib/gcc/arm-none-eabi/6.3.1/thumb/v7-m/crtbegin.o
                0x00000000080046dc                PROVIDE (__fini_array_end, .)
                0x00000000080046dc                _sidata = LOADADDR (.data)

.data           0x0000000020000000     0x2070 load address 0x00000000080046dc
                0x0000000020000000                . = ALIGN (0x4)
                0x0000000020000000                _sdata = .
 *(.data)
 .data          0x0000000020000000       0x64 /usr/lib/gcc/arm-none-eabi/6.3.1/../../../arm-none-eabi/lib/libc_nano.a(lib_a-impure.o)
                0x0000000020000000                _impure_ptr
 *(.data*)
 .data.SystemCoreClock
                0x0000000020000064        0x4 build/system_stm32f1xx.o
                0x0000000020000064                SystemCoreClock
 .data.uwTickFreq
                0x0000000020000068        0x1 build/stm32f1xx_hal.o
                0x0000000020000068                uwTickFreq
 *fill*         0x0000000020000069        0x3 
 .data.uxCriticalNesting
                0x000000002000006c        0x4 build/port.o
 .data.LUT      0x0000000020000070     0x2000 build/trig.o
                0x0000000020000070                LUT
                0x0000000020002070                . = ALIGN (0x4)
                0x0000000020002070                _edata = .

.jcr            0x0000000020002070        0x0 load address 0x000000000800674c
 .jcr           0x0000000020002070        0x0 /usr/lib/gcc/arm-none-eabi/6.3.1/thumb/v7-m/crtbegin.o

.tm_clone_table
                0x0000000020002070        0x0 load address 0x000000000800674c
 .tm_clone_table
                0x0000000020002070        0x0 /usr/lib/gcc/arm-none-eabi/6.3.1/thumb/v7-m/crtbegin.o
 .tm_clone_table
                0x0000000020002070        0x0 /usr/lib/gcc/arm-none-eabi/6.3.1/thumb/v7-m/crtend.o

.igot.plt       0x0000000020002070        0x0 load address 0x000000000800674c
 .igot.plt      0x0000000020002070        0x0 /usr/lib/gcc/arm-none-eabi/6.3.1/thumb/v7-m/crtbegin.o
                0x0000000020002070                . = ALIGN (0x4)

.bss            0x0000000020002070      0xedc load address 0x000000000800674c
                0x0000000020002070                _sbss = .
                0x0000000020002070                __bss_start__ = _sbss
 *(.bss)
 .bss           0x0000000020002070       0x1c /usr/lib/gcc/arm-none-eabi/6.3.1/thumb/v7-m/crtbegin.o
 .bss           0x000000002000208c        0x8 /usr/lib/gcc/arm-none-eabi/6.3.1/../../../arm-none-eabi/lib/libc_nano.a(lib_a-nano-mallocr.o)
                0x000000002000208c                __malloc_free_list
                0x0000000020002090                __malloc_sbrk_start
 .bss           0x0000000020002094        0x4 /usr/lib/gcc/arm-none-eabi/6.3.1/../../../arm-none-eabi/lib/libnosys.a(sbrk.o)
 *(.bss*)
 .bss.pxEnd     0x0000000020002098        0x4 build/heap_4.o
 .bss.ucHeap    0x000000002000209c      0xc00 build/heap_4.o
 .bss.xBlockAllocatedBit
                0x0000000020002c9c        0x4 build/heap_4.o
 .bss.xFreeBytesRemaining
                0x0000000020002ca0        0x4 build/heap_4.o
 .bss.xMinimumEverFreeBytesRemaining
                0x0000000020002ca4        0x4 build/heap_4.o
 .bss.xStart    0x0000000020002ca8        0x8 build/heap_4.o
 .bss.pxCurrentTCB
                0x0000000020002cb0        0x4 build/tasks.o
                0x0000000020002cb0                pxCurrentTCB
 .bss.pxDelayedTaskList
                0x0000000020002cb4        0x4 build/tasks.o
 .bss.pxOverflowDelayedTaskList
                0x0000000020002cb8        0x4 build/tasks.o
 .bss.pxReadyTasksLists
                0x0000000020002cbc       0x8c build/tasks.o
 .bss.uxCurrentNumberOfTasks
                0x0000000020002d48        0x4 build/tasks.o
 .bss.uxDeletedTasksWaitingCleanUp
                0x0000000020002d4c        0x4 build/tasks.o
 .bss.uxPendedTicks
                0x0000000020002d50        0x4 build/tasks.o
 .bss.uxSchedulerSuspended
                0x0000000020002d54        0x4 build/tasks.o
 .bss.uxTaskNumber
                0x0000000020002d58        0x4 build/tasks.o
 .bss.uxTopReadyPriority
                0x0000000020002d5c        0x4 build/tasks.o
 .bss.xDelayedTaskList1
                0x0000000020002d60       0x14 build/tasks.o
 .bss.xDelayedTaskList2
                0x0000000020002d74       0x14 build/tasks.o
 .bss.xIdleTaskHandle
                0x0000000020002d88        0x4 build/tasks.o
 .bss.xNextTaskUnblockTime
                0x0000000020002d8c        0x4 build/tasks.o
 .bss.xNumOfOverflows
                0x0000000020002d90        0x4 build/tasks.o
 .bss.xPendingReadyList
                0x0000000020002d94       0x14 build/tasks.o
 .bss.xSchedulerRunning
                0x0000000020002da8        0x4 build/tasks.o
 .bss.xSuspendedTaskList
                0x0000000020002dac       0x14 build/tasks.o
 .bss.xTasksWaitingTermination
                0x0000000020002dc0       0x14 build/tasks.o
 .bss.xTickCount
                0x0000000020002dd4        0x4 build/tasks.o
 .bss.xYieldPending
                0x0000000020002dd8        0x4 build/tasks.o
 .bss.ucMaxSysCallPriority
                0x0000000020002ddc        0x1 build/port.o
 *fill*         0x0000000020002ddd        0x3 
 .bss.ulMaxPRIGROUPValue
                0x0000000020002de0        0x4 build/port.o
 *(COMMON)
 COMMON         0x0000000020002de4        0x4 build/stm32f1xx_hal.o
                0x0000000020002de4                uwTick
 COMMON         0x0000000020002de8       0x40 build/stm32f1xx_hal_timebase_TIM.o
                0x0000000020002de8                htim4
 COMMON         0x0000000020002e28      0x120 build/main.o
                0x0000000020002e28                defaultTaskHandle
                0x0000000020002e2c                debug
                0x0000000020002e30                htim3
                0x0000000020002e70                huart1
                0x0000000020002eb0                hspi1
                0x0000000020002f08                htim2
 COMMON         0x0000000020002f48        0x4 /usr/lib/gcc/arm-none-eabi/6.3.1/../../../arm-none-eabi/lib/libc_nano.a(lib_a-reent.o)
                0x0000000020002f48                errno
                0x0000000020002f4c                . = ALIGN (0x4)
                0x0000000020002f4c                _ebss = .
                0x0000000020002f4c                __bss_end__ = _ebss

._user_heap_stack
                0x0000000020002f4c      0x604 load address 0x000000000800674c
                0x0000000020002f50                . = ALIGN (0x8)
 *fill*         0x0000000020002f4c        0x4 
                0x0000000020002f50                PROVIDE (end, .)
                [!provide]                        PROVIDE (_end, .)
                0x0000000020003150                . = (. + _Min_Heap_Size)
 *fill*         0x0000000020002f50      0x200 
                0x0000000020003550                . = (. + _Min_Stack_Size)
 *fill*         0x0000000020003150      0x400 
                0x0000000020003550                . = ALIGN (0x8)

/DISCARD/
 libc.a(*)
 libm.a(*)
 libgcc.a(*)

.ARM.attributes
                0x0000000000000000       0x2b
 *(.ARM.attributes)
 .ARM.attributes
                0x0000000000000000       0x1d /usr/lib/gcc/arm-none-eabi/6.3.1/thumb/v7-m/crti.o
 .ARM.attributes
                0x000000000000001d       0x2d /usr/lib/gcc/arm-none-eabi/6.3.1/thumb/v7-m/crtbegin.o
 .ARM.attributes
                0x000000000000004a       0x33 build/stm32f1xx_hal_gpio.o
 .ARM.attributes
                0x000000000000007d       0x33 build/stm32f1xx_hal_cortex.o
 .ARM.attributes
                0x00000000000000b0       0x33 build/cmsis_os.o
 .ARM.attributes
                0x00000000000000e3       0x33 build/system_stm32f1xx.o
 .ARM.attributes
                0x0000000000000116       0x33 build/stm32f1xx_hal.o
 .ARM.attributes
                0x0000000000000149       0x33 build/stm32f1xx_hal_rcc.o
 .ARM.attributes
                0x000000000000017c       0x33 build/stm32f1xx_it.o
 .ARM.attributes
                0x00000000000001af       0x33 build/stm32f1xx_hal_tim_ex.o
 .ARM.attributes
                0x00000000000001e2       0x33 build/heap_4.o
 .ARM.attributes
                0x0000000000000215       0x33 build/stm32f1xx_hal_timebase_TIM.o
 .ARM.attributes
                0x0000000000000248       0x33 build/tasks.o
 .ARM.attributes
                0x000000000000027b       0x33 build/stm32f1xx_hal_tim.o
 .ARM.attributes
                0x00000000000002ae       0x33 build/list.o
 .ARM.attributes
                0x00000000000002e1       0x33 build/port.o
 .ARM.attributes
                0x0000000000000314       0x33 build/stm32f1xx_hal_msp.o
 .ARM.attributes
                0x0000000000000347       0x33 build/main.o
 .ARM.attributes
                0x000000000000037a       0x33 build/stm32f1xx_hal_uart.o
 .ARM.attributes
                0x00000000000003ad       0x33 build/stm32f1xx_hal_spi_ex.o
 .ARM.attributes
                0x00000000000003e0       0x33 build/trig.o
 .ARM.attributes
                0x0000000000000413       0x21 build/startup_stm32f103xb.o
 .ARM.attributes
                0x0000000000000434       0x30 /usr/lib/gcc/arm-none-eabi/6.3.1/../../../arm-none-eabi/lib/libc_nano.a(lib_a-impure.o)
 .ARM.attributes
                0x0000000000000464       0x30 /usr/lib/gcc/arm-none-eabi/6.3.1/../../../arm-none-eabi/lib/libc_nano.a(lib_a-init.o)
 .ARM.attributes
                0x0000000000000494       0x30 /usr/lib/gcc/arm-none-eabi/6.3.1/../../../arm-none-eabi/lib/libc_nano.a(lib_a-memcpy-stub.o)
 .ARM.attributes
                0x00000000000004c4       0x30 /usr/lib/gcc/arm-none-eabi/6.3.1/../../../arm-none-eabi/lib/libc_nano.a(lib_a-sprintf.o)
 .ARM.attributes
                0x00000000000004f4       0x30 /usr/lib/gcc/arm-none-eabi/6.3.1/../../../arm-none-eabi/lib/libc_nano.a(lib_a-nano-svfprintf.o)
 .ARM.attributes
                0x0000000000000524       0x30 /usr/lib/gcc/arm-none-eabi/6.3.1/../../../arm-none-eabi/lib/libc_nano.a(lib_a-nano-vfprintf_i.o)
 .ARM.attributes
                0x0000000000000554       0x30 /usr/lib/gcc/arm-none-eabi/6.3.1/../../../arm-none-eabi/lib/libc_nano.a(lib_a-memchr-stub.o)
 .ARM.attributes
                0x0000000000000584       0x30 /usr/lib/gcc/arm-none-eabi/6.3.1/../../../arm-none-eabi/lib/libc_nano.a(lib_a-memmove.o)
 .ARM.attributes
                0x00000000000005b4       0x30 /usr/lib/gcc/arm-none-eabi/6.3.1/../../../arm-none-eabi/lib/libc_nano.a(lib_a-nano-freer.o)
 .ARM.attributes
                0x00000000000005e4       0x30 /usr/lib/gcc/arm-none-eabi/6.3.1/../../../arm-none-eabi/lib/libc_nano.a(lib_a-nano-mallocr.o)
 .ARM.attributes
                0x0000000000000614       0x30 /usr/lib/gcc/arm-none-eabi/6.3.1/../../../arm-none-eabi/lib/libc_nano.a(lib_a-nano-reallocr.o)
 .ARM.attributes
                0x0000000000000644       0x30 /usr/lib/gcc/arm-none-eabi/6.3.1/../../../arm-none-eabi/lib/libc_nano.a(lib_a-sbrkr.o)
 .ARM.attributes
                0x0000000000000674       0x30 /usr/lib/gcc/arm-none-eabi/6.3.1/../../../arm-none-eabi/lib/libc_nano.a(lib_a-nano-msizer.o)
 .ARM.attributes
                0x00000000000006a4       0x30 /usr/lib/gcc/arm-none-eabi/6.3.1/../../../arm-none-eabi/lib/libc_nano.a(lib_a-reent.o)
 .ARM.attributes
                0x00000000000006d4       0x30 /usr/lib/gcc/arm-none-eabi/6.3.1/../../../arm-none-eabi/lib/libnosys.a(sbrk.o)
 .ARM.attributes
                0x0000000000000704       0x1d /usr/lib/gcc/arm-none-eabi/6.3.1/thumb/v7-m/libgcc.a(_udivsi3.o)
 .ARM.attributes
                0x0000000000000721       0x1d /usr/lib/gcc/arm-none-eabi/6.3.1/thumb/v7-m/libgcc.a(_dvmd_tls.o)
 .ARM.attributes
                0x000000000000073e       0x1d /usr/lib/gcc/arm-none-eabi/6.3.1/thumb/v7-m/libgcc.a(_arm_addsubsf3.o)
 .ARM.attributes
                0x000000000000075b       0x1d /usr/lib/gcc/arm-none-eabi/6.3.1/thumb/v7-m/libgcc.a(_arm_muldivsf3.o)
 .ARM.attributes
                0x0000000000000778       0x1d /usr/lib/gcc/arm-none-eabi/6.3.1/thumb/v7-m/libgcc.a(_arm_cmpsf2.o)
 .ARM.attributes
                0x0000000000000795       0x1d /usr/lib/gcc/arm-none-eabi/6.3.1/thumb/v7-m/libgcc.a(_arm_fixunssfsi.o)
 .ARM.attributes
                0x00000000000007b2       0x2d /usr/lib/gcc/arm-none-eabi/6.3.1/thumb/v7-m/crtend.o
 .ARM.attributes
                0x00000000000007df       0x1d /usr/lib/gcc/arm-none-eabi/6.3.1/thumb/v7-m/crtn.o
OUTPUT(build/code.elf elf32-littlearm)

.comment        0x0000000000000000       0x5c
 .comment       0x0000000000000000       0x31 /usr/lib/gcc/arm-none-eabi/6.3.1/thumb/v7-m/crtbegin.o
                                         0x32 (size before relaxing)
 .comment       0x0000000000000031       0x32 build/stm32f1xx_hal_gpio.o
 .comment       0x0000000000000031       0x32 build/stm32f1xx_hal_cortex.o
 .comment       0x0000000000000031       0x32 build/cmsis_os.o
 .comment       0x0000000000000031       0x32 build/system_stm32f1xx.o
 .comment       0x0000000000000031       0x32 build/stm32f1xx_hal.o
 .comment       0x0000000000000031       0x32 build/stm32f1xx_hal_rcc.o
 .comment       0x0000000000000031       0x32 build/stm32f1xx_it.o
 .comment       0x0000000000000031       0x32 build/stm32f1xx_hal_tim_ex.o
 .comment       0x0000000000000031       0x32 build/heap_4.o
 .comment       0x0000000000000031       0x32 build/stm32f1xx_hal_timebase_TIM.o
 .comment       0x0000000000000031       0x32 build/tasks.o
 .comment       0x0000000000000031       0x32 build/stm32f1xx_hal_tim.o
 .comment       0x0000000000000031       0x32 build/list.o
 .comment       0x0000000000000031       0x32 build/port.o
 .comment       0x0000000000000031       0x32 build/stm32f1xx_hal_msp.o
 .comment       0x0000000000000031       0x32 build/main.o
 .comment       0x0000000000000031       0x32 build/stm32f1xx_hal_uart.o
 .comment       0x0000000000000031       0x32 build/stm32f1xx_hal_spi_ex.o
 .comment       0x0000000000000031       0x32 build/trig.o
 .comment       0x0000000000000031       0x2b /usr/lib/gcc/arm-none-eabi/6.3.1/../../../arm-none-eabi/lib/libc_nano.a(lib_a-impure.o)
                                         0x2c (size before relaxing)
 .comment       0x000000000000005c       0x2c /usr/lib/gcc/arm-none-eabi/6.3.1/../../../arm-none-eabi/lib/libc_nano.a(lib_a-init.o)
 .comment       0x000000000000005c       0x2c /usr/lib/gcc/arm-none-eabi/6.3.1/../../../arm-none-eabi/lib/libc_nano.a(lib_a-memcpy-stub.o)
 .comment       0x000000000000005c       0x2c /usr/lib/gcc/arm-none-eabi/6.3.1/../../../arm-none-eabi/lib/libc_nano.a(lib_a-sprintf.o)
 .comment       0x000000000000005c       0x2c /usr/lib/gcc/arm-none-eabi/6.3.1/../../../arm-none-eabi/lib/libc_nano.a(lib_a-nano-svfprintf.o)
 .comment       0x000000000000005c       0x2c /usr/lib/gcc/arm-none-eabi/6.3.1/../../../arm-none-eabi/lib/libc_nano.a(lib_a-nano-vfprintf_i.o)
 .comment       0x000000000000005c       0x2c /usr/lib/gcc/arm-none-eabi/6.3.1/../../../arm-none-eabi/lib/libc_nano.a(lib_a-memchr-stub.o)
 .comment       0x000000000000005c       0x2c /usr/lib/gcc/arm-none-eabi/6.3.1/../../../arm-none-eabi/lib/libc_nano.a(lib_a-memmove.o)
 .comment       0x000000000000005c       0x2c /usr/lib/gcc/arm-none-eabi/6.3.1/../../../arm-none-eabi/lib/libc_nano.a(lib_a-nano-freer.o)
 .comment       0x000000000000005c       0x2c /usr/lib/gcc/arm-none-eabi/6.3.1/../../../arm-none-eabi/lib/libc_nano.a(lib_a-nano-mallocr.o)
 .comment       0x000000000000005c       0x2c /usr/lib/gcc/arm-none-eabi/6.3.1/../../../arm-none-eabi/lib/libc_nano.a(lib_a-nano-reallocr.o)
 .comment       0x000000000000005c       0x2c /usr/lib/gcc/arm-none-eabi/6.3.1/../../../arm-none-eabi/lib/libc_nano.a(lib_a-sbrkr.o)
 .comment       0x000000000000005c       0x2c /usr/lib/gcc/arm-none-eabi/6.3.1/../../../arm-none-eabi/lib/libc_nano.a(lib_a-nano-msizer.o)
 .comment       0x000000000000005c       0x2c /usr/lib/gcc/arm-none-eabi/6.3.1/../../../arm-none-eabi/lib/libc_nano.a(lib_a-reent.o)
 .comment       0x000000000000005c       0x2c /usr/lib/gcc/arm-none-eabi/6.3.1/../../../arm-none-eabi/lib/libnosys.a(sbrk.o)
 .comment       0x000000000000005c       0x32 /usr/lib/gcc/arm-none-eabi/6.3.1/thumb/v7-m/crtend.o

.debug_info     0x0000000000000000    0x2193c
 .debug_info    0x0000000000000000      0xfbf build/stm32f1xx_hal_gpio.o
 .debug_info    0x0000000000000fbf     0x15e9 build/stm32f1xx_hal_cortex.o
 .debug_info    0x00000000000025a8     0x2572 build/cmsis_os.o
 .debug_info    0x0000000000004b1a      0xd32 build/system_stm32f1xx.o
 .debug_info    0x000000000000584c     0x1116 build/stm32f1xx_hal.o
 .debug_info    0x0000000000006962     0x136e build/stm32f1xx_hal_rcc.o
 .debug_info    0x0000000000007cd0      0xff3 build/stm32f1xx_it.o
 .debug_info    0x0000000000008cc3     0x1ccd build/stm32f1xx_hal_tim_ex.o
 .debug_info    0x000000000000a990      0xd6a build/heap_4.o
 .debug_info    0x000000000000b6fa     0x1323 build/stm32f1xx_hal_timebase_TIM.o
 .debug_info    0x000000000000ca1d     0x2b21 build/tasks.o
 .debug_info    0x000000000000f53e     0x39db build/stm32f1xx_hal_tim.o
 .debug_info    0x0000000000012f19      0xbcb build/list.o
 .debug_info    0x0000000000013ae4      0x509 build/port.o
 .debug_info    0x0000000000013fed     0x1b92 build/stm32f1xx_hal_msp.o
 .debug_info    0x0000000000015b7f     0x275e build/main.o
 .debug_info    0x00000000000182dd     0x20b0 build/stm32f1xx_hal_uart.o
 .debug_info    0x000000000001a38d      0xf77 build/stm32f1xx_hal_spi_ex.o
 .debug_info    0x000000000001b304      0x133 build/trig.o
 .debug_info    0x000000000001b437       0x61 build/startup_stm32f103xb.o
 .debug_info    0x000000000001b498      0x7da /usr/lib/gcc/arm-none-eabi/6.3.1/../../../arm-none-eabi/lib/libc_nano.a(lib_a-impure.o)
 .debug_info    0x000000000001bc72      0x110 /usr/lib/gcc/arm-none-eabi/6.3.1/../../../arm-none-eabi/lib/libc_nano.a(lib_a-init.o)
 .debug_info    0x000000000001bd82      0x142 /usr/lib/gcc/arm-none-eabi/6.3.1/../../../arm-none-eabi/lib/libc_nano.a(lib_a-memcpy-stub.o)
 .debug_info    0x000000000001bec4      0x88c /usr/lib/gcc/arm-none-eabi/6.3.1/../../../arm-none-eabi/lib/libc_nano.a(lib_a-sprintf.o)
 .debug_info    0x000000000001c750      0xd3c /usr/lib/gcc/arm-none-eabi/6.3.1/../../../arm-none-eabi/lib/libc_nano.a(lib_a-nano-svfprintf.o)
 .debug_info    0x000000000001d48c      0xb3e /usr/lib/gcc/arm-none-eabi/6.3.1/../../../arm-none-eabi/lib/libc_nano.a(lib_a-nano-vfprintf_i.o)
 .debug_info    0x000000000001dfca      0x132 /usr/lib/gcc/arm-none-eabi/6.3.1/../../../arm-none-eabi/lib/libc_nano.a(lib_a-memchr-stub.o)
 .debug_info    0x000000000001e0fc      0x138 /usr/lib/gcc/arm-none-eabi/6.3.1/../../../arm-none-eabi/lib/libc_nano.a(lib_a-memmove.o)
 .debug_info    0x000000000001e234      0x825 /usr/lib/gcc/arm-none-eabi/6.3.1/../../../arm-none-eabi/lib/libc_nano.a(lib_a-nano-freer.o)
 .debug_info    0x000000000001ea59      0x8ec /usr/lib/gcc/arm-none-eabi/6.3.1/../../../arm-none-eabi/lib/libc_nano.a(lib_a-nano-mallocr.o)
 .debug_info    0x000000000001f345      0x881 /usr/lib/gcc/arm-none-eabi/6.3.1/../../../arm-none-eabi/lib/libc_nano.a(lib_a-nano-reallocr.o)
 .debug_info    0x000000000001fbc6      0x7a1 /usr/lib/gcc/arm-none-eabi/6.3.1/../../../arm-none-eabi/lib/libc_nano.a(lib_a-sbrkr.o)
 .debug_info    0x0000000000020367      0x7c0 /usr/lib/gcc/arm-none-eabi/6.3.1/../../../arm-none-eabi/lib/libc_nano.a(lib_a-nano-msizer.o)
 .debug_info    0x0000000000020b27      0x8fa /usr/lib/gcc/arm-none-eabi/6.3.1/../../../arm-none-eabi/lib/libc_nano.a(lib_a-reent.o)
 .debug_info    0x0000000000021421       0x9d /usr/lib/gcc/arm-none-eabi/6.3.1/../../../arm-none-eabi/lib/libnosys.a(sbrk.o)
 .debug_info    0x00000000000214be       0xbf /usr/lib/gcc/arm-none-eabi/6.3.1/thumb/v7-m/libgcc.a(_udivsi3.o)
 .debug_info    0x000000000002157d       0xbf /usr/lib/gcc/arm-none-eabi/6.3.1/thumb/v7-m/libgcc.a(_dvmd_tls.o)
 .debug_info    0x000000000002163c       0xc0 /usr/lib/gcc/arm-none-eabi/6.3.1/thumb/v7-m/libgcc.a(_arm_addsubsf3.o)
 .debug_info    0x00000000000216fc       0xc0 /usr/lib/gcc/arm-none-eabi/6.3.1/thumb/v7-m/libgcc.a(_arm_muldivsf3.o)
 .debug_info    0x00000000000217bc       0xc0 /usr/lib/gcc/arm-none-eabi/6.3.1/thumb/v7-m/libgcc.a(_arm_cmpsf2.o)
 .debug_info    0x000000000002187c       0xc0 /usr/lib/gcc/arm-none-eabi/6.3.1/thumb/v7-m/libgcc.a(_arm_fixunssfsi.o)

.debug_abbrev   0x0000000000000000     0x4a0b
 .debug_abbrev  0x0000000000000000      0x2b3 build/stm32f1xx_hal_gpio.o
 .debug_abbrev  0x00000000000002b3      0x3c8 build/stm32f1xx_hal_cortex.o
 .debug_abbrev  0x000000000000067b      0x3c6 build/cmsis_os.o
 .debug_abbrev  0x0000000000000a41      0x1fe build/system_stm32f1xx.o
 .debug_abbrev  0x0000000000000c3f      0x2e5 build/stm32f1xx_hal.o
 .debug_abbrev  0x0000000000000f24      0x327 build/stm32f1xx_hal_rcc.o
 .debug_abbrev  0x000000000000124b      0x1f6 build/stm32f1xx_it.o
 .debug_abbrev  0x0000000000001441      0x2eb build/stm32f1xx_hal_tim_ex.o
 .debug_abbrev  0x000000000000172c      0x309 build/heap_4.o
 .debug_abbrev  0x0000000000001a35      0x26e build/stm32f1xx_hal_timebase_TIM.o
 .debug_abbrev  0x0000000000001ca3      0x3f5 build/tasks.o
 .debug_abbrev  0x0000000000002098      0x312 build/stm32f1xx_hal_tim.o
 .debug_abbrev  0x00000000000023aa      0x20e build/list.o
 .debug_abbrev  0x00000000000025b8      0x268 build/port.o
 .debug_abbrev  0x0000000000002820      0x2b4 build/stm32f1xx_hal_msp.o
 .debug_abbrev  0x0000000000002ad4      0x3d1 build/main.o
 .debug_abbrev  0x0000000000002ea5      0x32d build/stm32f1xx_hal_uart.o
 .debug_abbrev  0x00000000000031d2      0x1e0 build/stm32f1xx_hal_spi_ex.o
 .debug_abbrev  0x00000000000033b2       0xa1 build/trig.o
 .debug_abbrev  0x0000000000003453       0x12 build/startup_stm32f103xb.o
 .debug_abbrev  0x0000000000003465      0x136 /usr/lib/gcc/arm-none-eabi/6.3.1/../../../arm-none-eabi/lib/libc_nano.a(lib_a-impure.o)
 .debug_abbrev  0x000000000000359b       0xba /usr/lib/gcc/arm-none-eabi/6.3.1/../../../arm-none-eabi/lib/libc_nano.a(lib_a-init.o)
 .debug_abbrev  0x0000000000003655       0xb2 /usr/lib/gcc/arm-none-eabi/6.3.1/../../../arm-none-eabi/lib/libc_nano.a(lib_a-memcpy-stub.o)
 .debug_abbrev  0x0000000000003707      0x1c0 /usr/lib/gcc/arm-none-eabi/6.3.1/../../../arm-none-eabi/lib/libc_nano.a(lib_a-sprintf.o)
 .debug_abbrev  0x00000000000038c7      0x250 /usr/lib/gcc/arm-none-eabi/6.3.1/../../../arm-none-eabi/lib/libc_nano.a(lib_a-nano-svfprintf.o)
 .debug_abbrev  0x0000000000003b17      0x22b /usr/lib/gcc/arm-none-eabi/6.3.1/../../../arm-none-eabi/lib/libc_nano.a(lib_a-nano-vfprintf_i.o)
 .debug_abbrev  0x0000000000003d42       0xab /usr/lib/gcc/arm-none-eabi/6.3.1/../../../arm-none-eabi/lib/libc_nano.a(lib_a-memchr-stub.o)
 .debug_abbrev  0x0000000000003ded       0xab /usr/lib/gcc/arm-none-eabi/6.3.1/../../../arm-none-eabi/lib/libc_nano.a(lib_a-memmove.o)
 .debug_abbrev  0x0000000000003e98      0x1b8 /usr/lib/gcc/arm-none-eabi/6.3.1/../../../arm-none-eabi/lib/libc_nano.a(lib_a-nano-freer.o)
 .debug_abbrev  0x0000000000004050      0x22e /usr/lib/gcc/arm-none-eabi/6.3.1/../../../arm-none-eabi/lib/libc_nano.a(lib_a-nano-mallocr.o)
 .debug_abbrev  0x000000000000427e      0x19f /usr/lib/gcc/arm-none-eabi/6.3.1/../../../arm-none-eabi/lib/libc_nano.a(lib_a-nano-reallocr.o)
 .debug_abbrev  0x000000000000441d      0x1a0 /usr/lib/gcc/arm-none-eabi/6.3.1/../../../arm-none-eabi/lib/libc_nano.a(lib_a-sbrkr.o)
 .debug_abbrev  0x00000000000045bd      0x161 /usr/lib/gcc/arm-none-eabi/6.3.1/../../../arm-none-eabi/lib/libc_nano.a(lib_a-nano-msizer.o)
 .debug_abbrev  0x000000000000471e      0x1f2 /usr/lib/gcc/arm-none-eabi/6.3.1/../../../arm-none-eabi/lib/libc_nano.a(lib_a-reent.o)
 .debug_abbrev  0x0000000000004910       0x83 /usr/lib/gcc/arm-none-eabi/6.3.1/../../../arm-none-eabi/lib/libnosys.a(sbrk.o)
 .debug_abbrev  0x0000000000004993       0x14 /usr/lib/gcc/arm-none-eabi/6.3.1/thumb/v7-m/libgcc.a(_udivsi3.o)
 .debug_abbrev  0x00000000000049a7       0x14 /usr/lib/gcc/arm-none-eabi/6.3.1/thumb/v7-m/libgcc.a(_dvmd_tls.o)
 .debug_abbrev  0x00000000000049bb       0x14 /usr/lib/gcc/arm-none-eabi/6.3.1/thumb/v7-m/libgcc.a(_arm_addsubsf3.o)
 .debug_abbrev  0x00000000000049cf       0x14 /usr/lib/gcc/arm-none-eabi/6.3.1/thumb/v7-m/libgcc.a(_arm_muldivsf3.o)
 .debug_abbrev  0x00000000000049e3       0x14 /usr/lib/gcc/arm-none-eabi/6.3.1/thumb/v7-m/libgcc.a(_arm_cmpsf2.o)
 .debug_abbrev  0x00000000000049f7       0x14 /usr/lib/gcc/arm-none-eabi/6.3.1/thumb/v7-m/libgcc.a(_arm_fixunssfsi.o)

.debug_loc      0x0000000000000000     0xdc33
 .debug_loc     0x0000000000000000      0x501 build/stm32f1xx_hal_gpio.o
 .debug_loc     0x0000000000000501      0x63d build/stm32f1xx_hal_cortex.o
 .debug_loc     0x0000000000000b3e     0x16ee build/cmsis_os.o
 .debug_loc     0x000000000000222c       0xdf build/system_stm32f1xx.o
 .debug_loc     0x000000000000230b      0x1a8 build/stm32f1xx_hal.o
 .debug_loc     0x00000000000024b3      0x651 build/stm32f1xx_hal_rcc.o
 .debug_loc     0x0000000000002b04       0x40 build/stm32f1xx_it.o
 .debug_loc     0x0000000000002b44     0x135a build/stm32f1xx_hal_tim_ex.o
 .debug_loc     0x0000000000003e9e      0x324 build/heap_4.o
 .debug_loc     0x00000000000041c2       0xbd build/stm32f1xx_hal_timebase_TIM.o
 .debug_loc     0x000000000000427f     0x1a02 build/tasks.o
 .debug_loc     0x0000000000005c81     0x3f46 build/stm32f1xx_hal_tim.o
 .debug_loc     0x0000000000009bc7       0x9c build/list.o
 .debug_loc     0x0000000000009c63      0x11a build/port.o
 .debug_loc     0x0000000000009d7d      0x2fa build/stm32f1xx_hal_msp.o
 .debug_loc     0x000000000000a077      0x42e build/main.o
 .debug_loc     0x000000000000a4a5     0x19c9 build/stm32f1xx_hal_uart.o
 .debug_loc     0x000000000000be6e       0x79 build/stm32f1xx_hal_spi_ex.o
 .debug_loc     0x000000000000bee7       0x63 build/trig.o
 .debug_loc     0x000000000000bf4a       0xa2 /usr/lib/gcc/arm-none-eabi/6.3.1/../../../arm-none-eabi/lib/libc_nano.a(lib_a-init.o)
 .debug_loc     0x000000000000bfec      0x1f6 /usr/lib/gcc/arm-none-eabi/6.3.1/../../../arm-none-eabi/lib/libc_nano.a(lib_a-memcpy-stub.o)
 .debug_loc     0x000000000000c1e2       0x86 /usr/lib/gcc/arm-none-eabi/6.3.1/../../../arm-none-eabi/lib/libc_nano.a(lib_a-sprintf.o)
 .debug_loc     0x000000000000c268      0x69f /usr/lib/gcc/arm-none-eabi/6.3.1/../../../arm-none-eabi/lib/libc_nano.a(lib_a-nano-svfprintf.o)
 .debug_loc     0x000000000000c907      0x6ec /usr/lib/gcc/arm-none-eabi/6.3.1/../../../arm-none-eabi/lib/libc_nano.a(lib_a-nano-vfprintf_i.o)
 .debug_loc     0x000000000000cff3      0x1b2 /usr/lib/gcc/arm-none-eabi/6.3.1/../../../arm-none-eabi/lib/libc_nano.a(lib_a-memchr-stub.o)
 .debug_loc     0x000000000000d1a5      0x288 /usr/lib/gcc/arm-none-eabi/6.3.1/../../../arm-none-eabi/lib/libc_nano.a(lib_a-memmove.o)
 .debug_loc     0x000000000000d42d      0x113 /usr/lib/gcc/arm-none-eabi/6.3.1/../../../arm-none-eabi/lib/libc_nano.a(lib_a-nano-freer.o)
 .debug_loc     0x000000000000d540      0x346 /usr/lib/gcc/arm-none-eabi/6.3.1/../../../arm-none-eabi/lib/libc_nano.a(lib_a-nano-mallocr.o)
 .debug_loc     0x000000000000d886      0x182 /usr/lib/gcc/arm-none-eabi/6.3.1/../../../arm-none-eabi/lib/libc_nano.a(lib_a-nano-reallocr.o)
 .debug_loc     0x000000000000da08       0x66 /usr/lib/gcc/arm-none-eabi/6.3.1/../../../arm-none-eabi/lib/libc_nano.a(lib_a-sbrkr.o)
 .debug_loc     0x000000000000da6e       0xb5 /usr/lib/gcc/arm-none-eabi/6.3.1/../../../arm-none-eabi/lib/libc_nano.a(lib_a-nano-msizer.o)
 .debug_loc     0x000000000000db23       0xef /usr/lib/gcc/arm-none-eabi/6.3.1/../../../arm-none-eabi/lib/libc_nano.a(lib_a-reent.o)
 .debug_loc     0x000000000000dc12       0x21 /usr/lib/gcc/arm-none-eabi/6.3.1/../../../arm-none-eabi/lib/libnosys.a(sbrk.o)

.debug_aranges  0x0000000000000000     0x11d8
 .debug_aranges
                0x0000000000000000       0x58 build/stm32f1xx_hal_gpio.o
 .debug_aranges
                0x0000000000000058       0x90 build/stm32f1xx_hal_cortex.o
 .debug_aranges
                0x00000000000000e8      0x1d8 build/cmsis_os.o
 .debug_aranges
                0x00000000000002c0       0x28 build/system_stm32f1xx.o
 .debug_aranges
                0x00000000000002e8       0xd0 build/stm32f1xx_hal.o
 .debug_aranges
                0x00000000000003b8       0x90 build/stm32f1xx_hal_rcc.o
 .debug_aranges
                0x0000000000000448       0x58 build/stm32f1xx_it.o
 .debug_aranges
                0x00000000000004a0      0x138 build/stm32f1xx_hal_tim_ex.o
 .debug_aranges
                0x00000000000005d8       0x50 build/heap_4.o
 .debug_aranges
                0x0000000000000628       0x30 build/stm32f1xx_hal_timebase_TIM.o
 .debug_aranges
                0x0000000000000658      0x190 build/tasks.o
 .debug_aranges
                0x00000000000007e8      0x368 build/stm32f1xx_hal_tim.o
 .debug_aranges
                0x0000000000000b50       0x40 build/list.o
 .debug_aranges
                0x0000000000000b90       0x78 build/port.o
 .debug_aranges
                0x0000000000000c08       0x68 build/stm32f1xx_hal_msp.o
 .debug_aranges
                0x0000000000000c70       0x88 build/main.o
 .debug_aranges
                0x0000000000000cf8      0x1d0 build/stm32f1xx_hal_uart.o
 .debug_aranges
                0x0000000000000ec8       0x20 build/stm32f1xx_hal_spi_ex.o
 .debug_aranges
                0x0000000000000ee8       0x30 build/trig.o
 .debug_aranges
                0x0000000000000f18       0x28 build/startup_stm32f103xb.o
 .debug_aranges
                0x0000000000000f40       0x18 /usr/lib/gcc/arm-none-eabi/6.3.1/../../../arm-none-eabi/lib/libc_nano.a(lib_a-impure.o)
 .debug_aranges
                0x0000000000000f58       0x20 /usr/lib/gcc/arm-none-eabi/6.3.1/../../../arm-none-eabi/lib/libc_nano.a(lib_a-init.o)
 .debug_aranges
                0x0000000000000f78       0x20 /usr/lib/gcc/arm-none-eabi/6.3.1/../../../arm-none-eabi/lib/libc_nano.a(lib_a-memcpy-stub.o)
 .debug_aranges
                0x0000000000000f98       0x20 /usr/lib/gcc/arm-none-eabi/6.3.1/../../../arm-none-eabi/lib/libc_nano.a(lib_a-sprintf.o)
 .debug_aranges
                0x0000000000000fb8       0x20 /usr/lib/gcc/arm-none-eabi/6.3.1/../../../arm-none-eabi/lib/libc_nano.a(lib_a-nano-svfprintf.o)
 .debug_aranges
                0x0000000000000fd8       0x20 /usr/lib/gcc/arm-none-eabi/6.3.1/../../../arm-none-eabi/lib/libc_nano.a(lib_a-nano-vfprintf_i.o)
 .debug_aranges
                0x0000000000000ff8       0x20 /usr/lib/gcc/arm-none-eabi/6.3.1/../../../arm-none-eabi/lib/libc_nano.a(lib_a-memchr-stub.o)
 .debug_aranges
                0x0000000000001018       0x20 /usr/lib/gcc/arm-none-eabi/6.3.1/../../../arm-none-eabi/lib/libc_nano.a(lib_a-memmove.o)
 .debug_aranges
                0x0000000000001038       0x20 /usr/lib/gcc/arm-none-eabi/6.3.1/../../../arm-none-eabi/lib/libc_nano.a(lib_a-nano-freer.o)
 .debug_aranges
                0x0000000000001058       0x20 /usr/lib/gcc/arm-none-eabi/6.3.1/../../../arm-none-eabi/lib/libc_nano.a(lib_a-nano-mallocr.o)
 .debug_aranges
                0x0000000000001078       0x20 /usr/lib/gcc/arm-none-eabi/6.3.1/../../../arm-none-eabi/lib/libc_nano.a(lib_a-nano-reallocr.o)
 .debug_aranges
                0x0000000000001098       0x20 /usr/lib/gcc/arm-none-eabi/6.3.1/../../../arm-none-eabi/lib/libc_nano.a(lib_a-sbrkr.o)
 .debug_aranges
                0x00000000000010b8       0x20 /usr/lib/gcc/arm-none-eabi/6.3.1/../../../arm-none-eabi/lib/libc_nano.a(lib_a-nano-msizer.o)
 .debug_aranges
                0x00000000000010d8       0x20 /usr/lib/gcc/arm-none-eabi/6.3.1/../../../arm-none-eabi/lib/libc_nano.a(lib_a-reent.o)
 .debug_aranges
                0x00000000000010f8       0x20 /usr/lib/gcc/arm-none-eabi/6.3.1/../../../arm-none-eabi/lib/libnosys.a(sbrk.o)
 .debug_aranges
                0x0000000000001118       0x20 /usr/lib/gcc/arm-none-eabi/6.3.1/thumb/v7-m/libgcc.a(_udivsi3.o)
 .debug_aranges
                0x0000000000001138       0x20 /usr/lib/gcc/arm-none-eabi/6.3.1/thumb/v7-m/libgcc.a(_dvmd_tls.o)
 .debug_aranges
                0x0000000000001158       0x20 /usr/lib/gcc/arm-none-eabi/6.3.1/thumb/v7-m/libgcc.a(_arm_addsubsf3.o)
 .debug_aranges
                0x0000000000001178       0x20 /usr/lib/gcc/arm-none-eabi/6.3.1/thumb/v7-m/libgcc.a(_arm_muldivsf3.o)
 .debug_aranges
                0x0000000000001198       0x20 /usr/lib/gcc/arm-none-eabi/6.3.1/thumb/v7-m/libgcc.a(_arm_cmpsf2.o)
 .debug_aranges
                0x00000000000011b8       0x20 /usr/lib/gcc/arm-none-eabi/6.3.1/thumb/v7-m/libgcc.a(_arm_fixunssfsi.o)

.debug_ranges   0x0000000000000000     0x1038
 .debug_ranges  0x0000000000000000       0x48 build/stm32f1xx_hal_gpio.o
 .debug_ranges  0x0000000000000048       0xe0 build/stm32f1xx_hal_cortex.o
 .debug_ranges  0x0000000000000128      0x1c8 build/cmsis_os.o
 .debug_ranges  0x00000000000002f0       0x18 build/system_stm32f1xx.o
 .debug_ranges  0x0000000000000308       0xc0 build/stm32f1xx_hal.o
 .debug_ranges  0x00000000000003c8       0xa0 build/stm32f1xx_hal_rcc.o
 .debug_ranges  0x0000000000000468       0x48 build/stm32f1xx_it.o
 .debug_ranges  0x00000000000004b0      0x128 build/stm32f1xx_hal_tim_ex.o
 .debug_ranges  0x00000000000005d8       0x40 build/heap_4.o
 .debug_ranges  0x0000000000000618       0x20 build/stm32f1xx_hal_timebase_TIM.o
 .debug_ranges  0x0000000000000638      0x228 build/tasks.o
 .debug_ranges  0x0000000000000860      0x358 build/stm32f1xx_hal_tim.o
 .debug_ranges  0x0000000000000bb8       0x30 build/list.o
 .debug_ranges  0x0000000000000be8       0x68 build/port.o
 .debug_ranges  0x0000000000000c50       0x58 build/stm32f1xx_hal_msp.o
 .debug_ranges  0x0000000000000ca8       0x78 build/main.o
 .debug_ranges  0x0000000000000d20      0x1c0 build/stm32f1xx_hal_uart.o
 .debug_ranges  0x0000000000000ee0       0x10 build/stm32f1xx_hal_spi_ex.o
 .debug_ranges  0x0000000000000ef0       0x20 build/trig.o
 .debug_ranges  0x0000000000000f10       0x20 build/startup_stm32f103xb.o
 .debug_ranges  0x0000000000000f30       0x40 /usr/lib/gcc/arm-none-eabi/6.3.1/../../../arm-none-eabi/lib/libc_nano.a(lib_a-nano-svfprintf.o)
 .debug_ranges  0x0000000000000f70       0x88 /usr/lib/gcc/arm-none-eabi/6.3.1/../../../arm-none-eabi/lib/libc_nano.a(lib_a-nano-vfprintf_i.o)
 .debug_ranges  0x0000000000000ff8       0x40 /usr/lib/gcc/arm-none-eabi/6.3.1/../../../arm-none-eabi/lib/libc_nano.a(lib_a-nano-mallocr.o)

.debug_line     0x0000000000000000     0x78a8
 .debug_line    0x0000000000000000      0x382 build/stm32f1xx_hal_gpio.o
 .debug_line    0x0000000000000382      0x330 build/stm32f1xx_hal_cortex.o
 .debug_line    0x00000000000006b2      0x83c build/cmsis_os.o
 .debug_line    0x0000000000000eee      0x1b5 build/system_stm32f1xx.o
 .debug_line    0x00000000000010a3      0x387 build/stm32f1xx_hal.o
 .debug_line    0x000000000000142a      0x4e7 build/stm32f1xx_hal_rcc.o
 .debug_line    0x0000000000001911      0x27c build/stm32f1xx_it.o
 .debug_line    0x0000000000001b8d      0x77e build/stm32f1xx_hal_tim_ex.o
 .debug_line    0x000000000000230b      0x2e5 build/heap_4.o
 .debug_line    0x00000000000025f0      0x239 build/stm32f1xx_hal_timebase_TIM.o
 .debug_line    0x0000000000002829      0xa75 build/tasks.o
 .debug_line    0x000000000000329e     0x11bb build/stm32f1xx_hal_tim.o
 .debug_line    0x0000000000004459      0x23e build/list.o
 .debug_line    0x0000000000004697      0x26f build/port.o
 .debug_line    0x0000000000004906      0x311 build/stm32f1xx_hal_msp.o
 .debug_line    0x0000000000004c17      0x4f6 build/main.o
 .debug_line    0x000000000000510d      0xaf3 build/stm32f1xx_hal_uart.o
 .debug_line    0x0000000000005c00      0x206 build/stm32f1xx_hal_spi_ex.o
 .debug_line    0x0000000000005e06       0xb2 build/trig.o
 .debug_line    0x0000000000005eb8       0x72 build/startup_stm32f103xb.o
 .debug_line    0x0000000000005f2a       0xe3 /usr/lib/gcc/arm-none-eabi/6.3.1/../../../arm-none-eabi/lib/libc_nano.a(lib_a-impure.o)
 .debug_line    0x000000000000600d       0xb3 /usr/lib/gcc/arm-none-eabi/6.3.1/../../../arm-none-eabi/lib/libc_nano.a(lib_a-init.o)
 .debug_line    0x00000000000060c0      0x128 /usr/lib/gcc/arm-none-eabi/6.3.1/../../../arm-none-eabi/lib/libc_nano.a(lib_a-memcpy-stub.o)
 .debug_line    0x00000000000061e8      0x195 /usr/lib/gcc/arm-none-eabi/6.3.1/../../../arm-none-eabi/lib/libc_nano.a(lib_a-sprintf.o)
 .debug_line    0x000000000000637d      0x327 /usr/lib/gcc/arm-none-eabi/6.3.1/../../../arm-none-eabi/lib/libc_nano.a(lib_a-nano-svfprintf.o)
 .debug_line    0x00000000000066a4      0x338 /usr/lib/gcc/arm-none-eabi/6.3.1/../../../arm-none-eabi/lib/libc_nano.a(lib_a-nano-vfprintf_i.o)
 .debug_line    0x00000000000069dc      0x120 /usr/lib/gcc/arm-none-eabi/6.3.1/../../../arm-none-eabi/lib/libc_nano.a(lib_a-memchr-stub.o)
 .debug_line    0x0000000000006afc      0x11c /usr/lib/gcc/arm-none-eabi/6.3.1/../../../arm-none-eabi/lib/libc_nano.a(lib_a-memmove.o)
 .debug_line    0x0000000000006c18      0x138 /usr/lib/gcc/arm-none-eabi/6.3.1/../../../arm-none-eabi/lib/libc_nano.a(lib_a-nano-freer.o)
 .debug_line    0x0000000000006d50      0x18c /usr/lib/gcc/arm-none-eabi/6.3.1/../../../arm-none-eabi/lib/libc_nano.a(lib_a-nano-mallocr.o)
 .debug_line    0x0000000000006edc      0x15d /usr/lib/gcc/arm-none-eabi/6.3.1/../../../arm-none-eabi/lib/libc_nano.a(lib_a-nano-reallocr.o)
 .debug_line    0x0000000000007039      0x152 /usr/lib/gcc/arm-none-eabi/6.3.1/../../../arm-none-eabi/lib/libc_nano.a(lib_a-sbrkr.o)
 .debug_line    0x000000000000718b       0xff /usr/lib/gcc/arm-none-eabi/6.3.1/../../../arm-none-eabi/lib/libc_nano.a(lib_a-nano-msizer.o)
 .debug_line    0x000000000000728a      0x17a /usr/lib/gcc/arm-none-eabi/6.3.1/../../../arm-none-eabi/lib/libc_nano.a(lib_a-reent.o)
 .debug_line    0x0000000000007404       0x55 /usr/lib/gcc/arm-none-eabi/6.3.1/../../../arm-none-eabi/lib/libnosys.a(sbrk.o)
 .debug_line    0x0000000000007459       0x6f /usr/lib/gcc/arm-none-eabi/6.3.1/thumb/v7-m/libgcc.a(_udivsi3.o)
 .debug_line    0x00000000000074c8       0x61 /usr/lib/gcc/arm-none-eabi/6.3.1/thumb/v7-m/libgcc.a(_dvmd_tls.o)
 .debug_line    0x0000000000007529      0x11a /usr/lib/gcc/arm-none-eabi/6.3.1/thumb/v7-m/libgcc.a(_arm_addsubsf3.o)
 .debug_line    0x0000000000007643      0x13d /usr/lib/gcc/arm-none-eabi/6.3.1/thumb/v7-m/libgcc.a(_arm_muldivsf3.o)
 .debug_line    0x0000000000007780       0xb2 /usr/lib/gcc/arm-none-eabi/6.3.1/thumb/v7-m/libgcc.a(_arm_cmpsf2.o)
 .debug_line    0x0000000000007832       0x76 /usr/lib/gcc/arm-none-eabi/6.3.1/thumb/v7-m/libgcc.a(_arm_fixunssfsi.o)

.debug_str      0x0000000000000000     0x5619
 .debug_str     0x0000000000000000      0x710 build/stm32f1xx_hal_gpio.o
                                        0x7f5 (size before relaxing)
 .debug_str     0x0000000000000710      0x602 build/stm32f1xx_hal_cortex.o
                                        0xc88 (size before relaxing)
 .debug_str     0x0000000000000d12      0xb42 build/cmsis_os.o
                                       0x114f (size before relaxing)
 .debug_str     0x0000000000001854       0x4a build/system_stm32f1xx.o
                                        0x65e (size before relaxing)
 .debug_str     0x000000000000189e      0x2a4 build/stm32f1xx_hal.o
                                        0xbda (size before relaxing)
 .debug_str     0x0000000000001b42      0x31c build/stm32f1xx_hal_rcc.o
                                        0x9cc (size before relaxing)
 .debug_str     0x0000000000001e5e      0x426 build/stm32f1xx_it.o
                                        0x9e5 (size before relaxing)
 .debug_str     0x0000000000002284      0x641 build/stm32f1xx_hal_tim_ex.o
                                        0xfc6 (size before relaxing)
 .debug_str     0x00000000000028c5      0x205 build/heap_4.o
                                        0x785 (size before relaxing)
 .debug_str     0x0000000000002aca       0x80 build/stm32f1xx_hal_timebase_TIM.o
                                        0xde9 (size before relaxing)
 .debug_str     0x0000000000002b4a      0x98a build/tasks.o
                                       0x1197 (size before relaxing)
 .debug_str     0x00000000000034d4      0xbd3 build/stm32f1xx_hal_tim.o
                                       0x1724 (size before relaxing)
 .debug_str     0x00000000000040a7       0x6c build/list.o
                                        0x69c (size before relaxing)
 .debug_str     0x0000000000004113      0x165 build/port.o
                                        0x402 (size before relaxing)
 .debug_str     0x0000000000004278      0x397 build/stm32f1xx_hal_msp.o
                                       0x110f (size before relaxing)
 .debug_str     0x000000000000460f      0x1e7 build/main.o
                                       0x1733 (size before relaxing)
 .debug_str     0x00000000000047f6      0x4ff build/stm32f1xx_hal_uart.o
                                        0xf3d (size before relaxing)
 .debug_str     0x0000000000004cf5       0x38 build/stm32f1xx_hal_spi_ex.o
                                        0x9b0 (size before relaxing)
 .debug_str     0x0000000000004d2d        0xb build/trig.o
                                        0x160 (size before relaxing)
 .debug_str     0x0000000000004d38      0x10f /usr/lib/gcc/arm-none-eabi/6.3.1/../../../arm-none-eabi/lib/libc_nano.a(lib_a-impure.o)
                                        0x501 (size before relaxing)
 .debug_str     0x0000000000004e47       0xe2 /usr/lib/gcc/arm-none-eabi/6.3.1/../../../arm-none-eabi/lib/libc_nano.a(lib_a-init.o)
                                        0x1b8 (size before relaxing)
 .debug_str     0x0000000000004f29       0xc2 /usr/lib/gcc/arm-none-eabi/6.3.1/../../../arm-none-eabi/lib/libc_nano.a(lib_a-memcpy-stub.o)
                                        0x192 (size before relaxing)
 .debug_str     0x0000000000004feb       0xb7 /usr/lib/gcc/arm-none-eabi/6.3.1/../../../arm-none-eabi/lib/libc_nano.a(lib_a-sprintf.o)
                                        0x4ef (size before relaxing)
 .debug_str     0x00000000000050a2      0x172 /usr/lib/gcc/arm-none-eabi/6.3.1/../../../arm-none-eabi/lib/libc_nano.a(lib_a-nano-svfprintf.o)
                                        0x627 (size before relaxing)
 .debug_str     0x0000000000005214       0x8b /usr/lib/gcc/arm-none-eabi/6.3.1/../../../arm-none-eabi/lib/libc_nano.a(lib_a-nano-vfprintf_i.o)
                                        0x5c6 (size before relaxing)
 .debug_str     0x000000000000529f       0x52 /usr/lib/gcc/arm-none-eabi/6.3.1/../../../arm-none-eabi/lib/libc_nano.a(lib_a-memchr-stub.o)
                                        0x185 (size before relaxing)
 .debug_str     0x00000000000052f1       0x8c /usr/lib/gcc/arm-none-eabi/6.3.1/../../../arm-none-eabi/lib/libc_nano.a(lib_a-memmove.o)
                                        0x18c (size before relaxing)
 .debug_str     0x000000000000537d       0xe4 /usr/lib/gcc/arm-none-eabi/6.3.1/../../../arm-none-eabi/lib/libc_nano.a(lib_a-nano-freer.o)
                                        0x51a (size before relaxing)
 .debug_str     0x0000000000005461       0x46 /usr/lib/gcc/arm-none-eabi/6.3.1/../../../arm-none-eabi/lib/libc_nano.a(lib_a-nano-mallocr.o)
                                        0x545 (size before relaxing)
 .debug_str     0x00000000000054a7       0x23 /usr/lib/gcc/arm-none-eabi/6.3.1/../../../arm-none-eabi/lib/libc_nano.a(lib_a-nano-reallocr.o)
                                        0x522 (size before relaxing)
 .debug_str     0x00000000000054ca       0x3e /usr/lib/gcc/arm-none-eabi/6.3.1/../../../arm-none-eabi/lib/libc_nano.a(lib_a-sbrkr.o)
                                        0x4b9 (size before relaxing)
 .debug_str     0x0000000000005508        0xf /usr/lib/gcc/arm-none-eabi/6.3.1/../../../arm-none-eabi/lib/libc_nano.a(lib_a-nano-msizer.o)
                                        0x500 (size before relaxing)
 .debug_str     0x0000000000005517       0x55 /usr/lib/gcc/arm-none-eabi/6.3.1/../../../arm-none-eabi/lib/libc_nano.a(lib_a-reent.o)
                                        0x4e1 (size before relaxing)
 .debug_str     0x000000000000556c       0xad /usr/lib/gcc/arm-none-eabi/6.3.1/../../../arm-none-eabi/lib/libnosys.a(sbrk.o)
                                         0xc6 (size before relaxing)

.debug_frame    0x0000000000000000     0x324c
 .debug_frame   0x0000000000000000      0x104 build/stm32f1xx_hal_gpio.o
 .debug_frame   0x0000000000000104      0x13c build/stm32f1xx_hal_cortex.o
 .debug_frame   0x0000000000000240      0x62c build/cmsis_os.o
 .debug_frame   0x000000000000086c       0x30 build/system_stm32f1xx.o
 .debug_frame   0x000000000000089c      0x1c0 build/stm32f1xx_hal.o
 .debug_frame   0x0000000000000a5c      0x18c build/stm32f1xx_hal_rcc.o
 .debug_frame   0x0000000000000be8       0xa8 build/stm32f1xx_it.o
 .debug_frame   0x0000000000000c90      0x3e4 build/stm32f1xx_hal_tim_ex.o
 .debug_frame   0x0000000000001074       0xbc build/heap_4.o
 .debug_frame   0x0000000000001130       0x50 build/stm32f1xx_hal_timebase_TIM.o
 .debug_frame   0x0000000000001180      0x588 build/tasks.o
 .debug_frame   0x0000000000001708      0xb18 build/stm32f1xx_hal_tim.o
 .debug_frame   0x0000000000002220       0x70 build/list.o
 .debug_frame   0x0000000000002290       0xe8 build/port.o
 .debug_frame   0x0000000000002378      0x120 build/stm32f1xx_hal_msp.o
 .debug_frame   0x0000000000002498      0x1cc build/main.o
 .debug_frame   0x0000000000002664      0x57c build/stm32f1xx_hal_uart.o
 .debug_frame   0x0000000000002be0       0x30 build/stm32f1xx_hal_spi_ex.o
 .debug_frame   0x0000000000002c10       0x40 build/trig.o
 .debug_frame   0x0000000000002c50       0x34 /usr/lib/gcc/arm-none-eabi/6.3.1/../../../arm-none-eabi/lib/libc_nano.a(lib_a-init.o)
 .debug_frame   0x0000000000002c84       0x3c /usr/lib/gcc/arm-none-eabi/6.3.1/../../../arm-none-eabi/lib/libc_nano.a(lib_a-memcpy-stub.o)
 .debug_frame   0x0000000000002cc0       0x7c /usr/lib/gcc/arm-none-eabi/6.3.1/../../../arm-none-eabi/lib/libc_nano.a(lib_a-sprintf.o)
 .debug_frame   0x0000000000002d3c       0xd4 /usr/lib/gcc/arm-none-eabi/6.3.1/../../../arm-none-eabi/lib/libc_nano.a(lib_a-nano-svfprintf.o)
 .debug_frame   0x0000000000002e10       0xa0 /usr/lib/gcc/arm-none-eabi/6.3.1/../../../arm-none-eabi/lib/libc_nano.a(lib_a-nano-vfprintf_i.o)
 .debug_frame   0x0000000000002eb0       0x34 /usr/lib/gcc/arm-none-eabi/6.3.1/../../../arm-none-eabi/lib/libc_nano.a(lib_a-memchr-stub.o)
 .debug_frame   0x0000000000002ee4       0x40 /usr/lib/gcc/arm-none-eabi/6.3.1/../../../arm-none-eabi/lib/libc_nano.a(lib_a-memmove.o)
 .debug_frame   0x0000000000002f24       0x30 /usr/lib/gcc/arm-none-eabi/6.3.1/../../../arm-none-eabi/lib/libc_nano.a(lib_a-nano-freer.o)
 .debug_frame   0x0000000000002f54       0x40 /usr/lib/gcc/arm-none-eabi/6.3.1/../../../arm-none-eabi/lib/libc_nano.a(lib_a-nano-mallocr.o)
 .debug_frame   0x0000000000002f94       0x48 /usr/lib/gcc/arm-none-eabi/6.3.1/../../../arm-none-eabi/lib/libc_nano.a(lib_a-nano-reallocr.o)
 .debug_frame   0x0000000000002fdc       0x3c /usr/lib/gcc/arm-none-eabi/6.3.1/../../../arm-none-eabi/lib/libc_nano.a(lib_a-sbrkr.o)
 .debug_frame   0x0000000000003018       0x20 /usr/lib/gcc/arm-none-eabi/6.3.1/../../../arm-none-eabi/lib/libc_nano.a(lib_a-nano-msizer.o)
 .debug_frame   0x0000000000003038       0x64 /usr/lib/gcc/arm-none-eabi/6.3.1/../../../arm-none-eabi/lib/libc_nano.a(lib_a-reent.o)
 .debug_frame   0x000000000000309c       0x20 /usr/lib/gcc/arm-none-eabi/6.3.1/../../../arm-none-eabi/lib/libnosys.a(sbrk.o)
 .debug_frame   0x00000000000030bc       0x20 /usr/lib/gcc/arm-none-eabi/6.3.1/thumb/v7-m/libgcc.a(_udivsi3.o)
 .debug_frame   0x00000000000030dc       0x4c /usr/lib/gcc/arm-none-eabi/6.3.1/thumb/v7-m/libgcc.a(_arm_addsubsf3.o)
 .debug_frame   0x0000000000003128       0x38 /usr/lib/gcc/arm-none-eabi/6.3.1/thumb/v7-m/libgcc.a(_arm_muldivsf3.o)
 .debug_frame   0x0000000000003160       0xc8 /usr/lib/gcc/arm-none-eabi/6.3.1/thumb/v7-m/libgcc.a(_arm_cmpsf2.o)
 .debug_frame   0x0000000000003228       0x24 /usr/lib/gcc/arm-none-eabi/6.3.1/thumb/v7-m/libgcc.a(_arm_fixunssfsi.o)

Cross Reference Table

Symbol                                            File
ADC1_2_IRQHandler                                 build/startup_stm32f103xb.o
AHBPrescTable                                     build/system_stm32f1xx.o
                                                  build/stm32f1xx_hal_rcc.o
APBPrescTable                                     build/system_stm32f1xx.o
                                                  build/stm32f1xx_hal_rcc.o
BusFault_Handler                                  build/stm32f1xx_it.o
CAN1_RX1_IRQHandler                               build/startup_stm32f103xb.o
CAN1_SCE_IRQHandler                               build/startup_stm32f103xb.o
DMA1_Channel1_IRQHandler                          build/startup_stm32f103xb.o
DMA1_Channel2_IRQHandler                          build/startup_stm32f103xb.o
DMA1_Channel3_IRQHandler                          build/startup_stm32f103xb.o
DMA1_Channel4_IRQHandler                          build/startup_stm32f103xb.o
DMA1_Channel5_IRQHandler                          build/startup_stm32f103xb.o
DMA1_Channel6_IRQHandler                          build/startup_stm32f103xb.o
DMA1_Channel7_IRQHandler                          build/startup_stm32f103xb.o
DebugMon_Handler                                  build/stm32f1xx_it.o
Default_Handler                                   build/startup_stm32f103xb.o
EXTI0_IRQHandler                                  build/startup_stm32f103xb.o
EXTI15_10_IRQHandler                              build/startup_stm32f103xb.o
EXTI1_IRQHandler                                  build/startup_stm32f103xb.o
EXTI2_IRQHandler                                  build/startup_stm32f103xb.o
EXTI3_IRQHandler                                  build/startup_stm32f103xb.o
EXTI4_IRQHandler                                  build/startup_stm32f103xb.o
EXTI9_5_IRQHandler                                build/startup_stm32f103xb.o
FLASH_IRQHandler                                  build/startup_stm32f103xb.o
FLASH_PageErase                                   build/stm32f1xx_hal_flash_ex.o
                                                  build/stm32f1xx_hal_flash.o
FLASH_WaitForLastOperation                        build/stm32f1xx_hal_flash.o
                                                  build/stm32f1xx_hal_flash_ex.o
HAL_DBGMCU_DisableDBGSleepMode                    build/stm32f1xx_hal.o
HAL_DBGMCU_DisableDBGStandbyMode                  build/stm32f1xx_hal.o
HAL_DBGMCU_DisableDBGStopMode                     build/stm32f1xx_hal.o
HAL_DBGMCU_EnableDBGSleepMode                     build/stm32f1xx_hal.o
HAL_DBGMCU_EnableDBGStandbyMode                   build/stm32f1xx_hal.o
HAL_DBGMCU_EnableDBGStopMode                      build/stm32f1xx_hal.o
HAL_DMA_Abort                                     build/stm32f1xx_hal_dma.o
                                                  build/stm32f1xx_hal_spi.o
                                                  build/stm32f1xx_hal_uart.o
                                                  build/stm32f1xx_hal_tim.o
HAL_DMA_Abort_IT                                  build/stm32f1xx_hal_dma.o
                                                  build/stm32f1xx_hal_spi.o
                                                  build/stm32f1xx_hal_uart.o
HAL_DMA_DeInit                                    build/stm32f1xx_hal_dma.o
HAL_DMA_GetError                                  build/stm32f1xx_hal_dma.o
HAL_DMA_GetState                                  build/stm32f1xx_hal_dma.o
HAL_DMA_IRQHandler                                build/stm32f1xx_hal_dma.o
HAL_DMA_Init                                      build/stm32f1xx_hal_dma.o
HAL_DMA_PollForTransfer                           build/stm32f1xx_hal_dma.o
HAL_DMA_RegisterCallback                          build/stm32f1xx_hal_dma.o
HAL_DMA_Start                                     build/stm32f1xx_hal_dma.o
HAL_DMA_Start_IT                                  build/stm32f1xx_hal_dma.o
                                                  build/stm32f1xx_hal_spi.o
                                                  build/stm32f1xx_hal_uart.o
                                                  build/stm32f1xx_hal_tim.o
                                                  build/stm32f1xx_hal_tim_ex.o
HAL_DMA_UnRegisterCallback                        build/stm32f1xx_hal_dma.o
HAL_DeInit                                        build/stm32f1xx_hal.o
HAL_Delay                                         build/stm32f1xx_hal.o
HAL_FLASHEx_Erase                                 build/stm32f1xx_hal_flash_ex.o
HAL_FLASHEx_Erase_IT                              build/stm32f1xx_hal_flash_ex.o
HAL_FLASHEx_OBErase                               build/stm32f1xx_hal_flash_ex.o
HAL_FLASHEx_OBGetConfig                           build/stm32f1xx_hal_flash_ex.o
HAL_FLASHEx_OBGetUserData                         build/stm32f1xx_hal_flash_ex.o
HAL_FLASHEx_OBProgram                             build/stm32f1xx_hal_flash_ex.o
HAL_FLASH_EndOfOperationCallback                  build/stm32f1xx_hal_flash.o
HAL_FLASH_GetError                                build/stm32f1xx_hal_flash.o
HAL_FLASH_IRQHandler                              build/stm32f1xx_hal_flash.o
HAL_FLASH_Lock                                    build/stm32f1xx_hal_flash.o
HAL_FLASH_OB_Launch                               build/stm32f1xx_hal_flash.o
HAL_FLASH_OB_Lock                                 build/stm32f1xx_hal_flash.o
HAL_FLASH_OB_Unlock                               build/stm32f1xx_hal_flash.o
HAL_FLASH_OperationErrorCallback                  build/stm32f1xx_hal_flash.o
HAL_FLASH_Program                                 build/stm32f1xx_hal_flash.o
HAL_FLASH_Program_IT                              build/stm32f1xx_hal_flash.o
HAL_FLASH_Unlock                                  build/stm32f1xx_hal_flash.o
HAL_GPIOEx_ConfigEventout                         build/stm32f1xx_hal_gpio_ex.o
HAL_GPIOEx_DisableEventout                        build/stm32f1xx_hal_gpio_ex.o
HAL_GPIOEx_EnableEventout                         build/stm32f1xx_hal_gpio_ex.o
HAL_GPIO_DeInit                                   build/stm32f1xx_hal_gpio.o
                                                  build/stm32f1xx_hal_msp.o
HAL_GPIO_EXTI_Callback                            build/stm32f1xx_hal_gpio.o
HAL_GPIO_EXTI_IRQHandler                          build/stm32f1xx_hal_gpio.o
HAL_GPIO_Init                                     build/stm32f1xx_hal_gpio.o
                                                  build/main.o
                                                  build/stm32f1xx_hal_msp.o
                                                  build/stm32f1xx_hal_rcc.o
HAL_GPIO_LockPin                                  build/stm32f1xx_hal_gpio.o
HAL_GPIO_ReadPin                                  build/stm32f1xx_hal_gpio.o
HAL_GPIO_TogglePin                                build/stm32f1xx_hal_gpio.o
HAL_GPIO_WritePin                                 build/stm32f1xx_hal_gpio.o
                                                  build/main.o
HAL_GetDEVID                                      build/stm32f1xx_hal.o
HAL_GetHalVersion                                 build/stm32f1xx_hal.o
HAL_GetREVID                                      build/stm32f1xx_hal.o
HAL_GetTick                                       build/stm32f1xx_hal.o
                                                  build/stm32f1xx_hal_spi.o
                                                  build/stm32f1xx_hal_uart.o
                                                  build/stm32f1xx_hal_rcc_ex.o
                                                  build/stm32f1xx_hal_flash.o
                                                  build/stm32f1xx_hal_rcc.o
                                                  build/stm32f1xx_hal_dma.o
HAL_GetTickFreq                                   build/stm32f1xx_hal.o
HAL_GetTickPrio                                   build/stm32f1xx_hal.o
HAL_GetUID                                        build/stm32f1xx_hal.o
HAL_HalfDuplex_EnableReceiver                     build/stm32f1xx_hal_uart.o
HAL_HalfDuplex_EnableTransmitter                  build/stm32f1xx_hal_uart.o
HAL_HalfDuplex_Init                               build/stm32f1xx_hal_uart.o
HAL_IncTick                                       build/stm32f1xx_hal.o
                                                  build/main.o
HAL_Init                                          build/stm32f1xx_hal.o
                                                  build/main.o
HAL_InitTick                                      build/stm32f1xx_hal_timebase_TIM.o
                                                  build/stm32f1xx_hal.o
                                                  build/stm32f1xx_hal_rcc.o
HAL_LIN_Init                                      build/stm32f1xx_hal_uart.o
HAL_LIN_SendBreak                                 build/stm32f1xx_hal_uart.o
HAL_MspDeInit                                     build/stm32f1xx_hal.o
HAL_MspInit                                       build/stm32f1xx_hal_msp.o
                                                  build/stm32f1xx_hal.o
HAL_MultiProcessor_EnterMuteMode                  build/stm32f1xx_hal_uart.o
HAL_MultiProcessor_ExitMuteMode                   build/stm32f1xx_hal_uart.o
HAL_MultiProcessor_Init                           build/stm32f1xx_hal_uart.o
HAL_NVIC_ClearPendingIRQ                          build/stm32f1xx_hal_cortex.o
HAL_NVIC_DisableIRQ                               build/stm32f1xx_hal_cortex.o
HAL_NVIC_EnableIRQ                                build/stm32f1xx_hal_cortex.o
                                                  build/stm32f1xx_hal_timebase_TIM.o
HAL_NVIC_GetActive                                build/stm32f1xx_hal_cortex.o
HAL_NVIC_GetPendingIRQ                            build/stm32f1xx_hal_cortex.o
HAL_NVIC_GetPriority                              build/stm32f1xx_hal_cortex.o
HAL_NVIC_GetPriorityGrouping                      build/stm32f1xx_hal_cortex.o
HAL_NVIC_SetPendingIRQ                            build/stm32f1xx_hal_cortex.o
HAL_NVIC_SetPriority                              build/stm32f1xx_hal_cortex.o
                                                  build/main.o
                                                  build/stm32f1xx_hal_msp.o
                                                  build/stm32f1xx_hal_timebase_TIM.o
                                                  build/stm32f1xx_hal.o
HAL_NVIC_SetPriorityGrouping                      build/stm32f1xx_hal_cortex.o
                                                  build/stm32f1xx_hal_msp.o
                                                  build/stm32f1xx_hal.o
HAL_NVIC_SystemReset                              build/stm32f1xx_hal_cortex.o
                                                  build/stm32f1xx_hal_flash.o
HAL_PWR_ConfigPVD                                 build/stm32f1xx_hal_pwr.o
HAL_PWR_DeInit                                    build/stm32f1xx_hal_pwr.o
HAL_PWR_DisableBkUpAccess                         build/stm32f1xx_hal_pwr.o
HAL_PWR_DisablePVD                                build/stm32f1xx_hal_pwr.o
HAL_PWR_DisableSEVOnPend                          build/stm32f1xx_hal_pwr.o
HAL_PWR_DisableSleepOnExit                        build/stm32f1xx_hal_pwr.o
HAL_PWR_DisableWakeUpPin                          build/stm32f1xx_hal_pwr.o
HAL_PWR_EnableBkUpAccess                          build/stm32f1xx_hal_pwr.o
HAL_PWR_EnablePVD                                 build/stm32f1xx_hal_pwr.o
HAL_PWR_EnableSEVOnPend                           build/stm32f1xx_hal_pwr.o
HAL_PWR_EnableSleepOnExit                         build/stm32f1xx_hal_pwr.o
HAL_PWR_EnableWakeUpPin                           build/stm32f1xx_hal_pwr.o
HAL_PWR_EnterSLEEPMode                            build/stm32f1xx_hal_pwr.o
HAL_PWR_EnterSTANDBYMode                          build/stm32f1xx_hal_pwr.o
HAL_PWR_EnterSTOPMode                             build/stm32f1xx_hal_pwr.o
HAL_PWR_PVDCallback                               build/stm32f1xx_hal_pwr.o
HAL_PWR_PVD_IRQHandler                            build/stm32f1xx_hal_pwr.o