Archive member included to satisfy reference by file (symbol)

/usr/lib/gcc/arm-none-eabi/8.2.0/../../../../arm-none-eabi/lib/thumb/v7-m/nofp/libc_nano.a(lib_a-atexit.o)
                              /usr/lib/gcc/arm-none-eabi/8.2.0/../../../../arm-none-eabi/lib/thumb/v7-m/nofp/crt0.o (atexit)
/usr/lib/gcc/arm-none-eabi/8.2.0/../../../../arm-none-eabi/lib/thumb/v7-m/nofp/libc_nano.a(lib_a-exit.o)
                              /usr/lib/gcc/arm-none-eabi/8.2.0/../../../../arm-none-eabi/lib/thumb/v7-m/nofp/crt0.o (exit)
/usr/lib/gcc/arm-none-eabi/8.2.0/../../../../arm-none-eabi/lib/thumb/v7-m/nofp/libc_nano.a(lib_a-fini.o)
                              /usr/lib/gcc/arm-none-eabi/8.2.0/../../../../arm-none-eabi/lib/thumb/v7-m/nofp/crt0.o (__libc_fini_array)
/usr/lib/gcc/arm-none-eabi/8.2.0/../../../../arm-none-eabi/lib/thumb/v7-m/nofp/libc_nano.a(lib_a-impure.o)
                              /usr/lib/gcc/arm-none-eabi/8.2.0/../../../../arm-none-eabi/lib/thumb/v7-m/nofp/libc_nano.a(lib_a-exit.o) (_global_impure_ptr)
/usr/lib/gcc/arm-none-eabi/8.2.0/../../../../arm-none-eabi/lib/thumb/v7-m/nofp/libc_nano.a(lib_a-init.o)
                              /usr/lib/gcc/arm-none-eabi/8.2.0/../../../../arm-none-eabi/lib/thumb/v7-m/nofp/crt0.o (__libc_init_array)
/usr/lib/gcc/arm-none-eabi/8.2.0/../../../../arm-none-eabi/lib/thumb/v7-m/nofp/libc_nano.a(lib_a-memcpy-stub.o)
                              build/queue.o (memcpy)
/usr/lib/gcc/arm-none-eabi/8.2.0/../../../../arm-none-eabi/lib/thumb/v7-m/nofp/libc_nano.a(lib_a-memset.o)
                              /usr/lib/gcc/arm-none-eabi/8.2.0/../../../../arm-none-eabi/lib/thumb/v7-m/nofp/crt0.o (memset)
/usr/lib/gcc/arm-none-eabi/8.2.0/../../../../arm-none-eabi/lib/thumb/v7-m/nofp/libc_nano.a(lib_a-sprintf.o)
                              build/main.o (sprintf)
/usr/lib/gcc/arm-none-eabi/8.2.0/../../../../arm-none-eabi/lib/thumb/v7-m/nofp/libc_nano.a(lib_a-__atexit.o)
                              /usr/lib/gcc/arm-none-eabi/8.2.0/../../../../arm-none-eabi/lib/thumb/v7-m/nofp/libc_nano.a(lib_a-atexit.o) (__register_exitproc)
/usr/lib/gcc/arm-none-eabi/8.2.0/../../../../arm-none-eabi/lib/thumb/v7-m/nofp/libc_nano.a(lib_a-__call_atexit.o)
                              /usr/lib/gcc/arm-none-eabi/8.2.0/../../../../arm-none-eabi/lib/thumb/v7-m/nofp/libc_nano.a(lib_a-__atexit.o) (__call_exitprocs)
/usr/lib/gcc/arm-none-eabi/8.2.0/../../../../arm-none-eabi/lib/thumb/v7-m/nofp/libc_nano.a(lib_a-nano-svfprintf.o)
                              /usr/lib/gcc/arm-none-eabi/8.2.0/../../../../arm-none-eabi/lib/thumb/v7-m/nofp/libc_nano.a(lib_a-sprintf.o) (_svfprintf_r)
/usr/lib/gcc/arm-none-eabi/8.2.0/../../../../arm-none-eabi/lib/thumb/v7-m/nofp/libc_nano.a(lib_a-nano-vfprintf_i.o)
                              /usr/lib/gcc/arm-none-eabi/8.2.0/../../../../arm-none-eabi/lib/thumb/v7-m/nofp/libc_nano.a(lib_a-nano-svfprintf.o) (_printf_i)
/usr/lib/gcc/arm-none-eabi/8.2.0/../../../../arm-none-eabi/lib/thumb/v7-m/nofp/libc_nano.a(lib_a-memchr-stub.o)
                              /usr/lib/gcc/arm-none-eabi/8.2.0/../../../../arm-none-eabi/lib/thumb/v7-m/nofp/libc_nano.a(lib_a-nano-svfprintf.o) (memchr)
/usr/lib/gcc/arm-none-eabi/8.2.0/../../../../arm-none-eabi/lib/thumb/v7-m/nofp/libc_nano.a(lib_a-memmove.o)
                              /usr/lib/gcc/arm-none-eabi/8.2.0/../../../../arm-none-eabi/lib/thumb/v7-m/nofp/libc_nano.a(lib_a-nano-svfprintf.o) (memmove)
/usr/lib/gcc/arm-none-eabi/8.2.0/../../../../arm-none-eabi/lib/thumb/v7-m/nofp/libc_nano.a(lib_a-nano-freer.o)
                              /usr/lib/gcc/arm-none-eabi/8.2.0/../../../../arm-none-eabi/lib/thumb/v7-m/nofp/libc_nano.a(lib_a-nano-svfprintf.o) (_free_r)
/usr/lib/gcc/arm-none-eabi/8.2.0/../../../../arm-none-eabi/lib/thumb/v7-m/nofp/libc_nano.a(lib_a-nano-mallocr.o)
                              /usr/lib/gcc/arm-none-eabi/8.2.0/../../../../arm-none-eabi/lib/thumb/v7-m/nofp/libc_nano.a(lib_a-nano-svfprintf.o) (_malloc_r)
/usr/lib/gcc/arm-none-eabi/8.2.0/../../../../arm-none-eabi/lib/thumb/v7-m/nofp/libc_nano.a(lib_a-nano-reallocr.o)
                              /usr/lib/gcc/arm-none-eabi/8.2.0/../../../../arm-none-eabi/lib/thumb/v7-m/nofp/libc_nano.a(lib_a-nano-svfprintf.o) (_realloc_r)
/usr/lib/gcc/arm-none-eabi/8.2.0/../../../../arm-none-eabi/lib/thumb/v7-m/nofp/libc_nano.a(lib_a-sbrkr.o)
                              /usr/lib/gcc/arm-none-eabi/8.2.0/../../../../arm-none-eabi/lib/thumb/v7-m/nofp/libc_nano.a(lib_a-nano-mallocr.o) (_sbrk_r)
/usr/lib/gcc/arm-none-eabi/8.2.0/../../../../arm-none-eabi/lib/thumb/v7-m/nofp/libc_nano.a(lib_a-mlock.o)
                              /usr/lib/gcc/arm-none-eabi/8.2.0/../../../../arm-none-eabi/lib/thumb/v7-m/nofp/libc_nano.a(lib_a-nano-freer.o) (__malloc_lock)
/usr/lib/gcc/arm-none-eabi/8.2.0/../../../../arm-none-eabi/lib/thumb/v7-m/nofp/libc_nano.a(lib_a-nano-msizer.o)
[...]
Memory Configuration

Name             Origin             Length             Attributes
RAM              0x0000000020000000 0x0000000000005000 xrw
FLASH            0x0000000008000000 0x0000000000010000 xr
*default*        0x0000000000000000 0xffffffffffffffff

Linker script and memory map

LOAD /usr/lib/gcc/arm-none-eabi/8.2.0/thumb/v7-m/nofp/crti.o
LOAD /usr/lib/gcc/arm-none-eabi/8.2.0/thumb/v7-m/nofp/crtbegin.o
LOAD /usr/lib/gcc/arm-none-eabi/8.2.0/../../../../arm-none-eabi/lib/thumb/v7-m/nofp/crt0.o
LOAD build/event_groups.o
LOAD build/stm32f1xx_hal_gpio.o
LOAD build/stm32f1xx_hal_gpio_ex.o
LOAD build/stm32f1xx_hal_dma.o
LOAD build/stm32f1xx_hal_cortex.o
LOAD build/queue.o
LOAD build/cmsis_os.o
LOAD build/system_stm32f1xx.o
LOAD build/freertos.o
LOAD build/stm32f1xx_hal_flash_ex.o
LOAD build/stm32f1xx_hal.o
LOAD build/croutine.o
LOAD build/stm32f1xx_hal_rcc.o
LOAD build/stm32f1xx_it.o
LOAD build/stm32f1xx_hal_flash.o
LOAD build/stm32f1xx_hal_tim_ex.o
LOAD build/heap_4.o
LOAD build/stm32f1xx_hal_pwr.o
LOAD build/stm32f1xx_hal_rcc_ex.o
LOAD build/freertos.o
LOAD build/stm32f1xx_hal_timebase_TIM.o
LOAD build/tasks.o
LOAD build/stm32f1xx_hal_tim.o
LOAD build/list.o
LOAD build/timers.o
LOAD build/port.o
LOAD build/stm32f1xx_hal_msp.o
LOAD build/main.o
LOAD build/stm32f1xx_hal_uart.o
LOAD build/stm32f1xx_hal_spi.o
LOAD build/stm32f1xx_hal_spi_ex.o
LOAD build/trig.o
LOAD build/startup_stm32f103xb.o
LOAD /usr/lib/gcc/arm-none-eabi/8.2.0/../../../../arm-none-eabi/lib/thumb/v7-m/nofp/libc_nano.a
LOAD /usr/lib/gcc/arm-none-eabi/8.2.0/../../../../arm-none-eabi/lib/thumb/v7-m/nofp/libm.a
LOAD /usr/lib/gcc/arm-none-eabi/8.2.0/../../../../arm-none-eabi/lib/thumb/v7-m/nofp/libnosys.a
START GROUP
LOAD /usr/lib/gcc/arm-none-eabi/8.2.0/thumb/v7-m/nofp/libgcc.a
LOAD /usr/lib/gcc/arm-none-eabi/8.2.0/../../../../arm-none-eabi/lib/thumb/v7-m/nofp/libc_nano.a
END GROUP
START GROUP
LOAD /usr/lib/gcc/arm-none-eabi/8.2.0/thumb/v7-m/nofp/libgcc.a
LOAD /usr/lib/gcc/arm-none-eabi/8.2.0/../../../../arm-none-eabi/lib/thumb/v7-m/nofp/libc_nano.a
END GROUP
LOAD /usr/lib/gcc/arm-none-eabi/8.2.0/thumb/v7-m/nofp/crtend.o
LOAD /usr/lib/gcc/arm-none-eabi/8.2.0/thumb/v7-m/nofp/crtn.o
                0x0000000020005000                _estack = 0x20005000
                0x0000000000000200                _Min_Heap_Size = 0x200
                0x0000000000000400                _Min_Stack_Size = 0x400

.isr_vector     0x0000000008000000      0x10c
                0x0000000008000000                . = ALIGN (0x4)
 *(.isr_vector)
 .isr_vector    0x0000000008000000      0x10c build/startup_stm32f103xb.o
                0x0000000008000000                g_pfnVectors
                0x000000000800010c                . = ALIGN (0x4)

.text           0x0000000008000110     0x3250
                0x0000000008000110                . = ALIGN (0x4)
 *(.text)
 *(.text*)
 .text.__do_global_dtors_aux
                0x0000000008000110       0x24 /usr/lib/gcc/arm-none-eabi/8.2.0/thumb/v7-m/nofp/crtbegin.o
 .text.frame_dummy
                0x0000000008000134       0x1c /usr/lib/gcc/arm-none-eabi/8.2.0/thumb/v7-m/nofp/crtbegin.o
 .text.HAL_GPIO_Init
                0x0000000008000150      0x1d4 build/stm32f1xx_hal_gpio.o
                0x0000000008000150                HAL_GPIO_Init
 .text.HAL_GPIO_WritePin
                0x0000000008000324        0xc build/stm32f1xx_hal_gpio.o
                0x0000000008000324                HAL_GPIO_WritePin
 .text.HAL_NVIC_SetPriorityGrouping
                0x0000000008000330       0x24 build/stm32f1xx_hal_cortex.o
                0x0000000008000330                HAL_NVIC_SetPriorityGrouping
 .text.HAL_NVIC_SetPriority
                0x0000000008000354       0x68 build/stm32f1xx_hal_cortex.o
                0x0000000008000354                HAL_NVIC_SetPriority
 .text.HAL_NVIC_EnableIRQ
                0x00000000080003bc       0x18 build/stm32f1xx_hal_cortex.o
                0x00000000080003bc                HAL_NVIC_EnableIRQ
 .text.HAL_SYSTICK_Config
                0x00000000080003d4       0x2c build/stm32f1xx_hal_cortex.o
                0x00000000080003d4                HAL_SYSTICK_Config
 .text.HAL_SYSTICK_CLKSourceConfig
                0x0000000008000400       0x20 build/stm32f1xx_hal_cortex.o
                0x0000000008000400                HAL_SYSTICK_CLKSourceConfig
 .text.makeFreeRtosPriority
                0x0000000008000420        0xc build/cmsis_os.o
 .text.osKernelStart
                0x000000000800042c        0xa build/cmsis_os.o
                0x000000000800042c                osKernelStart
 .text.osThreadCreate
                0x0000000008000436       0x34 build/cmsis_os.o
                0x0000000008000436                osThreadCreate
 .text.osSystickHandler
                0x000000000800046a       0x12 build/cmsis_os.o
                0x000000000800046a                osSystickHandler
 .text.SystemInit
                0x000000000800047c       0x4c build/system_stm32f1xx.o
                0x000000000800047c                SystemInit
 .text.HAL_Init
                0x00000000080004c8       0x24 build/stm32f1xx_hal.o
                0x00000000080004c8                HAL_Init
 .text.HAL_IncTick
                0x00000000080004ec       0x18 build/stm32f1xx_hal.o
                0x00000000080004ec                HAL_IncTick
 .text.HAL_GetTick
                0x0000000008000504        0xc build/stm32f1xx_hal.o
                0x0000000008000504                HAL_GetTick
 .text.RCC_Delay
                0x0000000008000510       0x2c build/stm32f1xx_hal_rcc.o
 .text.HAL_RCC_OscConfig
                0x000000000800053c      0x3e0 build/stm32f1xx_hal_rcc.o
                0x000000000800053c                HAL_RCC_OscConfig
 .text.HAL_RCC_GetSysClockFreq
                0x000000000800091c       0x70 build/stm32f1xx_hal_rcc.o
                0x000000000800091c                HAL_RCC_GetSysClockFreq
 .text.HAL_RCC_ClockConfig
                0x000000000800098c      0x17c build/stm32f1xx_hal_rcc.o
                0x000000000800098c                HAL_RCC_ClockConfig
 .text.HAL_RCC_GetHCLKFreq
                0x0000000008000b08        0xc build/stm32f1xx_hal_rcc.o
                0x0000000008000b08                HAL_RCC_GetHCLKFreq
 .text.HAL_RCC_GetPCLK1Freq
                0x0000000008000b14       0x20 build/stm32f1xx_hal_rcc.o
                0x0000000008000b14                HAL_RCC_GetPCLK1Freq
 .text.HAL_RCC_GetPCLK2Freq
                0x0000000008000b34       0x20 build/stm32f1xx_hal_rcc.o
                0x0000000008000b34                HAL_RCC_GetPCLK2Freq
 .text.HAL_RCC_GetClockConfig
                0x0000000008000b54       0x3c build/stm32f1xx_hal_rcc.o
                0x0000000008000b54                HAL_RCC_GetClockConfig
 .text.NMI_Handler
                0x0000000008000b90        0x2 build/stm32f1xx_it.o
                0x0000000008000b90                NMI_Handler
 .text.HardFault_Handler
                0x0000000008000b92        0x2 build/stm32f1xx_it.o
                0x0000000008000b92                HardFault_Handler
 .text.MemManage_Handler
                0x0000000008000b94        0x2 build/stm32f1xx_it.o
                0x0000000008000b94                MemManage_Handler
 .text.BusFault_Handler
                0x0000000008000b96        0x2 build/stm32f1xx_it.o
                0x0000000008000b96                BusFault_Handler
 .text.UsageFault_Handler
                0x0000000008000b98        0x2 build/stm32f1xx_it.o
                0x0000000008000b98                UsageFault_Handler
 .text.DebugMon_Handler
                0x0000000008000b9a        0x2 build/stm32f1xx_it.o
                0x0000000008000b9a                DebugMon_Handler
 .text.SysTick_Handler
                0x0000000008000b9c        0x8 build/stm32f1xx_it.o
                0x0000000008000b9c                SysTick_Handler
 .text.TIM4_IRQHandler
                0x0000000008000ba4       0x10 build/stm32f1xx_it.o
                0x0000000008000ba4                TIM4_IRQHandler
 .text.HAL_TIMEx_MasterConfigSynchronization
                0x0000000008000bb4       0x52 build/stm32f1xx_hal_tim_ex.o
                0x0000000008000bb4                HAL_TIMEx_MasterConfigSynchronization
 .text.HAL_TIMEx_CommutationCallback
                0x0000000008000c06        0x2 build/stm32f1xx_hal_tim_ex.o
                0x0000000008000c06                HAL_TIMEx_CommutationCallback
 .text.HAL_TIMEx_BreakCallback
                0x0000000008000c08        0x2 build/stm32f1xx_hal_tim_ex.o
                0x0000000008000c08                HAL_TIMEx_BreakCallback
 *fill*         0x0000000008000c0a        0x2 
 .text.prvHeapInit
                0x0000000008000c0c       0x64 build/heap_4.o
 .text.prvInsertBlockIntoFreeList
                0x0000000008000c70       0x58 build/heap_4.o
 .text.pvPortMalloc
                0x0000000008000cc8      0x108 build/heap_4.o
                0x0000000008000cc8                pvPortMalloc
 .text.vPortFree
                0x0000000008000dd0       0x70 build/heap_4.o
                0x0000000008000dd0                vPortFree
 .text.HAL_InitTick
                0x0000000008000e40       0x7c build/stm32f1xx_hal_timebase_TIM.o
                0x0000000008000e40                HAL_InitTick
 .text.prvResetNextTaskUnblockTime
                0x0000000008000ebc       0x2c build/tasks.o
 .text.prvDeleteTCB
                0x0000000008000ee8       0x12 build/tasks.o
 .text.prvInitialiseNewTask
                0x0000000008000efa       0x7e build/tasks.o
 .text.prvInitialiseTaskLists
                0x0000000008000f78       0x68 build/tasks.o
 .text.prvAddNewTaskToReadyList
                0x0000000008000fe0       0xa8 build/tasks.o
 .text.xTaskCreate
                0x0000000008001088       0x62 build/tasks.o
                0x0000000008001088                xTaskCreate
 *fill*         0x00000000080010ea        0x2 
 .text.vTaskStartScheduler
                0x00000000080010ec       0x7c build/tasks.o
                0x00000000080010ec                vTaskStartScheduler
 .text.vTaskSuspendAll
                0x0000000008001168       0x10 build/tasks.o
                0x0000000008001168                vTaskSuspendAll
 .text.xTaskIncrementTick
                0x0000000008001178      0x118 build/tasks.o
                0x0000000008001178                xTaskIncrementTick
 .text.xTaskResumeAll
                0x0000000008001290       0xfc build/tasks.o
                0x0000000008001290                xTaskResumeAll
 .text.prvCheckTasksWaitingTermination
                0x000000000800138c       0x5c build/tasks.o
 .text.prvIdleTask
                0x00000000080013e8       0x28 build/tasks.o
 .text.vTaskSwitchContext
                0x0000000008001410       0x98 build/tasks.o
                0x0000000008001410                vTaskSwitchContext
 .text.xTaskGetSchedulerState
                0x00000000080014a8       0x20 build/tasks.o
                0x00000000080014a8                xTaskGetSchedulerState
 .text.TIM_OC1_SetConfig
                0x00000000080014c8       0x5c build/stm32f1xx_hal_tim.o
 .text.TIM_OC3_SetConfig
                0x0000000008001524       0x64 build/stm32f1xx_hal_tim.o
 .text.TIM_OC4_SetConfig
                0x0000000008001588       0x48 build/stm32f1xx_hal_tim.o
 .text.TIM_TI1_ConfigInputStage
                0x00000000080015d0       0x24 build/stm32f1xx_hal_tim.o
 .text.TIM_TI2_SetConfig
                0x00000000080015f4       0x34 build/stm32f1xx_hal_tim.o
 .text.TIM_TI2_ConfigInputStage
                0x0000000008001628       0x26 build/stm32f1xx_hal_tim.o
 .text.TIM_TI3_SetConfig
                0x000000000800164e       0x32 build/stm32f1xx_hal_tim.o
 .text.TIM_TI4_SetConfig
                0x0000000008001680       0x34 build/stm32f1xx_hal_tim.o
 .text.TIM_ETR_SetConfig
                0x00000000080016b4       0x16 build/stm32f1xx_hal_tim.o
 .text.TIM_SlaveTimer_SetConfig
                0x00000000080016ca       0x74 build/stm32f1xx_hal_tim.o
 .text.HAL_TIM_Base_MspInit
                0x000000000800173e        0x2 build/stm32f1xx_hal_tim.o
                0x000000000800173e                HAL_TIM_Base_MspInit
 .text.HAL_TIM_Base_Start_IT
                0x0000000008001740       0x18 build/stm32f1xx_hal_tim.o
                0x0000000008001740                HAL_TIM_Base_Start_IT
 .text.HAL_TIM_SlaveConfigSynchronization
                0x0000000008001758       0x40 build/stm32f1xx_hal_tim.o
                0x0000000008001758                HAL_TIM_SlaveConfigSynchronization
 .text.HAL_TIM_OC_DelayElapsedCallback
                0x0000000008001798        0x2 build/stm32f1xx_hal_tim.o
                0x0000000008001798                HAL_TIM_OC_DelayElapsedCallback
 .text.HAL_TIM_IC_CaptureCallback
                0x000000000800179a        0x2 build/stm32f1xx_hal_tim.o
                0x000000000800179a                HAL_TIM_IC_CaptureCallback
 .text.HAL_TIM_PWM_PulseFinishedCallback
                0x000000000800179c        0x2 build/stm32f1xx_hal_tim.o
                0x000000000800179c                HAL_TIM_PWM_PulseFinishedCallback
 .text.HAL_TIM_TriggerCallback
                0x000000000800179e        0x2 build/stm32f1xx_hal_tim.o
                0x000000000800179e                HAL_TIM_TriggerCallback
 .text.HAL_TIM_IRQHandler
                0x00000000080017a0      0x17a build/stm32f1xx_hal_tim.o
                0x00000000080017a0                HAL_TIM_IRQHandler
 *fill*         0x000000000800191a        0x2 
 .text.TIM_Base_SetConfig
                0x000000000800191c       0x74 build/stm32f1xx_hal_tim.o
                0x000000000800191c                TIM_Base_SetConfig
 .text.HAL_TIM_Base_Init
                0x0000000008001990       0x34 build/stm32f1xx_hal_tim.o
                0x0000000008001990                HAL_TIM_Base_Init
 .text.HAL_TIM_PWM_Init
                0x00000000080019c4       0x34 build/stm32f1xx_hal_tim.o
                0x00000000080019c4                HAL_TIM_PWM_Init
 .text.HAL_TIM_IC_Init
                0x00000000080019f8       0x34 build/stm32f1xx_hal_tim.o
                0x00000000080019f8                HAL_TIM_IC_Init
 .text.TIM_OC2_SetConfig
                0x0000000008001a2c       0x64 build/stm32f1xx_hal_tim.o
                0x0000000008001a2c                TIM_OC2_SetConfig
 .text.HAL_TIM_PWM_ConfigChannel
                0x0000000008001a90       0xdc build/stm32f1xx_hal_tim.o
                0x0000000008001a90                HAL_TIM_PWM_ConfigChannel
 .text.TIM_TI1_SetConfig
                0x0000000008001b6c       0x58 build/stm32f1xx_hal_tim.o
                0x0000000008001b6c                TIM_TI1_SetConfig
 .text.HAL_TIM_IC_ConfigChannel
                0x0000000008001bc4       0xc0 build/stm32f1xx_hal_tim.o
                0x0000000008001bc4                HAL_TIM_IC_ConfigChannel
 .text.TIM_CCxChannelCmd
                0x0000000008001c84       0x1c build/stm32f1xx_hal_tim.o
                0x0000000008001c84                TIM_CCxChannelCmd
 .text.HAL_TIM_PWM_Start
                0x0000000008001ca0       0x30 build/stm32f1xx_hal_tim.o
                0x0000000008001ca0                HAL_TIM_PWM_Start
 .text.HAL_TIM_IC_Start
                0x0000000008001cd0       0x1a build/stm32f1xx_hal_tim.o
                0x0000000008001cd0                HAL_TIM_IC_Start
 .text.HAL_TIM_IC_Start_IT
                0x0000000008001cea       0x5e build/stm32f1xx_hal_tim.o
                0x0000000008001cea                HAL_TIM_IC_Start_IT
 .text.vListInitialise
                0x0000000008001d48       0x16 build/list.o
                0x0000000008001d48                vListInitialise
 .text.vListInitialiseItem
                0x0000000008001d5e        0x6 build/list.o
                0x0000000008001d5e                vListInitialiseItem
 .text.vListInsertEnd
                0x0000000008001d64       0x16 build/list.o
                0x0000000008001d64                vListInsertEnd
 .text.uxListRemove
                0x0000000008001d7a       0x24 build/list.o
                0x0000000008001d7a                uxListRemove
 *fill*         0x0000000008001d9e        0x2 
 .text.prvTaskExitError
                0x0000000008001da0       0x34 build/port.o
 .text.prvPortStartFirstTask
                0x0000000008001dd4       0x20 build/port.o
 .text.pxPortInitialiseStack
                0x0000000008001df4       0x24 build/port.o
                0x0000000008001df4                pxPortInitialiseStack
 *fill*         0x0000000008001e18        0x8 
 .text.SVC_Handler
                0x0000000008001e20       0x24 build/port.o
                0x0000000008001e20                SVC_Handler
 .text.vPortEnterCritical
                0x0000000008001e44       0x44 build/port.o
                0x0000000008001e44                vPortEnterCritical
 .text.vPortExitCritical
                0x0000000008001e88       0x2c build/port.o
                0x0000000008001e88                vPortExitCritical
 *fill*         0x0000000008001eb4        0xc 
 .text.PendSV_Handler
                0x0000000008001ec0       0x44 build/port.o
                0x0000000008001ec0                PendSV_Handler
 .text.xPortSysTickHandler
                0x0000000008001f04       0x2c build/port.o
                0x0000000008001f04                xPortSysTickHandler
 .text.vPortSetupTimerInterrupt
                0x0000000008001f30       0x2c build/port.o
                0x0000000008001f30                vPortSetupTimerInterrupt
 .text.xPortStartScheduler
                0x0000000008001f5c       0x98 build/port.o
                0x0000000008001f5c                xPortStartScheduler
 .text.HAL_MspInit
                0x0000000008001ff4       0x90 build/stm32f1xx_hal_msp.o
                0x0000000008001ff4                HAL_MspInit
 .text.HAL_SPI_MspInit
                0x0000000008002084       0x6c build/stm32f1xx_hal_msp.o
                0x0000000008002084                HAL_SPI_MspInit
 .text.HAL_TIM_PWM_MspInit
                0x00000000080020f0       0x26 build/stm32f1xx_hal_msp.o
                0x00000000080020f0                HAL_TIM_PWM_MspInit
 *fill*         0x0000000008002116        0x2 
 .text.HAL_TIM_IC_MspInit
                0x0000000008002118       0x44 build/stm32f1xx_hal_msp.o
                0x0000000008002118                HAL_TIM_IC_MspInit
 .text.HAL_TIM_MspPostInit
                0x000000000800215c       0x2c build/stm32f1xx_hal_msp.o
                0x000000000800215c                HAL_TIM_MspPostInit
 .text.HAL_UART_MspInit
                0x0000000008002188       0x5c build/stm32f1xx_hal_msp.o
                0x0000000008002188                HAL_UART_MspInit
 .text.MX_GPIO_Init
                0x00000000080021e4       0x6c build/main.o
 .text.StartDefaultTask
                0x0000000008002250      0x114 build/main.o
                0x0000000008002250                StartDefaultTask
 .text.HAL_TIM_PeriodElapsedCallback
                0x0000000008002364       0x18 build/main.o
                0x0000000008002364                HAL_TIM_PeriodElapsedCallback
 .text._Error_Handler
                0x000000000800237c        0x2 build/main.o
                0x000000000800237c                _Error_Handler
 *fill*         0x000000000800237e        0x2 
 .text.MX_TIM3_Init
                0x0000000008002380       0xb8 build/main.o
 .text.MX_SPI1_Init
                0x0000000008002438       0x48 build/main.o
 .text.MX_USART1_UART_Init
                0x0000000008002480       0x3c build/main.o
 .text.MX_TIM2_Init
                0x00000000080024bc       0xbc build/main.o
 .text.SystemClock_Config
                0x0000000008002578       0x84 build/main.o
                0x0000000008002578                SystemClock_Config
 .text.main     0x00000000080025fc       0x48 build/main.o
                0x00000000080025fc                main
 .text.UART_SetConfig
                0x0000000008002644      0x1ac build/stm32f1xx_hal_uart.o
 .text.UART_WaitOnFlagUntilTimeout
                0x00000000080027f0       0x62 build/stm32f1xx_hal_uart.o
 .text.HAL_UART_Init
                0x0000000008002852       0x5e build/stm32f1xx_hal_uart.o
                0x0000000008002852                HAL_UART_Init
 .text.HAL_UART_Transmit
                0x00000000080028b0       0xe0 build/stm32f1xx_hal_uart.o
                0x00000000080028b0                HAL_UART_Transmit
 .text.HAL_SPI_Init
                0x0000000008002990       0x82 build/stm32f1xx_hal_spi_ex.o
                0x0000000008002990                HAL_SPI_Init
 *fill*         0x0000000008002a12        0x2 
 .text.sinShift03
                0x0000000008002a14        0xc build/trig.o
                0x0000000008002a14                sinShift03
 .text.sinShift13
                0x0000000008002a20       0x20 build/trig.o
                0x0000000008002a20                sinShift13
 .text.sinShift23
                0x0000000008002a40       0x20 build/trig.o
                0x0000000008002a40                sinShift23
 .text.Reset_Handler
                0x0000000008002a60       0x48 build/startup_stm32f103xb.o
                0x0000000008002a60                Reset_Handler
 .text.Default_Handler
                0x0000000008002aa8        0x2 build/startup_stm32f103xb.o
                0x0000000008002aa8                RTC_Alarm_IRQHandler
                0x0000000008002aa8                EXTI2_IRQHandler
                0x0000000008002aa8                TIM1_CC_IRQHandler
                0x0000000008002aa8                PVD_IRQHandler
                0x0000000008002aa8                EXTI3_IRQHandler
                0x0000000008002aa8                EXTI0_IRQHandler
                0x0000000008002aa8                I2C2_EV_IRQHandler
                0x0000000008002aa8                ADC1_2_IRQHandler
                0x0000000008002aa8                SPI1_IRQHandler
                0x0000000008002aa8                TAMPER_IRQHandler
                0x0000000008002aa8                DMA1_Channel4_IRQHandler
                0x0000000008002aa8                USART3_IRQHandler
                0x0000000008002aa8                RTC_IRQHandler
                0x0000000008002aa8                DMA1_Channel7_IRQHandler
                0x0000000008002aa8                CAN1_RX1_IRQHandler
                0x0000000008002aa8                I2C1_EV_IRQHandler
                0x0000000008002aa8                DMA1_Channel6_IRQHandler
                0x0000000008002aa8                TIM3_IRQHandler
                0x0000000008002aa8                RCC_IRQHandler
                0x0000000008002aa8                TIM1_TRG_COM_IRQHandler
                0x0000000008002aa8                DMA1_Channel1_IRQHandler
                0x0000000008002aa8                Default_Handler
                0x0000000008002aa8                EXTI15_10_IRQHandler
                0x0000000008002aa8                EXTI9_5_IRQHandler
                0x0000000008002aa8                SPI2_IRQHandler
                0x0000000008002aa8                DMA1_Channel5_IRQHandler
                0x0000000008002aa8                EXTI4_IRQHandler
                0x0000000008002aa8                USB_LP_CAN1_RX0_IRQHandler
                0x0000000008002aa8                USB_HP_CAN1_TX_IRQHandler
                0x0000000008002aa8                DMA1_Channel3_IRQHandler
                0x0000000008002aa8                TIM1_UP_IRQHandler
                0x0000000008002aa8                WWDG_IRQHandler
                0x0000000008002aa8                TIM2_IRQHandler
                0x0000000008002aa8                TIM1_BRK_IRQHandler
                0x0000000008002aa8                EXTI1_IRQHandler
                0x0000000008002aa8                USART2_IRQHandler
                0x0000000008002aa8                I2C2_ER_IRQHandler
                0x0000000008002aa8                DMA1_Channel2_IRQHandler
                0x0000000008002aa8                CAN1_SCE_IRQHandler
                0x0000000008002aa8                FLASH_IRQHandler
                0x0000000008002aa8                USART1_IRQHandler
                0x0000000008002aa8                I2C1_ER_IRQHandler
                0x0000000008002aa8                USBWakeUp_IRQHandler
 *fill*         0x0000000008002aaa        0x2 
 .text.__libc_init_array
                0x0000000008002aac       0x48 /usr/lib/gcc/arm-none-eabi/8.2.0/../../../../arm-none-eabi/lib/thumb/v7-m/nofp/libc_nano.a(lib_a-init.o)
                0x0000000008002aac                __libc_init_array
 .text.memcpy   0x0000000008002af4       0x1c /usr/lib/gcc/arm-none-eabi/8.2.0/../../../../arm-none-eabi/lib/thumb/v7-m/nofp/libc_nano.a(lib_a-memcpy-stub.o)
                0x0000000008002af4                memcpy
 .text.sprintf  0x0000000008002b10       0x40 /usr/lib/gcc/arm-none-eabi/8.2.0/../../../../arm-none-eabi/lib/thumb/v7-m/nofp/libc_nano.a(lib_a-sprintf.o)
                0x0000000008002b10                sprintf
                0x0000000008002b10                siprintf
 .text.__ssputs_r
                0x0000000008002b50       0xb6 /usr/lib/gcc/arm-none-eabi/8.2.0/../../../../arm-none-eabi/lib/thumb/v7-m/nofp/libc_nano.a(lib_a-nano-svfprintf.o)
                0x0000000008002b50                __ssputs_r
 *fill*         0x0000000008002c06        0x2 
 .text._svfprintf_r
                0x0000000008002c08      0x1f0 /usr/lib/gcc/arm-none-eabi/8.2.0/../../../../arm-none-eabi/lib/thumb/v7-m/nofp/libc_nano.a(lib_a-nano-svfprintf.o)
                0x0000000008002c08                _svfprintf_r
                0x0000000008002c08                _svfiprintf_r
 .text._printf_common
                0x0000000008002df8       0xec /usr/lib/gcc/arm-none-eabi/8.2.0/../../../../arm-none-eabi/lib/thumb/v7-m/nofp/libc_nano.a(lib_a-nano-vfprintf_i.o)
                0x0000000008002df8                _printf_common
 .text._printf_i
                0x0000000008002ee4      0x22c /usr/lib/gcc/arm-none-eabi/8.2.0/../../../../arm-none-eabi/lib/thumb/v7-m/nofp/libc_nano.a(lib_a-nano-vfprintf_i.o)
                0x0000000008002ee4                _printf_i
 .text.memchr   0x0000000008003110       0x1c /usr/lib/gcc/arm-none-eabi/8.2.0/../../../../arm-none-eabi/lib/thumb/v7-m/nofp/libc_nano.a(lib_a-memchr-stub.o)
                0x0000000008003110                memchr
 .text.memmove  0x000000000800312c       0x34 /usr/lib/gcc/arm-none-eabi/8.2.0/../../../../arm-none-eabi/lib/thumb/v7-m/nofp/libc_nano.a(lib_a-memmove.o)
                0x000000000800312c                memmove
 .text._free_r  0x0000000008003160       0x98 /usr/lib/gcc/arm-none-eabi/8.2.0/../../../../arm-none-eabi/lib/thumb/v7-m/nofp/libc_nano.a(lib_a-nano-freer.o)
                0x0000000008003160                _free_r
 .text._malloc_r
                0x00000000080031f8       0xb4 /usr/lib/gcc/arm-none-eabi/8.2.0/../../../../arm-none-eabi/lib/thumb/v7-m/nofp/libc_nano.a(lib_a-nano-mallocr.o)
                0x00000000080031f8                _malloc_r
 .text._realloc_r
                0x00000000080032ac       0x4c /usr/lib/gcc/arm-none-eabi/8.2.0/../../../../arm-none-eabi/lib/thumb/v7-m/nofp/libc_nano.a(lib_a-nano-reallocr.o)
                0x00000000080032ac                _realloc_r
 .text._sbrk_r  0x00000000080032f8       0x20 /usr/lib/gcc/arm-none-eabi/8.2.0/../../../../arm-none-eabi/lib/thumb/v7-m/nofp/libc_nano.a(lib_a-sbrkr.o)
                0x00000000080032f8                _sbrk_r
 .text.__malloc_lock
                0x0000000008003318        0x2 /usr/lib/gcc/arm-none-eabi/8.2.0/../../../../arm-none-eabi/lib/thumb/v7-m/nofp/libc_nano.a(lib_a-mlock.o)
                0x0000000008003318                __malloc_lock
 .text.__malloc_unlock
                0x000000000800331a        0x2 /usr/lib/gcc/arm-none-eabi/8.2.0/../../../../arm-none-eabi/lib/thumb/v7-m/nofp/libc_nano.a(lib_a-mlock.o)
                0x000000000800331a                __malloc_unlock
 .text._malloc_usable_size_r
                0x000000000800331c       0x10 /usr/lib/gcc/arm-none-eabi/8.2.0/../../../../arm-none-eabi/lib/thumb/v7-m/nofp/libc_nano.a(lib_a-nano-msizer.o)
                0x000000000800331c                _malloc_usable_size_r
 .text._sbrk    0x000000000800332c       0x1c /usr/lib/gcc/arm-none-eabi/8.2.0/../../../../arm-none-eabi/lib/thumb/v7-m/nofp/libnosys.a(sbrk.o)
                0x000000000800332c                _sbrk
 *(.glue_7)
 .glue_7        0x0000000008003348        0x0 linker stubs
 *(.glue_7t)
 .glue_7t       0x0000000008003348        0x0 linker stubs
 *(.eh_frame)
 .eh_frame      0x0000000008003348        0x0 /usr/lib/gcc/arm-none-eabi/8.2.0/thumb/v7-m/nofp/crtbegin.o
 *(.init)
 .init          0x0000000008003348        0x4 /usr/lib/gcc/arm-none-eabi/8.2.0/thumb/v7-m/nofp/crti.o
                0x0000000008003348                _init
 .init          0x000000000800334c        0x8 /usr/lib/gcc/arm-none-eabi/8.2.0/thumb/v7-m/nofp/crtn.o
 *(.fini)
 .fini          0x0000000008003354        0x4 /usr/lib/gcc/arm-none-eabi/8.2.0/thumb/v7-m/nofp/crti.o
                0x0000000008003354                _fini
 .fini          0x0000000008003358        0x8 /usr/lib/gcc/arm-none-eabi/8.2.0/thumb/v7-m/nofp/crtn.o
                0x0000000008003360                . = ALIGN (0x4)
                0x0000000008003360                _etext = .

.vfp11_veneer   0x0000000008003360        0x0
 .vfp11_veneer  0x0000000008003360        0x0 linker stubs

.v4_bx          0x0000000008003360        0x0
 .v4_bx         0x0000000008003360        0x0 linker stubs

.iplt           0x0000000008003360        0x0
 .iplt          0x0000000008003360        0x0 /usr/lib/gcc/arm-none-eabi/8.2.0/thumb/v7-m/nofp/crtbegin.o

.rodata         0x0000000008003360       0xc0
                0x0000000008003360                . = ALIGN (0x4)
 *(.rodata)
 .rodata        0x0000000008003360       0x12 build/stm32f1xx_hal_rcc.o
 *fill*         0x0000000008003372        0x2 
 .rodata        0x0000000008003374       0x14 build/main.o
 *(.rodata*)
 .rodata.AHBPrescTable
                0x0000000008003388       0x10 build/system_stm32f1xx.o
                0x0000000008003388                AHBPrescTable
 .rodata.APBPrescTable
                0x0000000008003398        0x8 build/system_stm32f1xx.o
                0x0000000008003398                APBPrescTable
 .rodata.vTaskStartScheduler.str1.4
                0x00000000080033a0        0x5 build/tasks.o
 *fill*         0x00000000080033a5        0x3 
 .rodata.MX_TIM3_Init.str1.4
                0x00000000080033a8        0xb build/main.o
 *fill*         0x00000000080033b3        0x1 
 .rodata.StartDefaultTask.str1.4
                0x00000000080033b4       0x2c build/main.o
 .rodata.str1.4
                0x00000000080033e0        0xc build/main.o
 .rodata._svfprintf_r.str1.1
                0x00000000080033ec       0x11 /usr/lib/gcc/arm-none-eabi/8.2.0/../../../../arm-none-eabi/lib/thumb/v7-m/nofp/libc_nano.a(lib_a-nano-svfprintf.o)
 .rodata._printf_i.str1.1
                0x00000000080033fd       0x22 /usr/lib/gcc/arm-none-eabi/8.2.0/../../../../arm-none-eabi/lib/thumb/v7-m/nofp/libc_nano.a(lib_a-nano-vfprintf_i.o)
                0x0000000008003420                . = ALIGN (0x4)
 *fill*         0x000000000800341f        0x1 

.rel.dyn        0x0000000008003420        0x0
 .rel.iplt      0x0000000008003420        0x0 /usr/lib/gcc/arm-none-eabi/8.2.0/thumb/v7-m/nofp/crtbegin.o

.ARM.extab
 *(.ARM.extab* .gnu.linkonce.armextab.*)

.ARM            0x0000000008003420        0x0
                0x0000000008003420                __exidx_start = .
 *(.ARM.exidx*)
                0x0000000008003420                __exidx_end = .

.preinit_array  0x0000000008003420        0x0
                0x0000000008003420                PROVIDE (__preinit_array_start = .)
 *(.preinit_array*)
                0x0000000008003420                PROVIDE (__preinit_array_end = .)

.init_array     0x0000000008003420        0x4
                0x0000000008003420                PROVIDE (__init_array_start = .)
 *(SORT_BY_NAME(.init_array.*))
 *(.init_array*)
 .init_array    0x0000000008003420        0x4 /usr/lib/gcc/arm-none-eabi/8.2.0/thumb/v7-m/nofp/crtbegin.o
                0x0000000008003424                PROVIDE (__init_array_end = .)

.fini_array     0x0000000008003424        0x4
                0x0000000008003424                PROVIDE (__fini_array_start = .)
 *(SORT_BY_NAME(.fini_array.*))
 *(.fini_array*)
 .fini_array    0x0000000008003424        0x4 /usr/lib/gcc/arm-none-eabi/8.2.0/thumb/v7-m/nofp/crtbegin.o
                0x0000000008003428                PROVIDE (__fini_array_end = .)
                0x0000000008003428                _sidata = LOADADDR (.data)

.data           0x0000000020000000     0x2070 load address 0x0000000008003428
                0x0000000020000000                . = ALIGN (0x4)
                0x0000000020000000                _sdata = .
 *(.data)
 *(.data*)
 .data.SystemCoreClock
                0x0000000020000000        0x4 build/system_stm32f1xx.o
                0x0000000020000000                SystemCoreClock
 .data.uwTickFreq
                0x0000000020000004        0x1 build/stm32f1xx_hal.o
                0x0000000020000004                uwTickFreq
 *fill*         0x0000000020000005        0x3 
 .data.uxCriticalNesting
                0x0000000020000008        0x4 build/port.o
 .data.LUT      0x000000002000000c     0x2000 build/trig.o
                0x000000002000000c                LUT
 .data._impure_ptr
                0x000000002000200c        0x4 /usr/lib/gcc/arm-none-eabi/8.2.0/../../../../arm-none-eabi/lib/thumb/v7-m/nofp/libc_nano.a(lib_a-impure.o)
                0x000000002000200c                _impure_ptr
 .data.impure_data
                0x0000000020002010       0x60 /usr/lib/gcc/arm-none-eabi/8.2.0/../../../../arm-none-eabi/lib/thumb/v7-m/nofp/libc_nano.a(lib_a-impure.o)
                0x0000000020002070                . = ALIGN (0x4)
                0x0000000020002070                _edata = .

.igot.plt       0x0000000020002070        0x0 load address 0x0000000008005498
 .igot.plt      0x0000000020002070        0x0 /usr/lib/gcc/arm-none-eabi/8.2.0/thumb/v7-m/nofp/crtbegin.o
                0x0000000020002070                . = ALIGN (0x4)

.bss            0x0000000020002070      0xedc load address 0x0000000008005498
                0x0000000020002070                _sbss = .
                0x0000000020002070                __bss_start__ = _sbss
 *(.bss)
 *(.bss*)
 .bss.completed.8856
                0x0000000020002070        0x1 /usr/lib/gcc/arm-none-eabi/8.2.0/thumb/v7-m/nofp/crtbegin.o
 *fill*         0x0000000020002071        0x3 
 .bss.object.8861
                0x0000000020002074       0x18 /usr/lib/gcc/arm-none-eabi/8.2.0/thumb/v7-m/nofp/crtbegin.o
 .bss.pxEnd     0x000000002000208c        0x4 build/heap_4.o
 .bss.ucHeap    0x0000000020002090      0xc00 build/heap_4.o
 .bss.xBlockAllocatedBit
                0x0000000020002c90        0x4 build/heap_4.o
 .bss.xFreeBytesRemaining
                0x0000000020002c94        0x4 build/heap_4.o
 .bss.xMinimumEverFreeBytesRemaining
                0x0000000020002c98        0x4 build/heap_4.o
 .bss.xStart    0x0000000020002c9c        0x8 build/heap_4.o
 .bss.pxCurrentTCB
                0x0000000020002ca4        0x4 build/tasks.o
                0x0000000020002ca4                pxCurrentTCB
 .bss.pxDelayedTaskList
                0x0000000020002ca8        0x4 build/tasks.o
 .bss.pxOverflowDelayedTaskList
                0x0000000020002cac        0x4 build/tasks.o
 .bss.pxReadyTasksLists
                0x0000000020002cb0       0x8c build/tasks.o
 .bss.uxCurrentNumberOfTasks
                0x0000000020002d3c        0x4 build/tasks.o
 .bss.uxDeletedTasksWaitingCleanUp
                0x0000000020002d40        0x4 build/tasks.o
 .bss.uxPendedTicks
                0x0000000020002d44        0x4 build/tasks.o
 .bss.uxSchedulerSuspended
                0x0000000020002d48        0x4 build/tasks.o
 .bss.uxTaskNumber
                0x0000000020002d4c        0x4 build/tasks.o
 .bss.uxTopReadyPriority
                0x0000000020002d50        0x4 build/tasks.o
 .bss.xDelayedTaskList1
                0x0000000020002d54       0x14 build/tasks.o
 .bss.xDelayedTaskList2
                0x0000000020002d68       0x14 build/tasks.o
 .bss.xIdleTaskHandle
                0x0000000020002d7c        0x4 build/tasks.o
 .bss.xNextTaskUnblockTime
                0x0000000020002d80        0x4 build/tasks.o
 .bss.xNumOfOverflows
                0x0000000020002d84        0x4 build/tasks.o
 .bss.xPendingReadyList
                0x0000000020002d88       0x14 build/tasks.o
 .bss.xSchedulerRunning
                0x0000000020002d9c        0x4 build/tasks.o
 .bss.xSuspendedTaskList
                0x0000000020002da0       0x14 build/tasks.o
 .bss.xTasksWaitingTermination
                0x0000000020002db4       0x14 build/tasks.o
 .bss.xTickCount
                0x0000000020002dc8        0x4 build/tasks.o
 .bss.xYieldPending
                0x0000000020002dcc        0x4 build/tasks.o
 .bss.ucMaxSysCallPriority
                0x0000000020002dd0        0x1 build/port.o
 *fill*         0x0000000020002dd1        0x3 
 .bss.ulMaxPRIGROUPValue
                0x0000000020002dd4        0x4 build/port.o
 .bss.__malloc_free_list
                0x0000000020002dd8        0x4 /usr/lib/gcc/arm-none-eabi/8.2.0/../../../../arm-none-eabi/lib/thumb/v7-m/nofp/libc_nano.a(lib_a-nano-mallocr.o)
                0x0000000020002dd8                __malloc_free_list
 .bss.__malloc_sbrk_start
                0x0000000020002ddc        0x4 /usr/lib/gcc/arm-none-eabi/8.2.0/../../../../arm-none-eabi/lib/thumb/v7-m/nofp/libc_nano.a(lib_a-nano-mallocr.o)
                0x0000000020002ddc                __malloc_sbrk_start
 .bss.heap_end.4194
                0x0000000020002de0        0x4 /usr/lib/gcc/arm-none-eabi/8.2.0/../../../../arm-none-eabi/lib/thumb/v7-m/nofp/libnosys.a(sbrk.o)
 *(COMMON)
 COMMON         0x0000000020002de4        0x4 build/stm32f1xx_hal.o
                0x0000000020002de4                uwTick
 COMMON         0x0000000020002de8       0x40 build/stm32f1xx_hal_timebase_TIM.o
                0x0000000020002de8                htim4
 COMMON         0x0000000020002e28      0x120 build/main.o
                0x0000000020002e28                defaultTaskHandle
                0x0000000020002e2c                debug
                0x0000000020002e30                htim3
                0x0000000020002e70                huart1
                0x0000000020002eb0                hspi1
                0x0000000020002f08                htim2
 COMMON         0x0000000020002f48        0x4 /usr/lib/gcc/arm-none-eabi/8.2.0/../../../../arm-none-eabi/lib/thumb/v7-m/nofp/libc_nano.a(lib_a-reent.o)
                0x0000000020002f48                errno
                0x0000000020002f4c                . = ALIGN (0x4)
                0x0000000020002f4c                _ebss = .
                0x0000000020002f4c                __bss_end__ = _ebss

._user_heap_stack
                0x0000000020002f4c      0x604 load address 0x0000000008005498
                0x0000000020002f50                . = ALIGN (0x8)
 *fill*         0x0000000020002f4c        0x4 
                0x0000000020002f50                PROVIDE (end = .)
                [!provide]                        PROVIDE (_end = .)
                0x0000000020003150                . = (. + _Min_Heap_Size)
 *fill*         0x0000000020002f50      0x200 
                0x0000000020003550                . = (. + _Min_Stack_Size)
 *fill*         0x0000000020003150      0x400 
                0x0000000020003550                . = ALIGN (0x8)

/DISCARD/
 libc.a(*)
 libm.a(*)
 libgcc.a(*)

.ARM.attributes
                0x0000000000000000       0x29
 *(.ARM.attributes)
 .ARM.attributes
                0x0000000000000000       0x1d /usr/lib/gcc/arm-none-eabi/8.2.0/thumb/v7-m/nofp/crti.o
 .ARM.attributes
                0x000000000000001d       0x2d /usr/lib/gcc/arm-none-eabi/8.2.0/thumb/v7-m/nofp/crtbegin.o
 .ARM.attributes
                0x000000000000004a       0x2d build/stm32f1xx_hal_gpio.o
 .ARM.attributes
                0x0000000000000077       0x2d build/stm32f1xx_hal_cortex.o
 .ARM.attributes
                0x00000000000000a4       0x2d build/cmsis_os.o
 .ARM.attributes
                0x00000000000000d1       0x2d build/system_stm32f1xx.o
 .ARM.attributes
                0x00000000000000fe       0x2d build/stm32f1xx_hal.o
 .ARM.attributes
                0x000000000000012b       0x2d build/stm32f1xx_hal_rcc.o
 .ARM.attributes
                0x0000000000000158       0x2d build/stm32f1xx_it.o
 .ARM.attributes
                0x0000000000000185       0x2d build/stm32f1xx_hal_tim_ex.o
 .ARM.attributes
                0x00000000000001b2       0x2d build/heap_4.o
 .ARM.attributes
                0x00000000000001df       0x2d build/stm32f1xx_hal_timebase_TIM.o
 .ARM.attributes
                0x000000000000020c       0x2d build/tasks.o
 .ARM.attributes
                0x0000000000000239       0x2d build/stm32f1xx_hal_tim.o
 .ARM.attributes
                0x0000000000000266       0x2d build/list.o
 .ARM.attributes
                0x0000000000000293       0x2d build/port.o
 .ARM.attributes
                0x00000000000002c0       0x2d build/stm32f1xx_hal_msp.o
 .ARM.attributes
                0x00000000000002ed       0x2d build/main.o
 .ARM.attributes
                0x000000000000031a       0x2d build/stm32f1xx_hal_uart.o
 .ARM.attributes
                0x0000000000000347       0x2d build/stm32f1xx_hal_spi_ex.o
 .ARM.attributes
                0x0000000000000374       0x2d build/trig.o
 .ARM.attributes
                0x00000000000003a1       0x21 build/startup_stm32f103xb.o
 .ARM.attributes
                0x00000000000003c2       0x2d /usr/lib/gcc/arm-none-eabi/8.2.0/../../../../arm-none-eabi/lib/thumb/v7-m/nofp/libc_nano.a(lib_a-impure.o)
 .ARM.attributes
                0x00000000000003ef       0x2d /usr/lib/gcc/arm-none-eabi/8.2.0/../../../../arm-none-eabi/lib/thumb/v7-m/nofp/libc_nano.a(lib_a-init.o)
 .ARM.attributes
                0x000000000000041c       0x2d /usr/lib/gcc/arm-none-eabi/8.2.0/../../../../arm-none-eabi/lib/thumb/v7-m/nofp/libc_nano.a(lib_a-memcpy-stub.o)
 .ARM.attributes
                0x0000000000000449       0x2d /usr/lib/gcc/arm-none-eabi/8.2.0/../../../../arm-none-eabi/lib/thumb/v7-m/nofp/libc_nano.a(lib_a-sprintf.o)
 .ARM.attributes
                0x0000000000000476       0x2d /usr/lib/gcc/arm-none-eabi/8.2.0/../../../../arm-none-eabi/lib/thumb/v7-m/nofp/libc_nano.a(lib_a-nano-svfprintf.o)
 .ARM.attributes
                0x00000000000004a3       0x2d /usr/lib/gcc/arm-none-eabi/8.2.0/../../../../arm-none-eabi/lib/thumb/v7-m/nofp/libc_nano.a(lib_a-nano-vfprintf_i.o)
 .ARM.attributes
                0x00000000000004d0       0x2d /usr/lib/gcc/arm-none-eabi/8.2.0/../../../../arm-none-eabi/lib/thumb/v7-m/nofp/libc_nano.a(lib_a-memchr-stub.o)
 .ARM.attributes
                0x00000000000004fd       0x2d /usr/lib/gcc/arm-none-eabi/8.2.0/../../../../arm-none-eabi/lib/thumb/v7-m/nofp/libc_nano.a(lib_a-memmove.o)
 .ARM.attributes
                0x000000000000052a       0x2d /usr/lib/gcc/arm-none-eabi/8.2.0/../../../../arm-none-eabi/lib/thumb/v7-m/nofp/libc_nano.a(lib_a-nano-freer.o)
 .ARM.attributes
                0x0000000000000557       0x2d /usr/lib/gcc/arm-none-eabi/8.2.0/../../../../arm-none-eabi/lib/thumb/v7-m/nofp/libc_nano.a(lib_a-nano-mallocr.o)
 .ARM.attributes
                0x0000000000000584       0x2d /usr/lib/gcc/arm-none-eabi/8.2.0/../../../../arm-none-eabi/lib/thumb/v7-m/nofp/libc_nano.a(lib_a-nano-reallocr.o)
 .ARM.attributes
                0x00000000000005b1       0x2d /usr/lib/gcc/arm-none-eabi/8.2.0/../../../../arm-none-eabi/lib/thumb/v7-m/nofp/libc_nano.a(lib_a-sbrkr.o)
 .ARM.attributes
                0x00000000000005de       0x2d /usr/lib/gcc/arm-none-eabi/8.2.0/../../../../arm-none-eabi/lib/thumb/v7-m/nofp/libc_nano.a(lib_a-mlock.o)
 .ARM.attributes
                0x000000000000060b       0x2d /usr/lib/gcc/arm-none-eabi/8.2.0/../../../../arm-none-eabi/lib/thumb/v7-m/nofp/libc_nano.a(lib_a-nano-msizer.o)
 .ARM.attributes
                0x0000000000000638       0x2d /usr/lib/gcc/arm-none-eabi/8.2.0/../../../../arm-none-eabi/lib/thumb/v7-m/nofp/libc_nano.a(lib_a-reent.o)
 .ARM.attributes
                0x0000000000000665       0x2d /usr/lib/gcc/arm-none-eabi/8.2.0/../../../../arm-none-eabi/lib/thumb/v7-m/nofp/libnosys.a(sbrk.o)
 .ARM.attributes
                0x0000000000000692       0x1d /usr/lib/gcc/arm-none-eabi/8.2.0/thumb/v7-m/nofp/crtn.o
OUTPUT(build/code.elf elf32-littlearm)

.debug_info     0x0000000000000000    0x1d46f
 .debug_info    0x0000000000000000     0x10f0 build/stm32f1xx_hal_gpio.o
 .debug_info    0x00000000000010f0     0x180b build/stm32f1xx_hal_cortex.o
 .debug_info    0x00000000000028fb     0x28c2 build/cmsis_os.o
 .debug_info    0x00000000000051bd      0xdfa build/system_stm32f1xx.o
 .debug_info    0x0000000000005fb7     0x120a build/stm32f1xx_hal.o
 .debug_info    0x00000000000071c1     0x14ba build/stm32f1xx_hal_rcc.o
 .debug_info    0x000000000000867b     0x10e1 build/stm32f1xx_it.o
 .debug_info    0x000000000000975c     0x1f4d build/stm32f1xx_hal_tim_ex.o
 .debug_info    0x000000000000b6a9      0xe75 build/heap_4.o
 .debug_info    0x000000000000c51e     0x143b build/stm32f1xx_hal_timebase_TIM.o
 .debug_info    0x000000000000d959     0x3002 build/tasks.o
 .debug_info    0x000000000001095b     0x3f92 build/stm32f1xx_hal_tim.o
 .debug_info    0x00000000000148ed      0xc8d build/list.o
 .debug_info    0x000000000001557a      0x582 build/port.o
 .debug_info    0x0000000000015afc     0x1d33 build/stm32f1xx_hal_msp.o
 .debug_info    0x000000000001782f     0x26be build/main.o
 .debug_info    0x0000000000019eed     0x23bb build/stm32f1xx_hal_uart.o
 .debug_info    0x000000000001c2a8     0x1064 build/stm32f1xx_hal_spi_ex.o
 .debug_info    0x000000000001d30c      0x141 build/trig.o
 .debug_info    0x000000000001d44d       0x22 build/startup_stm32f103xb.o

.debug_abbrev   0x0000000000000000     0x3a24
 .debug_abbrev  0x0000000000000000      0x30a build/stm32f1xx_hal_gpio.o
 .debug_abbrev  0x000000000000030a      0x459 build/stm32f1xx_hal_cortex.o
 .debug_abbrev  0x0000000000000763      0x455 build/cmsis_os.o
 .debug_abbrev  0x0000000000000bb8      0x23f build/system_stm32f1xx.o
 .debug_abbrev  0x0000000000000df7      0x339 build/stm32f1xx_hal.o
 .debug_abbrev  0x0000000000001130      0x386 build/stm32f1xx_hal_rcc.o
 .debug_abbrev  0x00000000000014b6      0x231 build/stm32f1xx_it.o
 .debug_abbrev  0x00000000000016e7      0x346 build/stm32f1xx_hal_tim_ex.o
 .debug_abbrev  0x0000000000001a2d      0x376 build/heap_4.o
 .debug_abbrev  0x0000000000001da3      0x2b7 build/stm32f1xx_hal_timebase_TIM.o
 .debug_abbrev  0x000000000000205a      0x464 build/tasks.o
 .debug_abbrev  0x00000000000024be      0x371 build/stm32f1xx_hal_tim.o
 .debug_abbrev  0x000000000000282f      0x23e build/list.o
 .debug_abbrev  0x0000000000002a6d      0x2b9 build/port.o
 .debug_abbrev  0x0000000000002d26      0x308 build/stm32f1xx_hal_msp.o
 .debug_abbrev  0x000000000000302e      0x397 build/main.o
 .debug_abbrev  0x00000000000033c5      0x385 build/stm32f1xx_hal_uart.o
 .debug_abbrev  0x000000000000374a      0x21a build/stm32f1xx_hal_spi_ex.o
 .debug_abbrev  0x0000000000003964       0xae build/trig.o
 .debug_abbrev  0x0000000000003a12       0x12 build/startup_stm32f103xb.o

.debug_loc      0x0000000000000000     0xda17
 .debug_loc     0x0000000000000000      0x5a1 build/stm32f1xx_hal_gpio.o
 .debug_loc     0x00000000000005a1      0x76b build/stm32f1xx_hal_cortex.o
 .debug_loc     0x0000000000000d0c     0x1866 build/cmsis_os.o
 .debug_loc     0x0000000000002572       0xff build/system_stm32f1xx.o
 .debug_loc     0x0000000000002671      0x1cc build/stm32f1xx_hal.o
 .debug_loc     0x000000000000283d      0x815 build/stm32f1xx_hal_rcc.o
 .debug_loc     0x0000000000003052       0x40 build/stm32f1xx_it.o
 .debug_loc     0x0000000000003092     0x15b2 build/stm32f1xx_hal_tim_ex.o
 .debug_loc     0x0000000000004644      0x3a8 build/heap_4.o
 .debug_loc     0x00000000000049ec       0xcd build/stm32f1xx_hal_timebase_TIM.o
 .debug_loc     0x0000000000004ab9     0x1e01 build/tasks.o
 .debug_loc     0x00000000000068ba     0x4b08 build/stm32f1xx_hal_tim.o
 .debug_loc     0x000000000000b3c2       0xbf build/list.o
 .debug_loc     0x000000000000b481      0x134 build/port.o
 .debug_loc     0x000000000000b5b5      0x348 build/stm32f1xx_hal_msp.o
 .debug_loc     0x000000000000b8fd      0x306 build/main.o
 .debug_loc     0x000000000000bc03     0x1d20 build/stm32f1xx_hal_uart.o
 .debug_loc     0x000000000000d923       0x85 build/stm32f1xx_hal_spi_ex.o
 .debug_loc     0x000000000000d9a8       0x6f build/trig.o

.debug_aranges  0x0000000000000000      0xf20
 .debug_aranges
                0x0000000000000000       0x58 build/stm32f1xx_hal_gpio.o
 .debug_aranges
                0x0000000000000058       0x90 build/stm32f1xx_hal_cortex.o
 .debug_aranges
                0x00000000000000e8      0x1d8 build/cmsis_os.o
 .debug_aranges
                0x00000000000002c0       0x28 build/system_stm32f1xx.o
 .debug_aranges
                0x00000000000002e8       0xd0 build/stm32f1xx_hal.o
 .debug_aranges
                0x00000000000003b8       0x90 build/stm32f1xx_hal_rcc.o
 .debug_aranges
                0x0000000000000448       0x58 build/stm32f1xx_it.o
 .debug_aranges
                0x00000000000004a0      0x138 build/stm32f1xx_hal_tim_ex.o
 .debug_aranges
                0x00000000000005d8       0x50 build/heap_4.o
 .debug_aranges
                0x0000000000000628       0x30 build/stm32f1xx_hal_timebase_TIM.o
 .debug_aranges
                0x0000000000000658      0x190 build/tasks.o
 .debug_aranges
                0x00000000000007e8      0x368 build/stm32f1xx_hal_tim.o
 .debug_aranges
                0x0000000000000b50       0x40 build/list.o
 .debug_aranges
                0x0000000000000b90       0x78 build/port.o
 .debug_aranges
                0x0000000000000c08       0x68 build/stm32f1xx_hal_msp.o
 .debug_aranges
                0x0000000000000c70       0x68 build/main.o
 .debug_aranges
                0x0000000000000cd8      0x1d0 build/stm32f1xx_hal_uart.o
 .debug_aranges
                0x0000000000000ea8       0x20 build/stm32f1xx_hal_spi_ex.o
 .debug_aranges
                0x0000000000000ec8       0x30 build/trig.o
 .debug_aranges
                0x0000000000000ef8       0x28 build/startup_stm32f103xb.o

.debug_ranges   0x0000000000000000      0xef8
 .debug_ranges  0x0000000000000000       0x48 build/stm32f1xx_hal_gpio.o
 .debug_ranges  0x0000000000000048       0xc8 build/stm32f1xx_hal_cortex.o
 .debug_ranges  0x0000000000000110      0x1c8 build/cmsis_os.o
 .debug_ranges  0x00000000000002d8       0x18 build/system_stm32f1xx.o
 .debug_ranges  0x00000000000002f0       0xc0 build/stm32f1xx_hal.o
 .debug_ranges  0x00000000000003b0       0xa0 build/stm32f1xx_hal_rcc.o
 .debug_ranges  0x0000000000000450       0x48 build/stm32f1xx_it.o
 .debug_ranges  0x0000000000000498      0x128 build/stm32f1xx_hal_tim_ex.o
 .debug_ranges  0x00000000000005c0       0x40 build/heap_4.o
 .debug_ranges  0x0000000000000600       0x20 build/stm32f1xx_hal_timebase_TIM.o
 .debug_ranges  0x0000000000000620      0x228 build/tasks.o
 .debug_ranges  0x0000000000000848      0x358 build/stm32f1xx_hal_tim.o
 .debug_ranges  0x0000000000000ba0       0x30 build/list.o
 .debug_ranges  0x0000000000000bd0       0x68 build/port.o
 .debug_ranges  0x0000000000000c38       0x58 build/stm32f1xx_hal_msp.o
 .debug_ranges  0x0000000000000c90       0x58 build/main.o
 .debug_ranges  0x0000000000000ce8      0x1c0 build/stm32f1xx_hal_uart.o
 .debug_ranges  0x0000000000000ea8       0x10 build/stm32f1xx_hal_spi_ex.o
 .debug_ranges  0x0000000000000eb8       0x20 build/trig.o
 .debug_ranges  0x0000000000000ed8       0x20 build/startup_stm32f103xb.o

.debug_line     0x0000000000000000     0xcac3
 .debug_line    0x0000000000000000      0x604 build/stm32f1xx_hal_gpio.o
 .debug_line    0x0000000000000604      0x5c0 build/stm32f1xx_hal_cortex.o
 .debug_line    0x0000000000000bc4     0x1180 build/cmsis_os.o
 .debug_line    0x0000000000001d44      0x27e build/system_stm32f1xx.o
 .debug_line    0x0000000000001fc2      0x4de build/stm32f1xx_hal.o
 .debug_line    0x00000000000024a0      0xb9b build/stm32f1xx_hal_rcc.o
 .debug_line    0x000000000000303b      0x2d7 build/stm32f1xx_it.o
 .debug_line    0x0000000000003312      0xe72 build/stm32f1xx_hal_tim_ex.o
 .debug_line    0x0000000000004184      0x619 build/heap_4.o
 .debug_line    0x000000000000479d      0x2b4 build/stm32f1xx_hal_timebase_TIM.o
 .debug_line    0x0000000000004a51     0x1f8e build/tasks.o
 .debug_line    0x00000000000069df     0x2e31 build/stm32f1xx_hal_tim.o
 .debug_line    0x0000000000009810      0x38d build/list.o
 .debug_line    0x0000000000009b9d      0x4d6 build/port.o
 .debug_line    0x000000000000a073      0x495 build/stm32f1xx_hal_msp.o
 .debug_line    0x000000000000a508      0x7e2 build/main.o
 .debug_line    0x000000000000acea     0x1a23 build/stm32f1xx_hal_uart.o
 .debug_line    0x000000000000c70d      0x261 build/stm32f1xx_hal_spi_ex.o
 .debug_line    0x000000000000c96e       0xe3 build/trig.o
 .debug_line    0x000000000000ca51       0x72 build/startup_stm32f103xb.o

.debug_str      0x0000000000000000     0x4d50
 .debug_str     0x0000000000000000      0x771 build/stm32f1xx_hal_gpio.o
                                        0x818 (size before relaxing)
 .debug_str     0x0000000000000771      0x602 build/stm32f1xx_hal_cortex.o
                                        0xcab (size before relaxing)
 .debug_str     0x0000000000000d73      0xb3d build/cmsis_os.o
                                       0x1172 (size before relaxing)
 .debug_str     0x00000000000018b0       0x4a build/system_stm32f1xx.o
                                        0x681 (size before relaxing)
 .debug_str     0x00000000000018fa      0x2a4 build/stm32f1xx_hal.o
                                        0xbfd (size before relaxing)
 .debug_str     0x0000000000001b9e      0x31c build/stm32f1xx_hal_rcc.o
                                        0x9ef (size before relaxing)
 .debug_str     0x0000000000001eba      0x426 build/stm32f1xx_it.o
                                        0xa08 (size before relaxing)
 .debug_str     0x00000000000022e0      0x641 build/stm32f1xx_hal_tim_ex.o
                                        0xfe9 (size before relaxing)
 .debug_str     0x0000000000002921      0x20c build/heap_4.o
                                        0x7a8 (size before relaxing)
 .debug_str     0x0000000000002b2d       0x80 build/stm32f1xx_hal_timebase_TIM.o
                                        0xe0c (size before relaxing)
 .debug_str     0x0000000000002bad      0x98a build/tasks.o
                                       0x11ba (size before relaxing)
 .debug_str     0x0000000000003537      0xbd3 build/stm32f1xx_hal_tim.o
                                       0x1747 (size before relaxing)
 .debug_str     0x000000000000410a       0x6c build/list.o
                                        0x6bf (size before relaxing)
 .debug_str     0x0000000000004176      0x165 build/port.o
                                        0x41b (size before relaxing)
 .debug_str     0x00000000000042db      0x397 build/stm32f1xx_hal_msp.o
                                       0x1132 (size before relaxing)
 .debug_str     0x0000000000004672      0x178 build/main.o
                                       0x16d2 (size before relaxing)
 .debug_str     0x00000000000047ea      0x4ff build/stm32f1xx_hal_uart.o
                                        0xf60 (size before relaxing)
 .debug_str     0x0000000000004ce9       0x38 build/stm32f1xx_hal_spi_ex.o
                                        0x9d3 (size before relaxing)
 .debug_str     0x0000000000004d21        0xb build/trig.o
                                        0x179 (size before relaxing)
 .debug_str     0x0000000000004d2c       0x24 build/startup_stm32f103xb.o
                                         0x58 (size before relaxing)

.comment        0x0000000000000000       0x1d
 .comment       0x0000000000000000       0x1d build/stm32f1xx_hal_gpio.o
                                         0x1e (size before relaxing)
 .comment       0x000000000000001d       0x1e build/stm32f1xx_hal_cortex.o
 .comment       0x000000000000001d       0x1e build/cmsis_os.o
 .comment       0x000000000000001d       0x1e build/system_stm32f1xx.o
 .comment       0x000000000000001d       0x1e build/stm32f1xx_hal.o
 .comment       0x000000000000001d       0x1e build/stm32f1xx_hal_rcc.o
 .comment       0x000000000000001d       0x1e build/stm32f1xx_it.o
 .comment       0x000000000000001d       0x1e build/stm32f1xx_hal_tim_ex.o
 .comment       0x000000000000001d       0x1e build/heap_4.o
 .comment       0x000000000000001d       0x1e build/stm32f1xx_hal_timebase_TIM.o
 .comment       0x000000000000001d       0x1e build/tasks.o
 .comment       0x000000000000001d       0x1e build/stm32f1xx_hal_tim.o
 .comment       0x000000000000001d       0x1e build/list.o
 .comment       0x000000000000001d       0x1e build/port.o
 .comment       0x000000000000001d       0x1e build/stm32f1xx_hal_msp.o
 .comment       0x000000000000001d       0x1e build/main.o
 .comment       0x000000000000001d       0x1e build/stm32f1xx_hal_uart.o
 .comment       0x000000000000001d       0x1e build/stm32f1xx_hal_spi_ex.o
 .comment       0x000000000000001d       0x1e build/trig.o

.debug_frame    0x0000000000000000     0x2f68
 .debug_frame   0x0000000000000000       0xe8 build/stm32f1xx_hal_gpio.o
 .debug_frame   0x00000000000000e8      0x13c build/stm32f1xx_hal_cortex.o
 .debug_frame   0x0000000000000224      0x62c build/cmsis_os.o
 .debug_frame   0x0000000000000850       0x30 build/system_stm32f1xx.o
 .debug_frame   0x0000000000000880      0x1c0 build/stm32f1xx_hal.o
 .debug_frame   0x0000000000000a40      0x1b0 build/stm32f1xx_hal_rcc.o
 .debug_frame   0x0000000000000bf0       0xa8 build/stm32f1xx_it.o
 .debug_frame   0x0000000000000c98      0x3e4 build/stm32f1xx_hal_tim_ex.o
 .debug_frame   0x000000000000107c       0xbc build/heap_4.o
 .debug_frame   0x0000000000001138       0x50 build/stm32f1xx_hal_timebase_TIM.o
 .debug_frame   0x0000000000001188      0x58c build/tasks.o
 .debug_frame   0x0000000000001714      0xb18 build/stm32f1xx_hal_tim.o
 .debug_frame   0x000000000000222c       0x70 build/list.o
 .debug_frame   0x000000000000229c       0xe8 build/port.o
 .debug_frame   0x0000000000002384      0x120 build/stm32f1xx_hal_msp.o
 .debug_frame   0x00000000000024a4      0x13c build/main.o
 .debug_frame   0x00000000000025e0      0x57c build/stm32f1xx_hal_uart.o
 .debug_frame   0x0000000000002b5c       0x30 build/stm32f1xx_hal_spi_ex.o
 .debug_frame   0x0000000000002b8c       0x40 build/trig.o
 .debug_frame   0x0000000000002bcc       0x2c /usr/lib/gcc/arm-none-eabi/8.2.0/../../../../arm-none-eabi/lib/thumb/v7-m/nofp/libc_nano.a(lib_a-init.o)
 .debug_frame   0x0000000000002bf8       0x28 /usr/lib/gcc/arm-none-eabi/8.2.0/../../../../arm-none-eabi/lib/thumb/v7-m/nofp/libc_nano.a(lib_a-memcpy-stub.o)
 .debug_frame   0x0000000000002c20       0x6c /usr/lib/gcc/arm-none-eabi/8.2.0/../../../../arm-none-eabi/lib/thumb/v7-m/nofp/libc_nano.a(lib_a-sprintf.o)
 .debug_frame   0x0000000000002c8c       0x90 /usr/lib/gcc/arm-none-eabi/8.2.0/../../../../arm-none-eabi/lib/thumb/v7-m/nofp/libc_nano.a(lib_a-nano-svfprintf.o)
 .debug_frame   0x0000000000002d1c       0x60 /usr/lib/gcc/arm-none-eabi/8.2.0/../../../../arm-none-eabi/lib/thumb/v7-m/nofp/libc_nano.a(lib_a-nano-vfprintf_i.o)
 .debug_frame   0x0000000000002d7c       0x28 /usr/lib/gcc/arm-none-eabi/8.2.0/../../../../arm-none-eabi/lib/thumb/v7-m/nofp/libc_nano.a(lib_a-memchr-stub.o)
 .debug_frame   0x0000000000002da4       0x28 /usr/lib/gcc/arm-none-eabi/8.2.0/../../../../arm-none-eabi/lib/thumb/v7-m/nofp/libc_nano.a(lib_a-memmove.o)
 .debug_frame   0x0000000000002dcc       0x38 /usr/lib/gcc/arm-none-eabi/8.2.0/../../../../arm-none-eabi/lib/thumb/v7-m/nofp/libc_nano.a(lib_a-nano-freer.o)
 .debug_frame   0x0000000000002e04       0x30 /usr/lib/gcc/arm-none-eabi/8.2.0/../../../../arm-none-eabi/lib/thumb/v7-m/nofp/libc_nano.a(lib_a-nano-mallocr.o)
 .debug_frame   0x0000000000002e34       0x3c /usr/lib/gcc/arm-none-eabi/8.2.0/../../../../arm-none-eabi/lib/thumb/v7-m/nofp/libc_nano.a(lib_a-nano-reallocr.o)
 .debug_frame   0x0000000000002e70       0x2c /usr/lib/gcc/arm-none-eabi/8.2.0/../../../../arm-none-eabi/lib/thumb/v7-m/nofp/libc_nano.a(lib_a-sbrkr.o)
 .debug_frame   0x0000000000002e9c       0x30 /usr/lib/gcc/arm-none-eabi/8.2.0/../../../../arm-none-eabi/lib/thumb/v7-m/nofp/libc_nano.a(lib_a-mlock.o)
 .debug_frame   0x0000000000002ecc       0x20 /usr/lib/gcc/arm-none-eabi/8.2.0/../../../../arm-none-eabi/lib/thumb/v7-m/nofp/libc_nano.a(lib_a-nano-msizer.o)
 .debug_frame   0x0000000000002eec       0x5c /usr/lib/gcc/arm-none-eabi/8.2.0/../../../../arm-none-eabi/lib/thumb/v7-m/nofp/libc_nano.a(lib_a-reent.o)
 .debug_frame   0x0000000000002f48       0x20 /usr/lib/gcc/arm-none-eabi/8.2.0/../../../../arm-none-eabi/lib/thumb/v7-m/nofp/libnosys.a(sbrk.o)

Cross Reference Table

Symbol                                            File
ADC1_2_IRQHandler                                 build/startup_stm32f103xb.o
AHBPrescTable                                     build/system_stm32f1xx.o
                                                  build/stm32f1xx_hal_rcc.o
APBPrescTable                                     build/system_stm32f1xx.o
                                                  build/stm32f1xx_hal_rcc.o
BusFault_Handler                                  build/stm32f1xx_it.o
CAN1_RX1_IRQHandler                               build/startup_stm32f103xb.o
CAN1_SCE_IRQHandler                               build/startup_stm32f103xb.o
DMA1_Channel1_IRQHandler                          build/startup_stm32f103xb.o
DMA1_Channel2_IRQHandler                          build/startup_stm32f103xb.o
DMA1_Channel3_IRQHandler                          build/startup_stm32f103xb.o
DMA1_Channel4_IRQHandler                          build/startup_stm32f103xb.o
DMA1_Channel5_IRQHandler                          build/startup_stm32f103xb.o
DMA1_Channel6_IRQHandler                          build/startup_stm32f103xb.o
DMA1_Channel7_IRQHandler                          build/startup_stm32f103xb.o
DebugMon_Handler                                  build/stm32f1xx_it.o
Default_Handler                                   build/startup_stm32f103xb.o
EXTI0_IRQHandler                                  build/startup_stm32f103xb.o
EXTI15_10_IRQHandler                              build/startup_stm32f103xb.o
EXTI1_IRQHandler                                  build/startup_stm32f103xb.o
EXTI2_IRQHandler                                  build/startup_stm32f103xb.o
EXTI3_IRQHandler                                  build/startup_stm32f103xb.o
EXTI4_IRQHandler                                  build/startup_stm32f103xb.o
EXTI9_5_IRQHandler                                build/startup_stm32f103xb.o
FLASH_IRQHandler                                  build/startup_stm32f103xb.o
FLASH_PageErase                                   build/stm32f1xx_hal_flash_ex.o
                                                  build/stm32f1xx_hal_flash.o
FLASH_WaitForLastOperation                        build/stm32f1xx_hal_flash.o
                                                  build/stm32f1xx_hal_flash_ex.o
HAL_DBGMCU_DisableDBGSleepMode                    build/stm32f1xx_hal.o
HAL_DBGMCU_DisableDBGStandbyMode                  build/stm32f1xx_hal.o
HAL_DBGMCU_DisableDBGStopMode                     build/stm32f1xx_hal.o
HAL_DBGMCU_EnableDBGSleepMode                     build/stm32f1xx_hal.o
HAL_DBGMCU_EnableDBGStandbyMode                   build/stm32f1xx_hal.o
HAL_DBGMCU_EnableDBGStopMode                      build/stm32f1xx_hal.o
HAL_DMA_Abort                                     build/stm32f1xx_hal_dma.o
                                                  build/stm32f1xx_hal_spi.o
                                                  build/stm32f1xx_hal_uart.o
                                                  build/stm32f1xx_hal_tim.o
HAL_DMA_Abort_IT                                  build/stm32f1xx_hal_dma.o
                                                  build/stm32f1xx_hal_spi.o
                                                  build/stm32f1xx_hal_uart.o
HAL_DMA_DeInit                                    build/stm32f1xx_hal_dma.o
HAL_DMA_GetError                                  build/stm32f1xx_hal_dma.o
HAL_DMA_GetState                                  build/stm32f1xx_hal_dma.o
HAL_DMA_IRQHandler                                build/stm32f1xx_hal_dma.o
HAL_DMA_Init                                      build/stm32f1xx_hal_dma.o
HAL_DMA_PollForTransfer                           build/stm32f1xx_hal_dma.o
HAL_DMA_RegisterCallback                          build/stm32f1xx_hal_dma.o
HAL_DMA_Start                                     build/stm32f1xx_hal_dma.o
HAL_DMA_Start_IT                                  build/stm32f1xx_hal_dma.o
                                                  build/stm32f1xx_hal_spi.o
                                                  build/stm32f1xx_hal_uart.o
                                                  build/stm32f1xx_hal_tim.o
                                                  build/stm32f1xx_hal_tim_ex.o
HAL_DMA_UnRegisterCallback                        build/stm32f1xx_hal_dma.o
HAL_DeInit                                        build/stm32f1xx_hal.o
HAL_Delay                                         build/stm32f1xx_hal.o
HAL_FLASHEx_Erase                                 build/stm32f1xx_hal_flash_ex.o
HAL_FLASHEx_Erase_IT                              build/stm32f1xx_hal_flash_ex.o
HAL_FLASHEx_OBErase                               build/stm32f1xx_hal_flash_ex.o
HAL_FLASHEx_OBGetConfig                           build/stm32f1xx_hal_flash_ex.o
HAL_FLASHEx_OBGetUserData                         build/stm32f1xx_hal_flash_ex.o
HAL_FLASHEx_OBProgram                             build/stm32f1xx_hal_flash_ex.o
HAL_FLASH_EndOfOperationCallback                  build/stm32f1xx_hal_flash.o
HAL_FLASH_GetError                                build/stm32f1xx_hal_flash.o
HAL_FLASH_IRQHandler                              build/stm32f1xx_hal_flash.o
HAL_FLASH_Lock                                    build/stm32f1xx_hal_flash.o
HAL_FLASH_OB_Launch                               build/stm32f1xx_hal_flash.o
HAL_FLASH_OB_Lock                                 build/stm32f1xx_hal_flash.o
HAL_FLASH_OB_Unlock                               build/stm32f1xx_hal_flash.o
HAL_FLASH_OperationErrorCallback                  build/stm32f1xx_hal_flash.o
HAL_FLASH_Program                                 build/stm32f1xx_hal_flash.o
HAL_FLASH_Program_IT                              build/stm32f1xx_hal_flash.o
HAL_FLASH_Unlock                                  build/stm32f1xx_hal_flash.o
HAL_GPIOEx_ConfigEventout                         build/stm32f1xx_hal_gpio_ex.o
HAL_GPIOEx_DisableEventout                        build/stm32f1xx_hal_gpio_ex.o
HAL_GPIOEx_EnableEventout                         build/stm32f1xx_hal_gpio_ex.o
HAL_GPIO_DeInit                                   build/stm32f1xx_hal_gpio.o
                                                  build/stm32f1xx_hal_msp.o
HAL_GPIO_EXTI_Callback                            build/stm32f1xx_hal_gpio.o
HAL_GPIO_EXTI_IRQHandler                          build/stm32f1xx_hal_gpio.o
HAL_GPIO_Init                                     build/stm32f1xx_hal_gpio.o
                                                  build/main.o
                                                  build/stm32f1xx_hal_msp.o
                                                  build/stm32f1xx_hal_rcc.o
HAL_GPIO_LockPin                                  build/stm32f1xx_hal_gpio.o
HAL_GPIO_ReadPin                                  build/stm32f1xx_hal_gpio.o
HAL_GPIO_TogglePin                                build/stm32f1xx_hal_gpio.o
HAL_GPIO_WritePin                                 build/stm32f1xx_hal_gpio.o
                                                  build/main.o
HAL_GetDEVID                                      build/stm32f1xx_hal.o
HAL_GetHalVersion                                 build/stm32f1xx_hal.o
HAL_GetREVID                                      build/stm32f1xx_hal.o
HAL_GetTick                                       build/stm32f1xx_hal.o
                                                  build/stm32f1xx_hal_spi.o
                                                  build/stm32f1xx_hal_uart.o
                                                  build/stm32f1xx_hal_rcc_ex.o
                                                  build/stm32f1xx_hal_flash.o
                                                  build/stm32f1xx_hal_rcc.o
                                                  build/stm32f1xx_hal_dma.o
HAL_GetTickFreq                                   build/stm32f1xx_hal.o
HAL_GetTickPrio                                   build/stm32f1xx_hal.o
HAL_GetUID                                        build/stm32f1xx_hal.o
HAL_HalfDuplex_EnableReceiver                     build/stm32f1xx_hal_uart.o
HAL_HalfDuplex_EnableTransmitter                  build/stm32f1xx_hal_uart.o
HAL_HalfDuplex_Init                               build/stm32f1xx_hal_uart.o
HAL_IncTick                                       build/stm32f1xx_hal.o
                                                  build/main.o
HAL_Init                                          build/stm32f1xx_hal.o
                                                  build/main.o
HAL_InitTick                                      build/stm32f1xx_hal_timebase_TIM.o
                                                  build/stm32f1xx_hal.o
                                                  build/stm32f1xx_hal_rcc.o
HAL_LIN_Init                                      build/stm32f1xx_hal_uart.o
HAL_LIN_SendBreak                                 build/stm32f1xx_hal_uart.o
HAL_MspDeInit                                     build/stm32f1xx_hal.o
HAL_MspInit                                       build/stm32f1xx_hal_msp.o
                                                  build/stm32f1xx_hal.o
HAL_MultiProcessor_EnterMuteMode                  build/stm32f1xx_hal_uart.o
HAL_MultiProcessor_ExitMuteMode                   build/stm32f1xx_hal_uart.o
HAL_MultiProcessor_Init                           build/stm32f1xx_hal_uart.o
HAL_NVIC_ClearPendingIRQ                          build/stm32f1xx_hal_cortex.o
HAL_NVIC_DisableIRQ                               build/stm32f1xx_hal_cortex.o
HAL_NVIC_EnableIRQ                                build/stm32f1xx_hal_cortex.o
                                                  build/stm32f1xx_hal_timebase_TIM.o
HAL_NVIC_GetActive                                build/stm32f1xx_hal_cortex.o
HAL_NVIC_GetPendingIRQ                            build/stm32f1xx_hal_cortex.o
HAL_NVIC_GetPriority                              build/stm32f1xx_hal_cortex.o
HAL_NVIC_GetPriorityGrouping                      build/stm32f1xx_hal_cortex.o
HAL_NVIC_SetPendingIRQ                            build/stm32f1xx_hal_cortex.o
HAL_NVIC_SetPriority                              build/stm32f1xx_hal_cortex.o
                                                  build/main.o
                                                  build/stm32f1xx_hal_msp.o
                                                  build/stm32f1xx_hal_timebase_TIM.o
                                                  build/stm32f1xx_hal.o
HAL_NVIC_SetPriorityGrouping                      build/stm32f1xx_hal_cortex.o
                                                  build/stm32f1xx_hal_msp.o
                                                  build/stm32f1xx_hal.o
HAL_NVIC_SystemReset                              build/stm32f1xx_hal_cortex.o
                                                  build/stm32f1xx_hal_flash.o
HAL_PWR_ConfigPVD                                 build/stm32f1xx_hal_pwr.o
HAL_PWR_DeInit                                    build/stm32f1xx_hal_pwr.o
HAL_PWR_DisableBkUpAccess                         build/stm32f1xx_hal_pwr.o
HAL_PWR_DisablePVD                                build/stm32f1xx_hal_pwr.o
HAL_PWR_DisableSEVOnPend                          build/stm32f1xx_hal_pwr.o
HAL_PWR_DisableSleepOnExit                        build/stm32f1xx_hal_pwr.o
HAL_PWR_DisableWakeUpPin                          build/stm32f1xx_hal_pwr.o
HAL_PWR_EnableBkUpAccess                          build/stm32f1xx_hal_pwr.o
HAL_PWR_EnablePVD                                 build/stm32f1xx_hal_pwr.o
HAL_PWR_EnableSEVOnPend                           build/stm32f1xx_hal_pwr.o
HAL_PWR_EnableSleepOnExit                         build/stm32f1xx_hal_pwr.o
HAL_PWR_EnableWakeUpPin                           build/stm32f1xx_hal_pwr.o
HAL_PWR_EnterSLEEPMode                            build/stm32f1xx_hal_pwr.o
HAL_PWR_EnterSTANDBYMode                          build/stm32f1xx_hal_pwr.o
HAL_PWR_EnterSTOPMode                             build/stm32f1xx_hal_pwr.o
HAL_PWR_PVDCallback                               build/stm32f1xx_hal_pwr.o
HAL_PWR_PVD_IRQHandler                            build/stm32f1xx_hal_pwr.o
HAL_RCCEx_GetPeriphCLKConfig                      build/stm32f1xx_hal_rcc_ex.o
HAL_RCCEx_GetPeriphCLKFreq                        build/stm32f1xx_hal_rcc_ex.o
HAL_RCCEx_PeriphCLKConfig                         build/stm32f1xx_hal_rcc_ex.o
HAL_RCC_CSSCallback                               build/stm32f1xx_hal_rcc.o
HAL_RCC_ClockConfig                               build/stm32f1xx_hal_rcc.o
                                                  build/main.o
HAL_RCC_DeInit                                    build/stm32f1xx_hal_rcc.o
HAL_RCC_DisableCSS                                build/stm32f1xx_hal_rcc.o
HAL_RCC_EnableCSS                                 build/stm32f1xx_hal_rcc.o
HAL_RCC_GetClockConfig                            build/stm32f1xx_hal_rcc.o
                                                  build/stm32f1xx_hal_timebase_TIM.o
HAL_RCC_GetHCLKFreq                               build/stm32f1xx_hal_rcc.o
                                                  build/main.o
HAL_RCC_GetOscConfig                              build/stm32f1xx_hal_rcc.o
HAL_RCC_GetPCLK1Freq                              build/stm32f1xx_hal_rcc.o
                                                  build/stm32f1xx_hal_uart.o
                                                  build/stm32f1xx_hal_timebase_TIM.o
HAL_RCC_GetPCLK2Freq                              build/stm32f1xx_hal_rcc.o
                                                  build/stm32f1xx_hal_uart.o
                                                  build/stm32f1xx_hal_rcc_ex.o
HAL_RCC_GetSysClockFreq                           build/stm32f1xx_hal_rcc.o
HAL_RCC_MCOConfig                                 build/stm32f1xx_hal_rcc.o
HAL_RCC_NMI_IRQHandler                            build/stm32f1xx_hal_rcc.o
HAL_RCC_OscConfig                                 build/stm32f1xx_hal_rcc.o
                                                  build/main.o
HAL_ResumeTick                                    build/stm32f1xx_hal_timebase_TIM.o
                                                  build/stm32f1xx_hal.o
HAL_SPI_Abort                                     build/stm32f1xx_hal_spi.o
HAL_SPI_AbortCpltCallback                         build/stm32f1xx_hal_spi.o
HAL_SPI_Abort_IT                                  build/stm32f1xx_hal_spi.o
HAL_SPI_DMAPause                                  build/stm32f1xx_hal_spi.o
HAL_SPI_DMAResume                                 build/stm32f1xx_hal_spi.o
HAL_SPI_DMAStop                                   build/stm32f1xx_hal_spi.o
HAL_SPI_DeInit                                    build/stm32f1xx_hal_spi.o
HAL_SPI_ErrorCallback                             build/stm32f1xx_hal_spi.o
HAL_SPI_GetError                                  build/stm32f1xx_hal_spi.o
HAL_SPI_GetState                                  build/stm32f1xx_hal_spi.o
HAL_SPI_IRQHandler                                build/stm32f1xx_hal_spi.o
HAL_SPI_Init                                      build/stm32f1xx_hal_spi_ex.o
                                                  build/stm32f1xx_hal_spi.o
                                                  build/main.o
HAL_SPI_MspDeInit                                 build/stm32f1xx_hal_msp.o
HAL_SPI_MspInit                                   build/stm32f1xx_hal_msp.o
                                                  build/stm32f1xx_hal_spi_ex.o
HAL_SPI_Receive                                   build/stm32f1xx_hal_spi.o
HAL_SPI_Receive_DMA                               build/stm32f1xx_hal_spi.o
HAL_SPI_Receive_IT                                build/stm32f1xx_hal_spi.o
HAL_SPI_RxCpltCallback                            build/stm32f1xx_hal_spi.o
HAL_SPI_RxHalfCpltCallback                        build/stm32f1xx_hal_spi.o
HAL_SPI_Transmit                                  build/stm32f1xx_hal_spi.o
HAL_SPI_TransmitReceive                           build/stm32f1xx_hal_spi.o
HAL_SPI_TransmitReceive_DMA                       build/stm32f1xx_hal_spi.o
HAL_SPI_TransmitReceive_IT                        build/stm32f1xx_hal_spi.o
HAL_SPI_Transmit_DMA                              build/stm32f1xx_hal_spi.o
HAL_SPI_Transmit_IT                               build/stm32f1xx_hal_spi.o
HAL_SPI_TxCpltCallback                            build/stm32f1xx_hal_spi.o
HAL_SPI_TxHalfCpltCallback                        build/stm32f1xx_hal_spi.o
HAL_SPI_TxRxCpltCallback                          build/stm32f1xx_hal_spi.o
HAL_SPI_TxRxHalfCpltCallback                      build/stm32f1xx_hal_spi.o
HAL_SYSTICK_CLKSourceConfig                       build/stm32f1xx_hal_cortex.o
                                                  build/main.o
HAL_SYSTICK_Callback                              build/stm32f1xx_hal_cortex.o
HAL_SYSTICK_Config                                build/stm32f1xx_hal_cortex.o
                                                  build/main.o
                                                  build/stm32f1xx_hal.o
HAL_SYSTICK_IRQHandler                            build/stm32f1xx_hal_cortex.o
HAL_SetTickFreq                                   build/stm32f1xx_hal.o
HAL_SuspendTick                                   build/stm32f1xx_hal_timebase_TIM.o
                                                  build/stm32f1xx_hal.o
HAL_TIMEx_BreakCallback                           build/stm32f1xx_hal_tim_ex.o
                                                  build/stm32f1xx_hal_tim.o
HAL_TIMEx_CommutationCallback                     build/stm32f1xx_hal_tim_ex.o
                                                  build/stm32f1xx_hal_tim.o
HAL_TIMEx_ConfigBreakDeadTime                     build/stm32f1xx_hal_tim_ex.o
HAL_TIMEx_ConfigCommutationEvent                  build/stm32f1xx_hal_tim_ex.o
HAL_TIMEx_ConfigCommutationEvent_DMA              build/stm32f1xx_hal_tim_ex.o
HAL_TIMEx_ConfigCommutationEvent_IT               build/stm32f1xx_hal_tim_ex.o
HAL_TIMEx_HallSensor_DeInit                       build/stm32f1xx_hal_tim_ex.o
HAL_TIMEx_HallSensor_GetState                     build/stm32f1xx_hal_tim_ex.o
HAL_TIMEx_HallSensor_Init                         build/stm32f1xx_hal_tim_ex.o
HAL_TIMEx_HallSensor_MspDeInit                    build/stm32f1xx_hal_tim_ex.o
HAL_TIMEx_HallSensor_MspInit                      build/stm32f1xx_hal_tim_ex.o
HAL_TIMEx_HallSensor_Start                        build/stm32f1xx_hal_tim_ex.o
HAL_TIMEx_HallSensor_Start_DMA                    build/stm32f1xx_hal_tim_ex.o
HAL_TIMEx_HallSensor_Start_IT                     build/stm32f1xx_hal_tim_ex.o
HAL_TIMEx_HallSensor_Stop                         build/stm32f1xx_hal_tim_ex.o
HAL_TIMEx_HallSensor_Stop_DMA                     build/stm32f1xx_hal_tim_ex.o
HAL_TIMEx_HallSensor_Stop_IT                      build/stm32f1xx_hal_tim_ex.o
HAL_TIMEx_MasterConfigSynchronization             build/stm32f1xx_hal_tim_ex.o
                                                  build/main.o
HAL_TIMEx_OCN_Start                               build/stm32f1xx_hal_tim_ex.o
HAL_TIMEx_OCN_Start_DMA                           build/stm32f1xx_hal_tim_ex.o
HAL_TIMEx_OCN_Start_IT                            build/stm32f1xx_hal_tim_ex.o
HAL_TIMEx_OCN_Stop                                build/stm32f1xx_hal_tim_ex.o
HAL_TIMEx_OCN_Stop_DMA                            build/stm32f1xx_hal_tim_ex.o
HAL_TIMEx_OCN_Stop_IT                             build/stm32f1xx_hal_tim_ex.o
HAL_TIMEx_OnePulseN_Start                         build/stm32f1xx_hal_tim_ex.o
HAL_TIMEx_OnePulseN_Start_IT                      build/stm32f1xx_hal_tim_ex.o
HAL_TIMEx_OnePulseN_Stop                          build/stm32f1xx_hal_tim_ex.o
HAL_TIMEx_OnePulseN_Stop_IT                       build/stm32f1xx_hal_tim_ex.o
HAL_TIMEx_PWMN_Start                              build/stm32f1xx_hal_tim_ex.o
HAL_TIMEx_PWMN_Start_DMA                          build/stm32f1xx_hal_tim_ex.o
HAL_TIMEx_PWMN_Start_IT                           build/stm32f1xx_hal_tim_ex.o
HAL_TIMEx_PWMN_Stop                               build/stm32f1xx_hal_tim_ex.o
HAL_TIMEx_PWMN_Stop_DMA                           build/stm32f1xx_hal_tim_ex.o
HAL_TIMEx_PWMN_Stop_IT                            build/stm32f1xx_hal_tim_ex.o
HAL_TIM_Base_DeInit                               build/stm32f1xx_hal_tim.o
HAL_TIM_Base_GetState                             build/stm32f1xx_hal_tim.o
HAL_TIM_Base_Init                                 build/stm32f1xx_hal_tim.o
                                                  build/stm32f1xx_hal_timebase_TIM.o
HAL_TIM_Base_MspDeInit                            build/stm32f1xx_hal_tim.o
HAL_TIM_Base_MspInit                              build/stm32f1xx_hal_tim.o
HAL_TIM_Base_Start                                build/stm32f1xx_hal_tim.o
HAL_TIM_Base_Start_DMA                            build/stm32f1xx_hal_tim.o
HAL_TIM_Base_Start_IT                             build/stm32f1xx_hal_tim.o
                                                  build/stm32f1xx_hal_timebase_TIM.o
HAL_TIM_Base_Stop                                 build/stm32f1xx_hal_tim.o
HAL_TIM_Base_Stop_DMA                             build/stm32f1xx_hal_tim.o
HAL_TIM_Base_Stop_IT                              build/stm32f1xx_hal_tim.o
HAL_TIM_ConfigClockSource                         build/stm32f1xx_hal_tim.o
HAL_TIM_ConfigOCrefClear                          build/stm32f1xx_hal_tim.o
HAL_TIM_ConfigTI1Input                            build/stm32f1xx_hal_tim.o
HAL_TIM_DMABurst_ReadStart                        build/stm32f1xx_hal_tim.o
HAL_TIM_DMABurst_ReadStop                         build/stm32f1xx_hal_tim.o
HAL_TIM_DMABurst_WriteStart                       build/stm32f1xx_hal_tim.o
HAL_TIM_DMABurst_WriteStop                        build/stm32f1xx_hal_tim.o
HAL_TIM_Encoder_DeInit                            build/stm32f1xx_hal_tim.o
HAL_TIM_Encoder_GetState                          build/stm32f1xx_hal_tim.o
HAL_TIM_Encoder_Init                              build/stm32f1xx_hal_tim.o
HAL_TIM_Encoder_MspDeInit                         build/stm32f1xx_hal_tim.o
HAL_TIM_Encoder_MspInit                           build/stm32f1xx_hal_tim.o
HAL_TIM_Encoder_Start                             build/stm32f1xx_hal_tim.o
HAL_TIM_Encoder_Start_DMA                         build/stm32f1xx_hal_tim.o
HAL_TIM_Encoder_Start_IT                          build/stm32f1xx_hal_tim.o
HAL_TIM_Encoder_Stop                              build/stm32f1xx_hal_tim.o
HAL_TIM_Encoder_Stop_DMA                          build/stm32f1xx_hal_tim.o
HAL_TIM_Encoder_Stop_IT                           build/stm32f1xx_hal_tim.o
HAL_TIM_ErrorCallback                             build/stm32f1xx_hal_tim.o
HAL_TIM_GenerateEvent                             build/stm32f1xx_hal_tim.o
HAL_TIM_IC_CaptureCallback                        build/stm32f1xx_hal_tim.o
HAL_TIM_IC_ConfigChannel                          build/stm32f1xx_hal_tim.o
                                                  build/main.o
HAL_TIM_IC_DeInit                                 build/stm32f1xx_hal_tim.o
HAL_TIM_IC_GetState                               build/stm32f1xx_hal_tim.o
HAL_TIM_IC_Init                                   build/stm32f1xx_hal_tim.o
                                                  build/main.o
HAL_TIM_IC_MspDeInit                              build/stm32f1xx_hal_msp.o
                                                  build/stm32f1xx_hal_tim.o
HAL_TIM_IC_MspInit                                build/stm32f1xx_hal_msp.o
                                                  build/stm32f1xx_hal_tim.o
HAL_TIM_IC_Start                                  build/stm32f1xx_hal_tim.o
                                                  build/main.o
HAL_TIM_IC_Start_DMA                              build/stm32f1xx_hal_tim.o
HAL_TIM_IC_Start_IT                               build/stm32f1xx_hal_tim.o
                                                  build/main.o
HAL_TIM_IC_Stop                                   build/stm32f1xx_hal_tim.o
HAL_TIM_IC_Stop_DMA                               build/stm32f1xx_hal_tim.o
HAL_TIM_IC_Stop_IT                                build/stm32f1xx_hal_tim.o
HAL_TIM_IRQHandler                                build/stm32f1xx_hal_tim.o
                                                  build/stm32f1xx_it.o
HAL_TIM_MspPostInit                               build/stm32f1xx_hal_msp.o
                                                  build/main.o
HAL_TIM_OC_ConfigChannel                          build/stm32f1xx_hal_tim.o
HAL_TIM_OC_DeInit                                 build/stm32f1xx_hal_tim.o
HAL_TIM_OC_DelayElapsedCallback                   build/stm32f1xx_hal_tim.o
HAL_TIM_OC_GetState                               build/stm32f1xx_hal_tim.o
HAL_TIM_OC_Init                                   build/stm32f1xx_hal_tim.o
HAL_TIM_OC_MspDeInit                              build/stm32f1xx_hal_tim.o
HAL_TIM_OC_MspInit                                build/stm32f1xx_hal_tim.o
HAL_TIM_OC_Start                                  build/stm32f1xx_hal_tim.o
HAL_TIM_OC_Start_DMA                              build/stm32f1xx_hal_tim.o
HAL_TIM_OC_Start_IT                               build/stm32f1xx_hal_tim.o
HAL_TIM_OC_Stop                                   build/stm32f1xx_hal_tim.o
HAL_TIM_OC_Stop_DMA                               build/stm32f1xx_hal_tim.o
HAL_TIM_OC_Stop_IT                                build/stm32f1xx_hal_tim.o
HAL_TIM_OnePulse_ConfigChannel                    build/stm32f1xx_hal_tim.o
HAL_TIM_OnePulse_DeInit                           build/stm32f1xx_hal_tim.o
HAL_TIM_OnePulse_GetState                         build/stm32f1xx_hal_tim.o
HAL_TIM_OnePulse_Init                             build/stm32f1xx_hal_tim.o
HAL_TIM_OnePulse_MspDeInit                        build/stm32f1xx_hal_tim.o
HAL_TIM_OnePulse_MspInit                          build/stm32f1xx_hal_tim.o
HAL_TIM_OnePulse_Start                            build/stm32f1xx_hal_tim.o
HAL_TIM_OnePulse_Start_IT                         build/stm32f1xx_hal_tim.o
HAL_TIM_OnePulse_Stop                             build/stm32f1xx_hal_tim.o
HAL_TIM_OnePulse_Stop_IT                          build/stm32f1xx_hal_tim.o
HAL_TIM_PWM_ConfigChannel                         build/stm32f1xx_hal_tim.o
                                                  build/main.o
HAL_TIM_PWM_DeInit                                build/stm32f1xx_hal_tim.o
HAL_TIM_PWM_GetState                              build/stm32f1xx_hal_tim.o
HAL_TIM_PWM_Init                                  build/stm32f1xx_hal_tim.o
                                                  build/main.o
HAL_TIM_PWM_MspDeInit                             build/stm32f1xx_hal_msp.o
                                                  build/stm32f1xx_hal_tim.o
HAL_TIM_PWM_MspInit                               build/stm32f1xx_hal_msp.o
                                                  build/stm32f1xx_hal_tim.o
HAL_TIM_PWM_PulseFinishedCallback                 build/stm32f1xx_hal_tim.o
HAL_TIM_PWM_Start                                 build/stm32f1xx_hal_tim.o
                                                  build/main.o
HAL_TIM_PWM_Start_DMA                             build/stm32f1xx_hal_tim.o
HAL_TIM_PWM_Start_IT                              build/stm32f1xx_hal_tim.o
HAL_TIM_PWM_Stop                                  build/stm32f1xx_hal_tim.o
HAL_TIM_PWM_Stop_DMA                              build/stm32f1xx_hal_tim.o
HAL_TIM_PWM_Stop_IT                               build/stm32f1xx_hal_tim.o
HAL_TIM_PeriodElapsedCallback                     build/main.o
                                                  build/stm32f1xx_hal_tim.o
HAL_TIM_ReadCapturedValue                         build/stm32f1xx_hal_tim.o
HAL_TIM_SlaveConfigSynchronization                build/stm32f1xx_hal_tim.o
                                                  build/main.o
HAL_TIM_SlaveConfigSynchronization_IT             build/stm32f1xx_hal_tim.o
HAL_TIM_TriggerCallback                           build/stm32f1xx_hal_tim.o
HAL_UART_Abort                                    build/stm32f1xx_hal_uart.o
HAL_UART_AbortCpltCallback                        build/stm32f1xx_hal_uart.o
HAL_UART_AbortReceive                             build/stm32f1xx_hal_uart.o
HAL_UART_AbortReceiveCpltCallback                 build/stm32f1xx_hal_uart.o
HAL_UART_AbortReceive_IT                          build/stm32f1xx_hal_uart.o
HAL_UART_AbortTransmit                            build/stm32f1xx_hal_uart.o
HAL_UART_AbortTransmitCpltCallback                build/stm32f1xx_hal_uart.o
HAL_UART_AbortTransmit_IT                         build/stm32f1xx_hal_uart.o
HAL_UART_Abort_IT                                 build/stm32f1xx_hal_uart.o
HAL_UART_DMAPause                                 build/stm32f1xx_hal_uart.o
HAL_UART_DMAResume                                build/stm32f1xx_hal_uart.o
HAL_UART_DMAStop                                  build/stm32f1xx_hal_uart.o
HAL_UART_DeInit                                   build/stm32f1xx_hal_uart.o
HAL_UART_ErrorCallback                            build/stm32f1xx_hal_uart.o
HAL_UART_GetError                                 build/stm32f1xx_hal_uart.o
HAL_UART_GetState                                 build/stm32f1xx_hal_uart.o
HAL_UART_IRQHandler                               build/stm32f1xx_hal_uart.o
HAL_UART_Init                                     build/stm32f1xx_hal_uart.o
                                                  build/main.o
HAL_UART_MspDeInit                                build/stm32f1xx_hal_msp.o
HAL_UART_MspInit                                  build/stm32f1xx_hal_msp.o
HAL_UART_Receive                                  build/stm32f1xx_hal_uart.o
HAL_UART_Receive_DMA                              build/stm32f1xx_hal_uart.o
HAL_UART_Receive_IT                               build/stm32f1xx_hal_uart.o
HAL_UART_RxCpltCallback                           build/stm32f1xx_hal_uart.o
HAL_UART_RxHalfCpltCallback                       build/stm32f1xx_hal_uart.o
HAL_UART_Transmit                                 build/stm32f1xx_hal_uart.o
                                                  build/main.o
HAL_UART_Transmit_DMA                             build/stm32f1xx_hal_uart.o
HAL_UART_Transmit_IT                              build/stm32f1xx_hal_uart.o
HAL_UART_TxCpltCallback                           build/stm32f1xx_hal_uart.o
HAL_UART_TxHalfCpltCallback                       build/stm32f1xx_hal_uart.o
HardFault_Handler                                 build/stm32f1xx_it.o
I2C1_ER_IRQHandler                                build/startup_stm32f103xb.o
I2C1_EV_IRQHandler                                build/startup_stm32f103xb.o
I2C2_ER_IRQHandler                                build/startup_stm32f103xb.o
I2C2_EV_IRQHandler                                build/startup_stm32f103xb.o
LUT                                               build/trig.o
MemManage_Handler                                 build/stm32f1xx_it.o
NMI_Handler                                       build/stm32f1xx_it.o
PVD_IRQHandler                                    build/startup_stm32f103xb.o
PendSV_Handler                                    build/port.o
RCC_IRQHandler                                    build/startup_stm32f103xb.o
RTC_Alarm_IRQHandler                              build/startup_stm32f103xb.o
RTC_IRQHandler                                    build/startup_stm32f103xb.o
Reset_Handler                                     build/startup_stm32f103xb.o
SPI1_IRQHandler                                   build/startup_stm32f103xb.o
SPI2_IRQHandler                                   build/startup_stm32f103xb.o
SPI_ISCRCErrorValid                               build/stm32f1xx_hal_spi.o
SVC_Handler                                       build/port.o
StartDefaultTask                                  build/main.o
SysTick_Handler                                   build/stm32f1xx_it.o
SystemClock_Config                                build/main.o
SystemCoreClock                                   build/system_stm32f1xx.o
                                                  build/stm32f1xx_hal_spi.o
                                                  build/port.o
                                                  build/stm32f1xx_hal_rcc.o
                                                  build/stm32f1xx_hal.o
SystemCoreClockUpdate                             build/system_stm32f1xx.o
SystemInit                                        build/system_stm32f1xx.o
                                                  build/startup_stm32f103xb.o
TAMPER_IRQHandler                                 build/startup_stm32f103xb.o
TIM1_BRK_IRQHandler                               build/startup_stm32f103xb.o
TIM1_CC_IRQHandler                                build/startup_stm32f103xb.o
TIM1_TRG_COM_IRQHandler                           build/startup_stm32f103xb.o
TIM1_UP_IRQHandler                                build/startup_stm32f103xb.o
TIM2_IRQHandler                                   build/startup_stm32f103xb.o
TIM3_IRQHandler                                   build/startup_stm32f103xb.o
TIM4_IRQHandler                                   build/stm32f1xx_it.o
TIMEx_DMACommutationCplt                          build/stm32f1xx_hal_tim_ex.o
                                                  build/stm32f1xx_hal_tim.o
TIM_Base_SetConfig                                build/stm32f1xx_hal_tim.o
                                                  build/stm32f1xx_hal_tim_ex.o
TIM_CCxChannelCmd                                 build/stm32f1xx_hal_tim.o
                                                  build/stm32f1xx_hal_tim_ex.o